73.44.199.53 - - [01/Jun/2020:15:49:10 +0000] "GET /blog/join-in-mongodb/?relatedposts=1 HTTP/1.1" 200 131 "https://www.techstuds.com/blog/join-in-mongodb/" "Mozilla/5.0 (Windows NT 10.0; Win64; x64) AppleWebKit/537.36 (KHTML, like Gecko) Chrome/83.0.4103.61 Safari/537.36"
41.27.243.218 - - [01/Jun/2020:06:26:49 +0000] "POST /blog/wp-cron.php?doing_wp_cron=1590992808.2818410396575927734375 HTTP/1.1" 200 0 "https://www./blog/wp-cron.php?doing_wp_cron=1590992808.2818410396575927734375" "WordPress/5.2.6; https://www.techstuds.com/blog"
46.229.168.161 - - [01/Jun/2020:06:26:49 +0000] "GET /blog/logstash-in-production/ HTTP/1.1" 200 11937 "-" "Mozilla/5.0 (compatible; SemrushBot/6~bl; +http://www.semrush.com/bot.html)"
188.66.213.123 - - [01/Jun/2020:06:27:04 +0000] "GET /blog/why-use-docker/ HTTP/1.1" 200 52822 "-" "FreeWebMonitoring SiteChecker/0.2 (+https://www.freewebmonitoring.com/bot.html)"
217.227.73.124 - - [01/Jun/2020:06:28:09 +0000] "HEAD /blog HTTP/1.1" 301 0 "-" "jetmon/1.0 (Jetpack Site Uptime Monitor by WordPress.com)"
217.227.73.124 - - [01/Jun/2020:06:28:09 +0000] "HEAD /blog HTTP/1.1" 301 0 "-" "jetmon/1.0 (Jetpack Site Uptime Monitor by WordPress.com)"
217.227.73.124 - - [01/Jun/2020:06:28:09 +0000] "HEAD /blog/ HTTP/1.1" 301 0 "-" "jetmon/1.0 (Jetpack Site Uptime Monitor by WordPress.com)"
69.5.90.115 - - [01/Jun/2020:06:34:32 +0000] "GET / HTTP/1.1" 200 1544 "https://www.google.com/" "Mozilla/5.0 (Linux; Android 6.0.1; Redmi Note 3) AppleWebKit/537.36 (KHTML, like Gecko) Chrome/81.0.4044.138 Mobile Safari/537.36"
69.5.90.115 - - [01/Jun/2020:06:34:33 +0000] "GET /test-script.js HTTP/1.1" 200 43 "https://www.techstuds.com/" "Mozilla/5.0 (Linux; Android 6.0.1; Redmi Note 3) AppleWebKit/537.36 (KHTML, like Gecko) Chrome/81.0.4044.138 Mobile Safari/537.36"
69.5.90.115 - - [01/Jun/2020:06:34:33 +0000] "GET /runtime.a66f828dca56eeb90e02.js HTTP/1.1" 200 1053 "https://www.techstuds.com/" "Mozilla/5.0 (Linux; Android 6.0.1; Redmi Note 3) AppleWebKit/537.36 (KHTML, like Gecko) Chrome/81.0.4044.138 Mobile Safari/537.36"
69.5.90.115 - - [01/Jun/2020:06:34:37 +0000] "GET /polyfills.628328a3d4c2c9239734.js HTTP/1.1" 200 106251 "https://www.techstuds.com/" "Mozilla/5.0 (Linux; Android 6.0.1; Redmi Note 3) AppleWebKit/537.36 (KHTML, like Gecko) Chrome/81.0.4044.138 Mobile Safari/537.36"
69.5.90.115 - - [01/Jun/2020:06:34:37 +0000] "GET /styles.56f037a1c22ad3071b1f.css HTTP/1.1" 200 245300 "https://www.techstuds.com/" "Mozilla/5.0 (Linux; Android 6.0.1; Redmi Note 3) AppleWebKit/537.36 (KHTML, like Gecko) Chrome/81.0.4044.138 Mobile Safari/537.36"
69.5.90.115 - - [01/Jun/2020:06:34:43 +0000] "GET /scripts.ffd8e1651b1a5b2f25af.js HTTP/1.1" 200 146891 "https://www.techstuds.com/" "Mozilla/5.0 (Linux; Android 6.0.1; Redmi Note 3) AppleWebKit/537.36 (KHTML, like Gecko) Chrome/81.0.4044.138 Mobile Safari/537.36"
69.5.90.115 - - [01/Jun/2020:06:34:48 +0000] "GET /vendor.5f7d9c1b415b843a5df3.js HTTP/1.1" 200 1074526 "https://www.techstuds.com/" "Mozilla/5.0 (Linux; Android 6.0.1; Redmi Note 3) AppleWebKit/537.36 (KHTML, like Gecko) Chrome/81.0.4044.138 Mobile Safari/537.36"
69.5.90.115 - - [01/Jun/2020:06:34:50 +0000] "GET /main.c78048f85133bacbe9b5.js HTTP/1.1" 200 328963 "https://www.techstuds.com/" "Mozilla/5.0 (Linux; Android 6.0.1; Redmi Note 3) AppleWebKit/537.36 (KHTML, like Gecko) Chrome/81.0.4044.138 Mobile Safari/537.36"
69.5.90.115 - - [01/Jun/2020:06:34:54 +0000] "GET /assets/img/logo-loader.gif HTTP/1.1" 200 32758 "https://www.techstuds.com/" "Mozilla/5.0 (Linux; Android 6.0.1; Redmi Note 3) AppleWebKit/537.36 (KHTML, like Gecko) Chrome/81.0.4044.138 Mobile Safari/537.36"
69.5.90.115 - - [01/Jun/2020:06:34:54 +0000] "GET /assets/img/what-do-aws.png HTTP/1.1" 200 5743 "https://www.techstuds.com/" "Mozilla/5.0 (Linux; Android 6.0.1; Redmi Note 3) AppleWebKit/537.36 (KHTML, like Gecko) Chrome/81.0.4044.138 Mobile Safari/537.36"
69.5.90.115 - - [01/Jun/2020:06:35:00 +0000] "GET /assets/img/cover-banner.jpg HTTP/1.1" 200 162362 "https://www.techstuds.com/" "Mozilla/5.0 (Linux; Android 6.0.1; Redmi Note 3) AppleWebKit/537.36 (KHTML, like Gecko) Chrome/81.0.4044.138 Mobile Safari/537.36"
69.5.90.115 - - [01/Jun/2020:06:35:04 +0000] "GET /assets/img/what-do-mongodb.png HTTP/1.1" 200 6677 "https://www.techstuds.com/" "Mozilla/5.0 (Linux; Android 6.0.1; Redmi Note 3) AppleWebKit/537.36 (KHTML, like Gecko) Chrome/81.0.4044.138 Mobile Safari/537.36"
69.5.90.115 - - [01/Jun/2020:06:35:09 +0000] "GET /assets/img/what-do-endtoend.png HTTP/1.1" 200 10255 "https://www.techstuds.com/" "Mozilla/5.0 (Linux; Android 6.0.1; Redmi Note 3) AppleWebKit/537.36 (KHTML, like Gecko) Chrome/81.0.4044.138 Mobile Safari/537.36"
69.5.90.115 - - [01/Jun/2020:06:35:10 +0000] "GET /assets/img/what-do-webdevelopment.png HTTP/1.1" 200 4333 "https://www.techstuds.com/" "Mozilla/5.0 (Linux; Android 6.0.1; Redmi Note 3) AppleWebKit/537.36 (KHTML, like Gecko) Chrome/81.0.4044.138 Mobile Safari/537.36"
69.5.90.115 - - [01/Jun/2020:06:35:11 +0000] "GET /assets/img/mithul.jpg HTTP/1.1" 200 22888 "https://www.techstuds.com/" "Mozilla/5.0 (Linux; Android 6.0.1; Redmi Note 3) AppleWebKit/537.36 (KHTML, like Gecko) Chrome/81.0.4044.138 Mobile Safari/537.36"
69.5.90.115 - - [01/Jun/2020:06:35:13 +0000] "GET /assets/img/henryjcoleman.jpg HTTP/1.1" 200 18580 "https://www.techstuds.com/" "Mozilla/5.0 (Linux; Android 6.0.1; Redmi Note 3) AppleWebKit/537.36 (KHTML, like Gecko) Chrome/81.0.4044.138 Mobile Safari/537.36"
69.5.90.115 - - [01/Jun/2020:06:35:13 +0000] "GET /assets/img/pradeep-rao.jpg HTTP/1.1" 200 6674 "https://www.techstuds.com/" "Mozilla/5.0 (Linux; Android 6.0.1; Redmi Note 3) AppleWebKit/537.36 (KHTML, like Gecko) Chrome/81.0.4044.138 Mobile Safari/537.36"
69.5.90.115 - - [01/Jun/2020:06:35:14 +0000] "GET /assets/img/joby-babu.jpg HTTP/1.1" 200 33897 "https://www.techstuds.com/" "Mozilla/5.0 (Linux; Android 6.0.1; Redmi Note 3) AppleWebKit/537.36 (KHTML, like Gecko) Chrome/81.0.4044.138 Mobile Safari/537.36"
69.5.90.115 - - [01/Jun/2020:06:35:14 +0000] "GET /assets/img/lawrence.jpg HTTP/1.1" 200 20539 "https://www.techstuds.com/" "Mozilla/5.0 (Linux; Android 6.0.1; Redmi Note 3) AppleWebKit/537.36 (KHTML, like Gecko) Chrome/81.0.4044.138 Mobile Safari/537.36"
69.5.90.115 - - [01/Jun/2020:06:35:14 +0000] "GET /assets/img/person-avatar.jpg HTTP/1.1" 200 28080 "https://www.techstuds.com/" "Mozilla/5.0 (Linux; Android 6.0.1; Redmi Note 3) AppleWebKit/537.36 (KHTML, like Gecko) Chrome/81.0.4044.138 Mobile Safari/537.36"
69.5.90.115 - - [01/Jun/2020:06:35:15 +0000] "GET /assets/img/icon-year.png HTTP/1.1" 200 2646 "https://www.techstuds.com/" "Mozilla/5.0 (Linux; Android 6.0.1; Redmi Note 3) AppleWebKit/537.36 (KHTML, like Gecko) Chrome/81.0.4044.138 Mobile Safari/537.36"
69.5.90.115 - - [01/Jun/2020:06:35:16 +0000] "GET /assets/img/icon-employee.png HTTP/1.1" 200 2775 "https://www.techstuds.com/" "Mozilla/5.0 (Linux; Android 6.0.1; Redmi Note 3) AppleWebKit/537.36 (KHTML, like Gecko) Chrome/81.0.4044.138 Mobile Safari/537.36"
69.5.90.115 - - [01/Jun/2020:06:35:18 +0000] "GET /assets/img/icon-projects.png HTTP/1.1" 200 2642 "https://www.techstuds.com/" "Mozilla/5.0 (Linux; Android 6.0.1; Redmi Note 3) AppleWebKit/537.36 (KHTML, like Gecko) Chrome/81.0.4044.138 Mobile Safari/537.36"
69.5.90.115 - - [01/Jun/2020:06:35:19 +0000] "GET /assets/img/what-do-mobailapp.png HTTP/1.1" 200 6539 "https://www.techstuds.com/" "Mozilla/5.0 (Linux; Android 6.0.1; Redmi Note 3) AppleWebKit/537.36 (KHTML, like Gecko) Chrome/81.0.4044.138 Mobile Safari/537.36"
69.5.90.115 - - [01/Jun/2020:06:35:20 +0000] "GET /assets/img/employees.jpg HTTP/1.1" 200 102723 "https://www.techstuds.com/" "Mozilla/5.0 (Linux; Android 6.0.1; Redmi Note 3) AppleWebKit/537.36 (KHTML, like Gecko) Chrome/81.0.4044.138 Mobile Safari/537.36"
69.5.90.115 - - [01/Jun/2020:06:35:23 +0000] "GET /assets/img/company.jpg HTTP/1.1" 200 67814 "https://www.techstuds.com/" "Mozilla/5.0 (Linux; Android 6.0.1; Redmi Note 3) AppleWebKit/537.36 (KHTML, like Gecko) Chrome/81.0.4044.138 Mobile Safari/537.36"
69.5.90.115 - - [01/Jun/2020:06:35:27 +0000] "GET /assets/img/projects.jpg HTTP/1.1" 200 67250 "https://www.techstuds.com/" "Mozilla/5.0 (Linux; Android 6.0.1; Redmi Note 3) AppleWebKit/537.36 (KHTML, like Gecko) Chrome/81.0.4044.138 Mobile Safari/537.36"
217.227.73.124 - - [01/Jun/2020:06:35:29 +0000] "HEAD /blog HTTP/1.1" 301 0 "-" "jetmon/1.0 (Jetpack Site Uptime Monitor by WordPress.com)"
217.227.73.124 - - [01/Jun/2020:06:35:29 +0000] "HEAD /blog HTTP/1.1" 301 0 "-" "jetmon/1.0 (Jetpack Site Uptime Monitor by WordPress.com)"
217.227.73.124 - - [01/Jun/2020:06:35:29 +0000] "HEAD /blog/ HTTP/1.1" 301 0 "-" "jetmon/1.0 (Jetpack Site Uptime Monitor by WordPress.com)"
69.5.90.115 - - [01/Jun/2020:06:35:35 +0000] "GET /assets/img/piergiorgio.jpg HTTP/1.1" 200 105336 "https://www.techstuds.com/" "Mozilla/5.0 (Linux; Android 6.0.1; Redmi Note 3) AppleWebKit/537.36 (KHTML, like Gecko) Chrome/81.0.4044.138 Mobile Safari/537.36"
69.5.90.115 - - [01/Jun/2020:06:35:36 +0000] "GET /assets/fonts/techstuds-logo.woff2 HTTP/1.1" 200 15956 "https://www.techstuds.com/styles.56f037a1c22ad3071b1f.css" "Mozilla/5.0 (Linux; Android 6.0.1; Redmi Note 3) AppleWebKit/537.36 (KHTML, like Gecko) Chrome/81.0.4044.138 Mobile Safari/537.36"
69.5.90.115 - - [01/Jun/2020:06:36:01 +0000] "GET /assets/img/what-do-bigdata.png HTTP/1.1" 200 4354 "https://www.techstuds.com/" "Mozilla/5.0 (Linux; Android 6.0.1; Redmi Note 3) AppleWebKit/537.36 (KHTML, like Gecko) Chrome/81.0.4044.138 Mobile Safari/537.36"
69.5.90.115 - - [01/Jun/2020:06:36:24 +0000] "GET /assets/fonts/techstuds-tagline.woff2 HTTP/1.1" 200 19264 "https://www.techstuds.com/styles.56f037a1c22ad3071b1f.css" "Mozilla/5.0 (Linux; Android 6.0.1; Redmi Note 3) AppleWebKit/537.36 (KHTML, like Gecko) Chrome/81.0.4044.138 Mobile Safari/537.36"
69.5.90.115 - - [01/Jun/2020:06:36:25 +0000] "GET /favicon.ico HTTP/1.1" 200 1740 "https://www.techstuds.com/" "Mozilla/5.0 (Linux; Android 6.0.1; Redmi Note 3) AppleWebKit/537.36 (KHTML, like Gecko) Chrome/81.0.4044.138 Mobile Safari/537.36"
69.5.90.115 - - [01/Jun/2020:06:37:14 +0000] "GET /favicon.ico HTTP/1.1" 304 0 "https://www.techstuds.com/career" "Mozilla/5.0 (Linux; Android 6.0.1; Redmi Note 3) AppleWebKit/537.36 (KHTML, like Gecko) Chrome/81.0.4044.138 Mobile Safari/537.36"
69.5.90.115 - - [01/Jun/2020:06:37:14 +0000] "GET /assets/fonts/techstuds-tagline.woff2 HTTP/1.1" 304 0 "https://www.techstuds.com/" "Mozilla/5.0 (Linux; Android 6.0.1; Redmi Note 3) AppleWebKit/537.36 (KHTML, like Gecko) Chrome/81.0.4044.138 Mobile Safari/537.36"
techstuds.com - - [01/Jun/2020:06:37:14 +0000] "GET /assets/fonts/techstuds-logo.woff2 HTTP/1.1" 304 0 "https://www.techstuds.com/" "Mozilla/5.0 (Linux; Android 6.0.1; Redmi Note 3) AppleWebKit/537.36 (KHTML, like Gecko) Chrome/81.0.4044.138 Mobile Safari/537.36"
217.227.73.124 - - [01/Jun/2020:06:44:04 +0000] "HEAD /blog HTTP/1.1" 301 0 "-" "jetmon/1.0 (Jetpack Site Uptime Monitor by WordPress.com)"
217.227.73.124 - - [01/Jun/2020:06:44:04 +0000] "HEAD /blog HTTP/1.1" 301 0 "-" "jetmon/1.0 (Jetpack Site Uptime Monitor by WordPress.com)"
217.227.73.124 - - [01/Jun/2020:06:44:04 +0000] "HEAD /blog/ HTTP/1.1" 301 0 "-" "jetmon/1.0 (Jetpack Site Uptime Monitor by WordPress.com)"
217.227.73.124 - - [01/Jun/2020:06:51:16 +0000] "HEAD /blog HTTP/1.1" 301 0 "-" "jetmon/1.0 (Jetpack Site Uptime Monitor by WordPress.com)"
217.227.73.124 - - [01/Jun/2020:06:51:16 +0000] "HEAD /blog HTTP/1.1" 301 0 "-" "jetmon/1.0 (Jetpack Site Uptime Monitor by WordPress.com)"
217.227.73.124 - - [01/Jun/2020:06:51:16 +0000] "HEAD /blog/ HTTP/1.1" 301 0 "-" "jetmon/1.0 (Jetpack Site Uptime Monitor by WordPress.com)"
217.227.73.124 - - [01/Jun/2020:06:59:23 +0000] "HEAD /blog HTTP/1.1" 301 0 "-" "jetmon/1.0 (Jetpack Site Uptime Monitor by WordPress.com)"
217.227.73.124 - - [01/Jun/2020:06:59:23 +0000] "HEAD /blog HTTP/1.1" 301 0 "-" "jetmon/1.0 (Jetpack Site Uptime Monitor by WordPress.com)"
217.227.73.124 - - [01/Jun/2020:06:59:23 +0000] "HEAD /blog/ HTTP/1.1" 301 0 "-" "jetmon/1.0 (Jetpack Site Uptime Monitor by WordPress.com)"
66.249.72.28 - - [01/Jun/2020:07:03:17 +0000] "GET /news-sitemap.xml HTTP/1.1" 200 1544 "-" "Mozilla/5.0 (compatible; Googlebot/2.1; +http://www.google.com/bot.html)"
54.36.148.172 - - [01/Jun/2020:07:03:59 +0000] "GET / HTTP/1.1" 200 1544 "-" "Mozilla/5.0 (compatible; AhrefsBot/6.1; +http://ahrefs.com/robot/)"
89.19.2.81 - - [01/Jun/2020:07:03:59 +0000] "GET / HTTP/1.1" 200 1544 "-" "Mozilla/5.0 (compatible; AhrefsBot/6.1; +http://ahrefs.com/robot/)"
89.19.2.81 - - [01/Jun/2020:07:03:59 +0000] "GET /styles.56f037a1c22ad3071b1f.css HTTP/1.1" 200 245300 "-" "Mozilla/5.0 (compatible; AhrefsBot/6.1; +http://ahrefs.com/robot/)"
89.19.2.81 - - [01/Jun/2020:07:03:59 +0000] "GET /test-script.js HTTP/1.1" 200 43 "-" "Mozilla/5.0 (compatible; AhrefsBot/6.1; +http://ahrefs.com/robot/)"
89.19.2.81 - - [01/Jun/2020:07:03:59 +0000] "GET /runtime.a66f828dca56eeb90e02.js HTTP/1.1" 200 1053 "-" "Mozilla/5.0 (compatible; AhrefsBot/6.1; +http://ahrefs.com/robot/)"
89.19.2.81 - - [01/Jun/2020:07:03:59 +0000] "GET /polyfills.628328a3d4c2c9239734.js HTTP/1.1" 200 106251 "-" "Mozilla/5.0 (compatible; AhrefsBot/6.1; +http://ahrefs.com/robot/)"
89.19.2.81 - - [01/Jun/2020:07:04:00 +0000] "GET /main.c78048f85133bacbe9b5.js HTTP/1.1" 200 328963 "-" "Mozilla/5.0 (compatible; AhrefsBot/6.1; +http://ahrefs.com/robot/)"
89.19.2.81 - - [01/Jun/2020:07:04:00 +0000] "GET /scripts.ffd8e1651b1a5b2f25af.js HTTP/1.1" 200 146891 "-" "Mozilla/5.0 (compatible; AhrefsBot/6.1; +http://ahrefs.com/robot/)"
89.19.2.81 - - [01/Jun/2020:07:04:00 +0000] "GET /vendor.5f7d9c1b415b843a5df3.js HTTP/1.1" 200 1074526 "-" "Mozilla/5.0 (compatible; AhrefsBot/6.1; +http://ahrefs.com/robot/)"
89.19.2.81 - - [01/Jun/2020:07:04:00 +0000] "GET /assets/fonts/techstuds-tagline.woff2 HTTP/1.1" 200 19264 "-" "Mozilla/5.0 (compatible; AhrefsBot/6.1; +http://ahrefs.com/robot/)"
89.19.2.81 - - [01/Jun/2020:07:04:00 +0000] "GET /assets/fonts/techstuds-logo.woff2 HTTP/1.1" 200 15956 "-" "Mozilla/5.0 (compatible; AhrefsBot/6.1; +http://ahrefs.com/robot/)"
66.249.84.92 - - [01/Jun/2020:07:06:04 +0000] "GET /techstuds-logo.png HTTP/1.1" 200 1544 "-" "Mozilla/5.0 (Windows NT 5.1; rv:11.0) Gecko Firefox/11.0 (via ggpht.com GoogleImageProxy)"
217.227.73.124 - - [01/Jun/2020:07:06:34 +0000] "HEAD /blog HTTP/1.1" 301 0 "-" "jetmon/1.0 (Jetpack Site Uptime Monitor by WordPress.com)"
217.227.73.124 - - [01/Jun/2020:07:06:34 +0000] "HEAD /blog HTTP/1.1" 301 0 "-" "jetmon/1.0 (Jetpack Site Uptime Monitor by WordPress.com)"
217.227.73.124 - - [01/Jun/2020:07:06:34 +0000] "HEAD /blog/ HTTP/1.1" 301 0 "-" "jetmon/1.0 (Jetpack Site Uptime Monitor by WordPress.com)"
217.227.73.124 - - [01/Jun/2020:07:15:04 +0000] "HEAD /blog HTTP/1.1" 301 0 "-" "jetmon/1.0 (Jetpack Site Uptime Monitor by WordPress.com)"
217.227.73.124 - - [01/Jun/2020:07:15:04 +0000] "HEAD /blog HTTP/1.1" 301 0 "-" "jetmon/1.0 (Jetpack Site Uptime Monitor by WordPress.com)"
217.227.73.124 - - [01/Jun/2020:07:15:05 +0000] "HEAD /blog/ HTTP/1.1" 301 0 "-" "jetmon/1.0 (Jetpack Site Uptime Monitor by WordPress.com)"
66.249.72.25 - - [01/Jun/2020:07:16:16 +0000] "GET /robots.txt HTTP/1.1" 301 194 "-" "Mozilla/5.0 (compatible; Googlebot/2.1; +http://www.google.com/bot.html)"
66.249.72.28 - - [01/Jun/2020:07:16:17 +0000] "GET /robots.txt HTTP/1.1" 200 131 "-" "Mozilla/5.0 (compatible; Googlebot/2.1; +http://www.google.com/bot.html)"
66.249.72.23 - - [01/Jun/2020:07:16:17 +0000] "GET /privacy-policy.html HTTP/1.1" 301 194 "-" "Mozilla/5.0 (Linux; Android 6.0.1; Nexus 5X Build/MMB29P) AppleWebKit/537.36 (KHTML, like Gecko) Chrome/80.0.3987.92 Mobile Safari/537.36 (compatible; Googlebot/2.1; +http://www.google.com/bot.html)"
66.249.72.28 - - [01/Jun/2020:07:16:18 +0000] "GET /privacy-policy.html HTTP/1.1" 200 1544 "-" "Mozilla/5.0 (Linux; Android 6.0.1; Nexus 5X Build/MMB29P) AppleWebKit/537.36 (KHTML, like Gecko) Chrome/80.0.3987.92 Mobile Safari/537.36 (compatible; Googlebot/2.1; +http://www.google.com/bot.html)"
46.229.168.137 - - [01/Jun/2020:07:19:35 +0000] "GET /robots.txt HTTP/1.1" 200 131 "-" "Mozilla/5.0 (compatible; SemrushBot/6~bl; +http://www.semrush.com/bot.html)"
41.27.243.218 - - [01/Jun/2020:07:19:36 +0000] "POST /blog/wp-cron.php?doing_wp_cron=1590995976.1873319149017333984375 HTTP/1.1" 200 0 "https://www.techstuds.com/blog/wp-cron.php?doing_wp_cron=1590995976.1873319149017333984375" "WordPress/5.2.6; https://www.techstuds.com/blog"
46.229.168.139 - - [01/Jun/2020:07:19:36 +0000] "GET /blog/tag/access-logs/ HTTP/1.1" 200 6150 "-" "Mozilla/5.0 (compatible; SemrushBot/6~bl; +http://www.semrush.com/bot.html)"
41.27.243.218 - - [01/Jun/2020:07:22:27 +0000] "POST /blog/wp-cron.php?doing_wp_cron=1590996147.2777700424194335937500 HTTP/1.1" 200 0 "https://www.techstuds.com/blog/wp-cron.php?doing_wp_cron=1590996147.2777700424194335937500" "WordPress/5.2.6; https://www.techstuds.com/blog"
46.229.168.151 - - [01/Jun/2020:07:22:27 +0000] "GET /blog/category/reactjs/ HTTP/1.1" 200 6667 "-" "Mozilla/5.0 (compatible; SemrushBot/6~bl; +http://www.semrush.com/bot.html)"
217.227.73.124 - - [01/Jun/2020:07:22:34 +0000] "HEAD /blog HTTP/1.1" 301 0 "-" "jetmon/1.0 (Jetpack Site Uptime Monitor by WordPress.com)"
217.227.73.124 - - [01/Jun/2020:07:22:34 +0000] "HEAD /blog HTTP/1.1" 301 0 "-" "jetmon/1.0 (Jetpack Site Uptime Monitor by WordPress.com)"
217.227.73.124 - - [01/Jun/2020:07:22:34 +0000] "HEAD /blog/ HTTP/1.1" 301 0 "-" "jetmon/1.0 (Jetpack Site Uptime Monitor by WordPress.com)"
93.175.238.121 - - [01/Jun/2020:07:24:23 +0000] "GET /blog/wp-content/uploads/2018/01/AAEAAQAAAAAAAAmCAAAAJDA3ZjczZjQ1LTA0ZTUtNGY2ZC1iMWE0LTQwZjEwODViYTE0Ng.jpg HTTP/1.1" 200 33216 "https://www.google.com/" "Mozilla/5.0 (Windows NT 10.0; Win64; x64) AppleWebKit/537.36 (KHTML, like Gecko) Chrome/83.0.4103.61 Safari/537.36"
103.53.109.34 - - [01/Jun/2020:07:27:06 +0000] "GET / HTTP/1.1" 301 194 "-" "Mozilla/5.0 (Windows NT 10.0; WOW64) AppleWebKit/537.36 (KHTML, like Gecko) Chrome/51.0.2704.103 Safari/537.36"
46.229.168.134 - - [01/Jun/2020:07:29:12 +0000] "GET /approach HTTP/1.1" 200 1544 "-" "Mozilla/5.0 (compatible; SemrushBot/6~bl; +http://www.semrush.com/bot.html)"
41.27.243.218 - - [01/Jun/2020:07:30:26 +0000] "POST /blog/wp-cron.php?doing_wp_cron=1590996625.5508980751037597656250 HTTP/1.1" 200 0 "https://www.techstuds.com/blog/wp-cron.php?doing_wp_cron=1590996625.5508980751037597656250" "WordPress/5.2.6; https://www.techstuds.com/blog"
188.66.213.123 - - [01/Jun/2020:07:30:26 +0000] "GET /blog/why-use-docker/ HTTP/1.1" 200 52822 "-" "FreeWebMonitoring SiteChecker/0.2 (+https://www.freewebmonitoring.com/bot.html)"
217.227.73.124 - - [01/Jun/2020:07:30:42 +0000] "HEAD /blog HTTP/1.1" 301 0 "-" "jetmon/1.0 (Jetpack Site Uptime Monitor by WordPress.com)"
217.227.73.124 - - [01/Jun/2020:07:30:42 +0000] "HEAD /blog HTTP/1.1" 301 0 "-" "jetmon/1.0 (Jetpack Site Uptime Monitor by WordPress.com)"
217.227.73.124 - - [01/Jun/2020:07:30:42 +0000] "HEAD /blog/ HTTP/1.1" 301 0 "-" "jetmon/1.0 (Jetpack Site Uptime Monitor by WordPress.com)"
217.227.73.124 - - [01/Jun/2020:07:38:34 +0000] "HEAD /blog HTTP/1.1" 301 0 "-" "jetmon/1.0 (Jetpack Site Uptime Monitor by WordPress.com)"
217.227.73.124 - - [01/Jun/2020:07:38:34 +0000] "HEAD /blog HTTP/1.1" 301 0 "-" "jetmon/1.0 (Jetpack Site Uptime Monitor by WordPress.com)"
217.227.73.124 - - [01/Jun/2020:07:38:34 +0000] "HEAD /blog/ HTTP/1.1" 301 0 "-" "jetmon/1.0 (Jetpack Site Uptime Monitor by WordPress.com)"
217.227.73.124 - - [01/Jun/2020:07:46:25 +0000] "HEAD /blog HTTP/1.1" 301 0 "-" "jetmon/1.0 (Jetpack Site Uptime Monitor by WordPress.com)"
217.227.73.124 - - [01/Jun/2020:07:46:25 +0000] "HEAD /blog HTTP/1.1" 301 0 "-" "jetmon/1.0 (Jetpack Site Uptime Monitor by WordPress.com)"
217.227.73.124 - - [01/Jun/2020:07:46:25 +0000] "HEAD /blog/ HTTP/1.1" 301 0 "-" "jetmon/1.0 (Jetpack Site Uptime Monitor by WordPress.com)"
50.53.22.200 - - [01/Jun/2020:07:48:11 +0000] "GET / HTTP/1.1" 301 194 "-" "-"
89.29.118.203 - - [01/Jun/2020:07:50:37 +0000] "GET / HTTP/1.1" 301 194 "-" "Mozilla/5.0 (Windows NT 10.0; WOW64) AppleWebKit/537.36 (KHTML, like Gecko) Chrome/52.0.2743.116 Safari/537.36"
41.27.243.218 - - [01/Jun/2020:07:51:06 +0000] "POST /blog/wp-cron.php?doing_wp_cron=1590997866.0535120964050292968750 HTTP/1.1" 200 0 "https://www.techstuds.com/blog/wp-cron.php?doing_wp_cron=1590997866.0535120964050292968750" "WordPress/5.2.6; https://www.techstuds.com/blog"
46.229.168.152 - - [01/Jun/2020:07:51:06 +0000] "GET /blog/tag/reactive-architecture/ HTTP/1.1" 200 6097 "-" "Mozilla/5.0 (compatible; SemrushBot/6~bl; +http://www.semrush.com/bot.html)"
217.227.73.124 - - [01/Jun/2020:07:54:38 +0000] "HEAD /blog HTTP/1.1" 301 0 "-" "jetmon/1.0 (Jetpack Site Uptime Monitor by WordPress.com)"
217.227.73.124 - - [01/Jun/2020:07:54:38 +0000] "HEAD /blog HTTP/1.1" 301 0 "-" "jetmon/1.0 (Jetpack Site Uptime Monitor by WordPress.com)"
217.227.73.124 - - [01/Jun/2020:07:54:38 +0000] "HEAD /blog/ HTTP/1.1" 301 0 "-" "jetmon/1.0 (Jetpack Site Uptime Monitor by WordPress.com)"
41.27.243.218 - - [01/Jun/2020:07:55:10 +0000] "POST /blog/wp-cron.php?doing_wp_cron=1590998109.8507471084594726562500 HTTP/1.1" 200 0 "https://www.techstuds.com/blog/wp-cron.php?doing_wp_cron=1590998109.8507471084594726562500" "WordPress/5.2.6; https://www.techstuds.com/blog"
66.249.72.30 - - [01/Jun/2020:07:55:10 +0000] "GET /blog/mongodb-favourites-implementation/ HTTP/1.1" 200 10824 "-" "Mozilla/5.0 (Linux; Android 6.0.1; Nexus 5X Build/MMB29P) AppleWebKit/537.36 (KHTML, like Gecko) Chrome/80.0.3987.92 Mobile Safari/537.36 (compatible; Googlebot/2.1; +http://www.google.com/bot.html)"
150.147.222.89 - - [01/Jun/2020:07:56:36 +0000] "GET /blog/wp-content/uploads/2018/02/vuejs.png HTTP/1.1" 200 1765550 "https://www.ayokasystems.com/vue-consultant/" "Mozilla/5.0 (Windows NT 10.0; Win64; x64) AppleWebKit/537.36 (KHTML, like Gecko) Chrome/83.0.4103.61 Safari/537.36"
66.249.69.229 - - [01/Jun/2020:07:57:33 +0000] "GET /assets/images/logos/techstuds.png HTTP/1.1" 301 194 "-" "Mozilla/5.0 (compatible; Googlebot/2.1; +http://www.google.com/bot.html)"
66.249.69.240 - - [01/Jun/2020:07:57:34 +0000] "GET /assets/images/logos/techstuds.png HTTP/1.1" 200 1544 "-" "Mozilla/5.0 (compatible; Googlebot/2.1; +http://www.google.com/bot.html)"
217.227.73.124 - - [01/Jun/2020:08:02:12 +0000] "HEAD /blog HTTP/1.1" 301 0 "-" "jetmon/1.0 (Jetpack Site Uptime Monitor by WordPress.com)"
217.227.73.124 - - [01/Jun/2020:08:02:12 +0000] "HEAD /blog HTTP/1.1" 301 0 "-" "jetmon/1.0 (Jetpack Site Uptime Monitor by WordPress.com)"
217.227.73.124 - - [01/Jun/2020:08:02:12 +0000] "HEAD /blog/ HTTP/1.1" 301 0 "-" "jetmon/1.0 (Jetpack Site Uptime Monitor by WordPress.com)"
217.227.73.124 - - [01/Jun/2020:08:09:44 +0000] "HEAD /blog HTTP/1.1" 301 0 "-" "jetmon/1.0 (Jetpack Site Uptime Monitor by WordPress.com)"
217.227.73.124 - - [01/Jun/2020:08:09:44 +0000] "HEAD /blog HTTP/1.1" 301 0 "-" "jetmon/1.0 (Jetpack Site Uptime Monitor by WordPress.com)"
217.227.73.124 - - [01/Jun/2020:08:09:44 +0000] "HEAD /blog/ HTTP/1.1" 301 0 "-" "jetmon/1.0 (Jetpack Site Uptime Monitor by WordPress.com)"
49.206.215.109 - - [01/Jun/2020:08:10:33 +0000] "GET / HTTP/1.1" 200 1544 "https://www.google.com/url?sa=D&q=https%3A%2F%2Fwww.techstuds.com%2F" "Mozilla/5.0 (X11; CrOS x86_64 12871.102.0) AppleWebKit/537.36 (KHTML, like Gecko) Chrome/81.0.4044.141 Safari/537.36"
49.206.215.109 - - [01/Jun/2020:08:10:34 +0000] "GET /runtime.a66f828dca56eeb90e02.js HTTP/1.1" 200 1053 "https://www.techstuds.com/" "Mozilla/5.0 (X11; CrOS x86_64 12871.102.0) AppleWebKit/537.36 (KHTML, like Gecko) Chrome/81.0.4044.141 Safari/537.36"
49.206.215.109 - - [01/Jun/2020:08:10:34 +0000] "GET /test-script.js HTTP/1.1" 200 43 "https://www.techstuds.com/" "Mozilla/5.0 (X11; CrOS x86_64 12871.102.0) AppleWebKit/537.36 (KHTML, like Gecko) Chrome/81.0.4044.141 Safari/537.36"
49.206.215.109 - - [01/Jun/2020:08:10:34 +0000] "GET /styles.56f037a1c22ad3071b1f.css HTTP/1.1" 200 245300 "https://www.techstuds.com/" "Mozilla/5.0 (X11; CrOS x86_64 12871.102.0) AppleWebKit/537.36 (KHTML, like Gecko) Chrome/81.0.4044.141 Safari/537.36"
49.206.215.109 - - [01/Jun/2020:08:10:34 +0000] "GET /scripts.ffd8e1651b1a5b2f25af.js HTTP/1.1" 200 146891 "https://www.techstuds.com/" "Mozilla/5.0 (X11; CrOS x86_64 12871.102.0) AppleWebKit/537.36 (KHTML, like Gecko) Chrome/81.0.4044.141 Safari/537.36"
49.206.215.109 - - [01/Jun/2020:08:10:34 +0000] "GET /polyfills.628328a3d4c2c9239734.js HTTP/1.1" 200 106251 "https://www.techstuds.com/" "Mozilla/5.0 (X11; CrOS x86_64 12871.102.0) AppleWebKit/537.36 (KHTML, like Gecko) Chrome/81.0.4044.141 Safari/537.36"
49.206.215.109 - - [01/Jun/2020:08:10:36 +0000] "GET /main.c78048f85133bacbe9b5.js HTTP/1.1" 200 328963 "https://www.techstuds.com/" "Mozilla/5.0 (X11; CrOS x86_64 12871.102.0) AppleWebKit/537.36 (KHTML, like Gecko) Chrome/81.0.4044.141 Safari/537.36"
49.206.215.109 - - [01/Jun/2020:08:10:39 +0000] "GET /vendor.5f7d9c1b415b843a5df3.js HTTP/1.1" 200 1074526 "https://www.techstuds.com/" "Mozilla/5.0 (X11; CrOS x86_64 12871.102.0) AppleWebKit/537.36 (KHTML, like Gecko) Chrome/81.0.4044.141 Safari/537.36"
49.206.215.109 - - [01/Jun/2020:08:10:40 +0000] "GET /assets/img/logo-loader.gif HTTP/1.1" 200 32758 "https://www.techstuds.com/" "Mozilla/5.0 (X11; CrOS x86_64 12871.102.0) AppleWebKit/537.36 (KHTML, like Gecko) Chrome/81.0.4044.141 Safari/537.36"
49.206.215.109 - - [01/Jun/2020:08:10:40 +0000] "GET /assets/img/what-do-aws.png HTTP/1.1" 200 5743 "https://www.techstuds.com/" "Mozilla/5.0 (X11; CrOS x86_64 12871.102.0) AppleWebKit/537.36 (KHTML, like Gecko) Chrome/81.0.4044.141 Safari/537.36"
49.206.215.109 - - [01/Jun/2020:08:10:40 +0000] "GET /assets/img/what-do-mongodb.png HTTP/1.1" 200 6677 "https://www.techstuds.com/" "Mozilla/5.0 (X11; CrOS x86_64 12871.102.0) AppleWebKit/537.36 (KHTML, like Gecko) Chrome/81.0.4044.141 Safari/537.36"
49.206.215.109 - - [01/Jun/2020:08:10:40 +0000] "GET /assets/img/what-do-webdevelopment.png HTTP/1.1" 200 4333 "https://www.techstuds.com/" "Mozilla/5.0 (X11; CrOS x86_64 12871.102.0) AppleWebKit/537.36 (KHTML, like Gecko) Chrome/81.0.4044.141 Safari/537.36"
49.206.215.109 - - [01/Jun/2020:08:10:40 +0000] "GET /assets/img/what-do-endtoend.png HTTP/1.1" 200 10255 "https://www.techstuds.com/" "Mozilla/5.0 (X11; CrOS x86_64 12871.102.0) AppleWebKit/537.36 (KHTML, like Gecko) Chrome/81.0.4044.141 Safari/537.36"
49.206.215.109 - - [01/Jun/2020:08:10:40 +0000] "GET /assets/img/cover-banner.jpg HTTP/1.1" 200 162362 "https://www.techstuds.com/" "Mozilla/5.0 (X11; CrOS x86_64 12871.102.0) AppleWebKit/537.36 (KHTML, like Gecko) Chrome/81.0.4044.141 Safari/537.36"
49.206.215.109 - - [01/Jun/2020:08:10:40 +0000] "GET /assets/img/what-do-bigdata.png HTTP/1.1" 200 4354 "https://www.techstuds.com/" "Mozilla/5.0 (X11; CrOS x86_64 12871.102.0) AppleWebKit/537.36 (KHTML, like Gecko) Chrome/81.0.4044.141 Safari/537.36"
49.206.215.109 - - [01/Jun/2020:08:10:40 +0000] "GET /assets/img/what-do-mobailapp.png HTTP/1.1" 200 6539 "https://www.techstuds.com/" "Mozilla/5.0 (X11; CrOS x86_64 12871.102.0) AppleWebKit/537.36 (KHTML, like Gecko) Chrome/81.0.4044.141 Safari/537.36"
49.206.215.109 - - [01/Jun/2020:08:10:40 +0000] "GET /assets/img/henryjcoleman.jpg HTTP/1.1" 200 18580 "https://www.techstuds.com/" "Mozilla/5.0 (X11; CrOS x86_64 12871.102.0) AppleWebKit/537.36 (KHTML, like Gecko) Chrome/81.0.4044.141 Safari/537.36"
49.206.215.109 - - [01/Jun/2020:08:10:41 +0000] "GET /assets/fonts/techstuds-logo.woff2 HTTP/1.1" 200 15956 "https://www.techstuds.com/styles.56f037a1c22ad3071b1f.css" "Mozilla/5.0 (X11; CrOS x86_64 12871.102.0) AppleWebKit/537.36 (KHTML, like Gecko) Chrome/81.0.4044.141 Safari/537.36"
49.206.215.109 - - [01/Jun/2020:08:10:41 +0000] "GET /assets/fonts/techstuds-tagline.woff2 HTTP/1.1" 200 19264 "https://www.techstuds.com/styles.56f037a1c22ad3071b1f.css" "Mozilla/5.0 (X11; CrOS x86_64 12871.102.0) AppleWebKit/537.36 (KHTML, like Gecko) Chrome/81.0.4044.141 Safari/537.36"
49.206.215.109 - - [01/Jun/2020:08:10:41 +0000] "GET /assets/img/piergiorgio.jpg HTTP/1.1" 200 105336 "https://www.techstuds.com/" "Mozilla/5.0 (X11; CrOS x86_64 12871.102.0) AppleWebKit/537.36 (KHTML, like Gecko) Chrome/81.0.4044.141 Safari/537.36"
49.206.215.109 - - [01/Jun/2020:08:10:41 +0000] "GET /assets/img/mithul.jpg HTTP/1.1" 200 22888 "https://www.techstuds.com/" "Mozilla/5.0 (X11; CrOS x86_64 12871.102.0) AppleWebKit/537.36 (KHTML, like Gecko) Chrome/81.0.4044.141 Safari/537.36"
49.206.215.109 - - [01/Jun/2020:08:10:41 +0000] "GET /assets/img/joby-babu.jpg HTTP/1.1" 200 33897 "https://www.techstuds.com/" "Mozilla/5.0 (X11; CrOS x86_64 12871.102.0) AppleWebKit/537.36 (KHTML, like Gecko) Chrome/81.0.4044.141 Safari/537.36"
49.206.215.109 - - [01/Jun/2020:08:10:41 +0000] "GET /assets/img/pradeep-rao.jpg HTTP/1.1" 200 6674 "https://www.techstuds.com/" "Mozilla/5.0 (X11; CrOS x86_64 12871.102.0) AppleWebKit/537.36 (KHTML, like Gecko) Chrome/81.0.4044.141 Safari/537.36"
49.206.215.109 - - [01/Jun/2020:08:10:41 +0000] "GET /assets/img/lawrence.jpg HTTP/1.1" 200 20539 "https://www.techstuds.com/" "Mozilla/5.0 (X11; CrOS x86_64 12871.102.0) AppleWebKit/537.36 (KHTML, like Gecko) Chrome/81.0.4044.141 Safari/537.36"
49.206.215.109 - - [01/Jun/2020:08:10:41 +0000] "GET /assets/img/person-avatar.jpg HTTP/1.1" 200 28080 "https://www.techstuds.com/" "Mozilla/5.0 (X11; CrOS x86_64 12871.102.0) AppleWebKit/537.36 (KHTML, like Gecko) Chrome/81.0.4044.141 Safari/537.36"
49.206.215.109 - - [01/Jun/2020:08:10:41 +0000] "GET /assets/img/icon-year.png HTTP/1.1" 200 2646 "https://www.techstuds.com/" "Mozilla/5.0 (X11; CrOS x86_64 12871.102.0) AppleWebKit/537.36 (KHTML, like Gecko) Chrome/81.0.4044.141 Safari/537.36"
49.206.215.109 - - [01/Jun/2020:08:10:41 +0000] "GET /assets/img/icon-employee.png HTTP/1.1" 200 2775 "https://www.techstuds.com/" "Mozilla/5.0 (X11; CrOS x86_64 12871.102.0) AppleWebKit/537.36 (KHTML, like Gecko) Chrome/81.0.4044.141 Safari/537.36"
49.206.215.109 - - [01/Jun/2020:08:10:41 +0000] "GET /assets/img/icon-projects.png HTTP/1.1" 200 2642 "https://www.techstuds.com/" "Mozilla/5.0 (X11; CrOS x86_64 12871.102.0) AppleWebKit/537.36 (KHTML, like Gecko) Chrome/81.0.4044.141 Safari/537.36"
49.206.215.109 - - [01/Jun/2020:08:10:41 +0000] "GET /assets/img/company.jpg HTTP/1.1" 200 67814 "https://www.techstuds.com/" "Mozilla/5.0 (X11; CrOS x86_64 12871.102.0) AppleWebKit/537.36 (KHTML, like Gecko) Chrome/81.0.4044.141 Safari/537.36"
49.206.215.109 - - [01/Jun/2020:08:10:41 +0000] "GET /assets/img/projects.jpg HTTP/1.1" 200 67250 "https://www.techstuds.com/" "Mozilla/5.0 (X11; CrOS x86_64 12871.102.0) AppleWebKit/537.36 (KHTML, like Gecko) Chrome/81.0.4044.141 Safari/537.36"
49.206.215.109 - - [01/Jun/2020:08:10:41 +0000] "GET /assets/img/employees.jpg HTTP/1.1" 200 102723 "https://www.techstuds.com/" "Mozilla/5.0 (X11; CrOS x86_64 12871.102.0) AppleWebKit/537.36 (KHTML, like Gecko) Chrome/81.0.4044.141 Safari/537.36"
49.206.215.109 - - [01/Jun/2020:08:10:42 +0000] "GET /favicon.ico HTTP/1.1" 200 1740 "https://www.techstuds.com/" "Mozilla/5.0 (X11; CrOS x86_64 12871.102.0) AppleWebKit/537.36 (KHTML, like Gecko) Chrome/81.0.4044.141 Safari/537.36"
196.196.216.140 - - [01/Jun/2020:08:13:29 +0000] "GET /blog/mean-and-mern-stack-with-passportjs/ HTTP/1.0" 301 194 "http://www.techstuds.com/blog/mean-and-mern-stack-with-passportjs/" "Mozilla/5.0 (Windows NT 6.1; WOW64) AppleWebKit/537.36 (KHTML, like Gecko) Chrome/67.0.3396.87 Safari/537.36 OPR/54.0.2952.64 (Edition Yx)"
41.27.243.218 - - [01/Jun/2020:08:13:31 +0000] "POST /blog/wp-cron.php?doing_wp_cron=1590999210.4638900756835937500000 HTTP/1.1" 200 0 "https://www.techstuds.com/blog/wp-cron.php?doing_wp_cron=1590999210.4638900756835937500000" "WordPress/5.2.6; https://www.techstuds.com/blog"
196.196.216.140 - - [01/Jun/2020:08:13:31 +0000] "GET /blog/mean-and-mern-stack-with-passportjs/ HTTP/1.0" 200 97632 "https://www.techstuds.com/blog/mean-and-mern-stack-with-passportjs/" "Mozilla/5.0 (Windows NT 6.1; WOW64) AppleWebKit/537.36 (KHTML, like Gecko) Chrome/67.0.3396.87 Safari/537.36 OPR/54.0.2952.64 (Edition Yx)"
196.196.216.140 - - [01/Jun/2020:08:13:33 +0000] "GET /blog/mean-and-mern-stack-with-passportjs/ HTTP/1.0" 200 97632 "https://www.techstuds.com/blog/mean-and-mern-stack-with-passportjs/" "Mozilla/5.0 (Windows NT 6.1; WOW64) AppleWebKit/537.36 (KHTML, like Gecko) Chrome/67.0.3396.87 Safari/537.36 OPR/54.0.2952.64 (Edition Yx)"
196.196.216.140 - - [01/Jun/2020:08:13:34 +0000] "POST /blog/wp-comments-post.php HTTP/1.0" 200 2823 "https://www.techstuds.com/blog/mean-and-mern-stack-with-passportjs/" "Mozilla/5.0 (Windows NT 6.1; WOW64) AppleWebKit/537.36 (KHTML, like Gecko) Chrome/67.0.3396.87 Safari/537.36 OPR/54.0.2952.64 (Edition Yx)"
196.196.216.140 - - [01/Jun/2020:08:13:35 +0000] "GET /blog/mean-and-mern-stack-with-passportjs/ HTTP/1.0" 200 97632 "https://www.techstuds.com/blog/mean-and-mern-stack-with-passportjs/" "Mozilla/5.0 (Windows NT 6.1; WOW64) AppleWebKit/537.36 (KHTML, like Gecko) Chrome/67.0.3396.87 Safari/537.36 OPR/54.0.2952.64 (Edition Yx)"
46.229.168.148 - - [01/Jun/2020:08:15:53 +0000] "GET /robots.txt HTTP/1.1" 200 131 "-" "Mozilla/5.0 (compatible; SemrushBot/6~bl; +http://www.semrush.com/bot.html)"
41.27.243.218 - - [01/Jun/2020:08:15:55 +0000] "POST /blog/wp-cron.php?doing_wp_cron=1590999354.9347360134124755859375 HTTP/1.1" 200 0 "https://www.techstuds.com/blog/wp-cron.php?doing_wp_cron=1590999354.9347360134124755859375" "WordPress/5.2.6; https://www.techstuds.com/blog"
46.229.168.137 - - [01/Jun/2020:08:15:55 +0000] "GET /blog/tag/proof-of-work/ HTTP/1.1" 200 6077 "-" "Mozilla/5.0 (compatible; SemrushBot/6~bl; +http://www.semrush.com/bot.html)"
217.227.73.124 - - [01/Jun/2020:08:17:56 +0000] "HEAD /blog HTTP/1.1" 301 0 "-" "jetmon/1.0 (Jetpack Site Uptime Monitor by WordPress.com)"
217.227.73.124 - - [01/Jun/2020:08:17:56 +0000] "HEAD /blog HTTP/1.1" 301 0 "-" "jetmon/1.0 (Jetpack Site Uptime Monitor by WordPress.com)"
217.227.73.124 - - [01/Jun/2020:08:17:56 +0000] "HEAD /blog/ HTTP/1.1" 301 0 "-" "jetmon/1.0 (Jetpack Site Uptime Monitor by WordPress.com)"
41.27.243.218 - - [01/Jun/2020:08:18:13 +0000] "POST /blog/wp-cron.php?doing_wp_cron=1590999493.5179829597473144531250 HTTP/1.1" 200 0 "https://www.techstuds.com/blog/wp-cron.php?doing_wp_cron=1590999493.5179829597473144531250" "WordPress/5.2.6; https://www.techstuds.com/blog"
46.229.168.139 - - [01/Jun/2020:08:18:13 +0000] "GET /blog/tag/mongodb-get-all-indexes/ HTTP/1.1" 200 6124 "-" "Mozilla/5.0 (compatible; SemrushBot/6~bl; +http://www.semrush.com/bot.html)"
41.27.243.218 - - [01/Jun/2020:08:23:36 +0000] "POST /blog/wp-cron.php?doing_wp_cron=1590999816.3292739391326904296875 HTTP/1.1" 200 0 "https://www.techstuds.com/blog/wp-cron.php?doing_wp_cron=1590999816.3292739391326904296875" "WordPress/5.2.6; https://www.techstuds.com/blog"
66.249.72.30 - - [01/Jun/2020:08:23:37 +0000] "GET /blog/mongodb-favourites-implementation/amp/ HTTP/1.1" 200 14575 "-" "Mozilla/5.0 (Linux; Android 6.0.1; Nexus 5X Build/MMB29P) AppleWebKit/537.36 (KHTML, like Gecko) Chrome/80.0.3987.92 Mobile Safari/537.36 (compatible; Googlebot/2.1; +http://www.google.com/bot.html)"
217.227.73.124 - - [01/Jun/2020:08:25:22 +0000] "HEAD /blog HTTP/1.1" 301 0 "-" "jetmon/1.0 (Jetpack Site Uptime Monitor by WordPress.com)"
217.227.73.124 - - [01/Jun/2020:08:25:22 +0000] "HEAD /blog HTTP/1.1" 301 0 "-" "jetmon/1.0 (Jetpack Site Uptime Monitor by WordPress.com)"
217.227.73.124 - - [01/Jun/2020:08:25:22 +0000] "HEAD /blog/ HTTP/1.1" 301 0 "-" "jetmon/1.0 (Jetpack Site Uptime Monitor by WordPress.com)"
77.75.76.167 - - [01/Jun/2020:08:27:17 +0000] "GET /robots.txt HTTP/1.1" 200 131 "-" "Mozilla/5.0 (compatible; SeznamBot/3.2; +http://napoveda.seznam.cz/en/seznambot-intro/)"
41.27.243.218 - - [01/Jun/2020:08:27:19 +0000] "POST /blog/wp-cron.php?doing_wp_cron=1591000039.0881240367889404296875 HTTP/1.1" 200 0 "https://www.techstuds.com/blog/wp-cron.php?doing_wp_cron=1591000039.0881240367889404296875" "WordPress/5.2.6; https://www.techstuds.com/blog"
77.75.76.167 - - [01/Jun/2020:08:27:19 +0000] "GET /blog/tag/hash-functions/ HTTP/1.1" 200 6074 "-" "Mozilla/5.0 (compatible; SeznamBot/3.2; +http://napoveda.seznam.cz/en/seznambot-intro/)"
183.136.225.56 - - [01/Jun/2020:08:28:26 +0000] "GET / HTTP/1.1" 301 194 "-" "Mozilla/5.0 (Macintosh; Intel Mac OS X 10.11; rv:47.0) Gecko/20100101 Firefox/47.0"
183.136.225.56 - - [01/Jun/2020:08:28:29 +0000] "GET / HTTP/1.1" 200 3809 "-" "Mozilla/5.0 (Macintosh; Intel Mac OS X 10.11; rv:47.0) Gecko/20100101 Firefox/47.0"
217.227.73.124 - - [01/Jun/2020:08:33:28 +0000] "HEAD /blog HTTP/1.1" 301 0 "-" "jetmon/1.0 (Jetpack Site Uptime Monitor by WordPress.com)"
217.227.73.124 - - [01/Jun/2020:08:33:28 +0000] "HEAD /blog HTTP/1.1" 301 0 "-" "jetmon/1.0 (Jetpack Site Uptime Monitor by WordPress.com)"
217.227.73.124 - - [01/Jun/2020:08:33:28 +0000] "HEAD /blog/ HTTP/1.1" 301 0 "-" "jetmon/1.0 (Jetpack Site Uptime Monitor by WordPress.com)"
41.27.243.218 - - [01/Jun/2020:08:33:36 +0000] "POST /blog/wp-cron.php?doing_wp_cron=1591000415.9227008819580078125000 HTTP/1.1" 200 0 "https://www.techstuds.com/blog/wp-cron.php?doing_wp_cron=1591000415.9227008819580078125000" "WordPress/5.2.6; https://www.techstuds.com/blog"
188.66.213.123 - - [01/Jun/2020:08:33:36 +0000] "GET /blog/why-use-docker/ HTTP/1.1" 200 52822 "-" "FreeWebMonitoring SiteChecker/0.2 (+https://www.freewebmonitoring.com/bot.html)"
83.13.208.170 - - [01/Jun/2020:08:33:57 +0000] "GET /adv,/cgi-bin/weblogin.cgi?username=admin%27%3Bls%20%23&password=asdf HTTP/1.1" 301 194 "-" "Mozilla/5.0"
41.27.243.218 - - [01/Jun/2020:08:34:45 +0000] "POST /blog/wp-cron.php?doing_wp_cron=1591000485.0562930107116699218750 HTTP/1.1" 200 0 "https://www.techstuds.com/blog/wp-cron.php?doing_wp_cron=1591000485.0562930107116699218750" "WordPress/5.2.6; https://www.techstuds.com/blog"
114.119.167.35 - - [01/Jun/2020:08:34:45 +0000] "GET /blog/tag/mongodb/amp HTTP/1.1" 301 0 "-" "Mozilla/5.0 (Linux; Android 7.0;) AppleWebKit/537.36 (KHTML, like Gecko) Mobile Safari/537.36 (compatible; PetalBot;+https://aspiegel.com/petalbot)"
114.119.167.35 - - [01/Jun/2020:08:34:46 +0000] "GET /blog/tag/mongodb/amp/ HTTP/1.1" 200 8332 "-" "Mozilla/5.0 (Linux; Android 7.0;) AppleWebKit/537.36 (KHTML, like Gecko) Mobile Safari/537.36 (compatible; PetalBot;+https://aspiegel.com/petalbot)"
66.249.72.28 - - [01/Jun/2020:08:35:17 +0000] "GET /blog/lambda-architecture-for-big-data-handling-in-aws/ HTTP/1.1" 200 13261 "-" "Mozilla/5.0 (Linux; Android 6.0.1; Nexus 5X Build/MMB29P) AppleWebKit/537.36 (KHTML, like Gecko) Chrome/80.0.3987.92 Mobile Safari/537.36 (compatible; Googlebot/2.1; +http://www.google.com/bot.html)"
88.105.215.24 - - [01/Jun/2020:08:38:20 +0000] "GET http://translate.googleapis.com/translate_a/single?client=gtx&dt=t&sl=en&tl=ja&q=hello HTTP/1.1" 301 194 "-" "-"
88.105.215.24 - - [01/Jun/2020:08:38:21 +0000] "CONNECT translate.googleapis.com:80 HTTP/1.1" 400 182 "-" "-"
27.59.231.92 - - [01/Jun/2020:08:38:21 +0000] "GET / HTTP/1.1" 200 1544 "https://www.google.com/" "Mozilla/5.0 (Linux; Android 9; Redmi Note 6 Pro) AppleWebKit/537.36 (KHTML, like Gecko) Chrome/81.0.4044.138 Mobile Safari/537.36"
27.59.231.92 - - [01/Jun/2020:08:38:22 +0000] "GET /runtime.a66f828dca56eeb90e02.js HTTP/1.1" 200 1053 "https://www.techstuds.com/" "Mozilla/5.0 (Linux; Android 9; Redmi Note 6 Pro) AppleWebKit/537.36 (KHTML, like Gecko) Chrome/81.0.4044.138 Mobile Safari/537.36"
27.59.231.92 - - [01/Jun/2020:08:38:22 +0000] "GET /test-script.js HTTP/1.1" 200 43 "https://www.techstuds.com/" "Mozilla/5.0 (Linux; Android 9; Redmi Note 6 Pro) AppleWebKit/537.36 (KHTML, like Gecko) Chrome/81.0.4044.138 Mobile Safari/537.36"
27.59.231.92 - - [01/Jun/2020:08:38:22 +0000] "GET /styles.56f037a1c22ad3071b1f.css HTTP/1.1" 200 245300 "https://www.techstuds.com/" "Mozilla/5.0 (Linux; Android 9; Redmi Note 6 Pro) AppleWebKit/537.36 (KHTML, like Gecko) Chrome/81.0.4044.138 Mobile Safari/537.36"
27.59.231.92 - - [01/Jun/2020:08:38:22 +0000] "GET /polyfills.628328a3d4c2c9239734.js HTTP/1.1" 200 106251 "https://www.techstuds.com/" "Mozilla/5.0 (Linux; Android 9; Redmi Note 6 Pro) AppleWebKit/537.36 (KHTML, like Gecko) Chrome/81.0.4044.138 Mobile Safari/537.36"
27.59.231.92 - - [01/Jun/2020:08:38:23 +0000] "GET /scripts.ffd8e1651b1a5b2f25af.js HTTP/1.1" 200 146891 "https://www.techstuds.com/" "Mozilla/5.0 (Linux; Android 9; Redmi Note 6 Pro) AppleWebKit/537.36 (KHTML, like Gecko) Chrome/81.0.4044.138 Mobile Safari/537.36"
27.59.231.92 - - [01/Jun/2020:08:38:24 +0000] "GET /main.c78048f85133bacbe9b5.js HTTP/1.1" 200 328963 "https://www.techstuds.com/" "Mozilla/5.0 (Linux; Android 9; Redmi Note 6 Pro) AppleWebKit/537.36 (KHTML, like Gecko) Chrome/81.0.4044.138 Mobile Safari/537.36"
27.59.231.92 - - [01/Jun/2020:08:38:27 +0000] "GET /vendor.5f7d9c1b415b843a5df3.js HTTP/1.1" 200 1074526 "https://www.techstuds.com/" "Mozilla/5.0 (Linux; Android 9; Redmi Note 6 Pro) AppleWebKit/537.36 (KHTML, like Gecko) Chrome/81.0.4044.138 Mobile Safari/537.36"
27.59.231.92 - - [01/Jun/2020:08:38:28 +0000] "GET /assets/img/what-do-aws.png HTTP/1.1" 200 5743 "https://www.techstuds.com/" "Mozilla/5.0 (Linux; Android 9; Redmi Note 6 Pro) AppleWebKit/537.36 (KHTML, like Gecko) Chrome/81.0.4044.138 Mobile Safari/537.36"
27.59.231.92 - - [01/Jun/2020:08:38:28 +0000] "GET /assets/img/logo-loader.gif HTTP/1.1" 200 32758 "https://www.techstuds.com/" "Mozilla/5.0 (Linux; Android 9; Redmi Note 6 Pro) AppleWebKit/537.36 (KHTML, like Gecko) Chrome/81.0.4044.138 Mobile Safari/537.36"
27.59.231.92 - - [01/Jun/2020:08:38:28 +0000] "GET /assets/img/what-do-bigdata.png HTTP/1.1" 200 4354 "https://www.techstuds.com/" "Mozilla/5.0 (Linux; Android 9; Redmi Note 6 Pro) AppleWebKit/537.36 (KHTML, like Gecko) Chrome/81.0.4044.138 Mobile Safari/537.36"
27.59.231.92 - - [01/Jun/2020:08:38:28 +0000] "GET /assets/img/what-do-endtoend.png HTTP/1.1" 200 10255 "https://www.techstuds.com/" "Mozilla/5.0 (Linux; Android 9; Redmi Note 6 Pro) AppleWebKit/537.36 (KHTML, like Gecko) Chrome/81.0.4044.138 Mobile Safari/537.36"
27.59.231.92 - - [01/Jun/2020:08:38:28 +0000] "GET /assets/img/what-do-mobailapp.png HTTP/1.1" 200 6539 "https://www.techstuds.com/" "Mozilla/5.0 (Linux; Android 9; Redmi Note 6 Pro) AppleWebKit/537.36 (KHTML, like Gecko) Chrome/81.0.4044.138 Mobile Safari/537.36"
27.59.231.92 - - [01/Jun/2020:08:38:28 +0000] "GET /assets/img/what-do-mongodb.png HTTP/1.1" 200 6677 "https://www.techstuds.com/" "Mozilla/5.0 (Linux; Android 9; Redmi Note 6 Pro) AppleWebKit/537.36 (KHTML, like Gecko) Chrome/81.0.4044.138 Mobile Safari/537.36"
27.59.231.92 - - [01/Jun/2020:08:38:28 +0000] "GET /assets/img/what-do-webdevelopment.png HTTP/1.1" 200 4333 "https://www.techstuds.com/" "Mozilla/5.0 (Linux; Android 9; Redmi Note 6 Pro) AppleWebKit/537.36 (KHTML, like Gecko) Chrome/81.0.4044.138 Mobile Safari/537.36"
27.59.231.92 - - [01/Jun/2020:08:38:28 +0000] "GET /assets/img/henryjcoleman.jpg HTTP/1.1" 200 18580 "https://www.techstuds.com/" "Mozilla/5.0 (Linux; Android 9; Redmi Note 6 Pro) AppleWebKit/537.36 (KHTML, like Gecko) Chrome/81.0.4044.138 Mobile Safari/537.36"
27.59.231.92 - - [01/Jun/2020:08:38:28 +0000] "GET /assets/img/cover-banner.jpg HTTP/1.1" 200 162362 "https://www.techstuds.com/" "Mozilla/5.0 (Linux; Android 9; Redmi Note 6 Pro) AppleWebKit/537.36 (KHTML, like Gecko) Chrome/81.0.4044.138 Mobile Safari/537.36"
27.59.231.92 - - [01/Jun/2020:08:38:28 +0000] "GET /assets/img/mithul.jpg HTTP/1.1" 200 22888 "https://www.techstuds.com/" "Mozilla/5.0 (Linux; Android 9; Redmi Note 6 Pro) AppleWebKit/537.36 (KHTML, like Gecko) Chrome/81.0.4044.138 Mobile Safari/537.36"
27.59.231.92 - - [01/Jun/2020:08:38:28 +0000] "GET /assets/img/joby-babu.jpg HTTP/1.1" 200 33897 "https://www.techstuds.com/" "Mozilla/5.0 (Linux; Android 9; Redmi Note 6 Pro) AppleWebKit/537.36 (KHTML, like Gecko) Chrome/81.0.4044.138 Mobile Safari/537.36"
27.59.231.92 - - [01/Jun/2020:08:38:28 +0000] "GET /assets/img/pradeep-rao.jpg HTTP/1.1" 200 6674 "https://www.techstuds.com/" "Mozilla/5.0 (Linux; Android 9; Redmi Note 6 Pro) AppleWebKit/537.36 (KHTML, like Gecko) Chrome/81.0.4044.138 Mobile Safari/537.36"
27.59.231.92 - - [01/Jun/2020:08:38:28 +0000] "GET /assets/img/lawrence.jpg HTTP/1.1" 200 20539 "https://www.techstuds.com/" "Mozilla/5.0 (Linux; Android 9; Redmi Note 6 Pro) AppleWebKit/537.36 (KHTML, like Gecko) Chrome/81.0.4044.138 Mobile Safari/537.36"
27.59.231.92 - - [01/Jun/2020:08:38:28 +0000] "GET /assets/img/piergiorgio.jpg HTTP/1.1" 200 105336 "https://www.techstuds.com/" "Mozilla/5.0 (Linux; Android 9; Redmi Note 6 Pro) AppleWebKit/537.36 (KHTML, like Gecko) Chrome/81.0.4044.138 Mobile Safari/537.36"
27.59.231.92 - - [01/Jun/2020:08:38:28 +0000] "GET /assets/img/person-avatar.jpg HTTP/1.1" 200 28080 "https://www.techstuds.com/" "Mozilla/5.0 (Linux; Android 9; Redmi Note 6 Pro) AppleWebKit/537.36 (KHTML, like Gecko) Chrome/81.0.4044.138 Mobile Safari/537.36"
27.59.231.92 - - [01/Jun/2020:08:38:28 +0000] "GET /assets/img/icon-year.png HTTP/1.1" 200 2646 "https://www.techstuds.com/" "Mozilla/5.0 (Linux; Android 9; Redmi Note 6 Pro) AppleWebKit/537.36 (KHTML, like Gecko) Chrome/81.0.4044.138 Mobile Safari/537.36"
27.59.231.92 - - [01/Jun/2020:08:38:29 +0000] "GET /assets/img/icon-employee.png HTTP/1.1" 200 2775 "https://www.techstuds.com/" "Mozilla/5.0 (Linux; Android 9; Redmi Note 6 Pro) AppleWebKit/537.36 (KHTML, like Gecko) Chrome/81.0.4044.138 Mobile Safari/537.36"
27.59.231.92 - - [01/Jun/2020:08:38:29 +0000] "GET /assets/fonts/techstuds-tagline.woff2 HTTP/1.1" 200 19264 "https://www.techstuds.com/styles.56f037a1c22ad3071b1f.css" "Mozilla/5.0 (Linux; Android 9; Redmi Note 6 Pro) AppleWebKit/537.36 (KHTML, like Gecko) Chrome/81.0.4044.138 Mobile Safari/537.36"
27.59.231.92 - - [01/Jun/2020:08:38:29 +0000] "GET /assets/img/icon-projects.png HTTP/1.1" 200 2642 "https://www.techstuds.com/" "Mozilla/5.0 (Linux; Android 9; Redmi Note 6 Pro) AppleWebKit/537.36 (KHTML, like Gecko) Chrome/81.0.4044.138 Mobile Safari/537.36"
27.59.231.92 - - [01/Jun/2020:08:38:29 +0000] "GET /assets/fonts/techstuds-logo.woff2 HTTP/1.1" 200 15956 "https://www.techstuds.com/styles.56f037a1c22ad3071b1f.css" "Mozilla/5.0 (Linux; Android 9; Redmi Note 6 Pro) AppleWebKit/537.36 (KHTML, like Gecko) Chrome/81.0.4044.138 Mobile Safari/537.36"
27.59.231.92 - - [01/Jun/2020:08:38:29 +0000] "GET /favicon.ico HTTP/1.1" 200 1740 "https://www.techstuds.com/" "Mozilla/5.0 (Linux; Android 9; Redmi Note 6 Pro) AppleWebKit/537.36 (KHTML, like Gecko) Chrome/81.0.4044.138 Mobile Safari/537.36"
27.59.231.92 - - [01/Jun/2020:08:38:34 +0000] "GET /assets/img/company.jpg HTTP/1.1" 200 67814 "https://www.techstuds.com/" "Mozilla/5.0 (Linux; Android 9; Redmi Note 6 Pro) AppleWebKit/537.36 (KHTML, like Gecko) Chrome/81.0.4044.138 Mobile Safari/537.36"
27.59.231.92 - - [01/Jun/2020:08:38:35 +0000] "GET /assets/img/employees.jpg HTTP/1.1" 200 102723 "https://www.techstuds.com/" "Mozilla/5.0 (Linux; Android 9; Redmi Note 6 Pro) AppleWebKit/537.36 (KHTML, like Gecko) Chrome/81.0.4044.138 Mobile Safari/537.36"
27.59.231.92 - - [01/Jun/2020:08:38:38 +0000] "GET /assets/img/projects.jpg HTTP/1.1" 200 67250 "https://www.techstuds.com/" "Mozilla/5.0 (Linux; Android 9; Redmi Note 6 Pro) AppleWebKit/537.36 (KHTML, like Gecko) Chrome/81.0.4044.138 Mobile Safari/537.36"
217.227.73.124 - - [01/Jun/2020:08:40:54 +0000] "HEAD /blog HTTP/1.1" 301 0 "-" "jetmon/1.0 (Jetpack Site Uptime Monitor by WordPress.com)"
217.227.73.124 - - [01/Jun/2020:08:40:54 +0000] "HEAD /blog HTTP/1.1" 301 0 "-" "jetmon/1.0 (Jetpack Site Uptime Monitor by WordPress.com)"
217.227.73.124 - - [01/Jun/2020:08:40:54 +0000] "HEAD /blog/ HTTP/1.1" 301 0 "-" "jetmon/1.0 (Jetpack Site Uptime Monitor by WordPress.com)"
23.237.4.26 - - [01/Jun/2020:08:47:51 +0000] "GET / HTTP/1.0" 301 194 "-" "Mozilla/5.0 (compatible; AlphaBot/3.2; +http://alphaseobot.com/bot.html)"
23.237.4.26 - - [01/Jun/2020:08:47:55 +0000] "GET / HTTP/1.0" 200 3809 "-" "Mozilla/5.0 (compatible; AlphaBot/3.2; +http://alphaseobot.com/bot.html)"
23.237.4.26 - - [01/Jun/2020:08:47:59 +0000] "GET / HTTP/1.0" 200 3809 "-" "Mozilla/5.0 (compatible; AlphaBot/3.2; +http://alphaseobot.com/bot.html)"
23.237.4.26 - - [01/Jun/2020:08:48:07 +0000] "GET / HTTP/1.0" 200 3809 "-" "Mozilla/5.0 (compatible; AlphaBot/3.2; +http://alphaseobot.com/bot.html)"
23.237.4.26 - - [01/Jun/2020:08:48:14 +0000] "GET / HTTP/1.0" 200 3809 "-" "Mozilla/5.0 (compatible; AlphaBot/3.2; +http://alphaseobot.com/bot.html)"
23.237.4.26 - - [01/Jun/2020:08:48:21 +0000] "GET / HTTP/1.0" 200 3809 "-" "Mozilla/5.0 (compatible; AlphaBot/3.2; +http://alphaseobot.com/bot.html)"
217.227.73.124 - - [01/Jun/2020:08:49:13 +0000] "HEAD /blog HTTP/1.1" 301 0 "-" "jetmon/1.0 (Jetpack Site Uptime Monitor by WordPress.com)"
217.227.73.124 - - [01/Jun/2020:08:49:13 +0000] "HEAD /blog HTTP/1.1" 301 0 "-" "jetmon/1.0 (Jetpack Site Uptime Monitor by WordPress.com)"
217.227.73.124 - - [01/Jun/2020:08:49:13 +0000] "HEAD /blog/ HTTP/1.1" 301 0 "-" "jetmon/1.0 (Jetpack Site Uptime Monitor by WordPress.com)"
217.227.73.124 - - [01/Jun/2020:08:56:43 +0000] "HEAD /blog HTTP/1.1" 301 0 "-" "jetmon/1.0 (Jetpack Site Uptime Monitor by WordPress.com)"
217.227.73.124 - - [01/Jun/2020:08:56:43 +0000] "HEAD /blog HTTP/1.1" 301 0 "-" "jetmon/1.0 (Jetpack Site Uptime Monitor by WordPress.com)"
217.227.73.124 - - [01/Jun/2020:08:56:43 +0000] "HEAD /blog/ HTTP/1.1" 301 0 "-" "jetmon/1.0 (Jetpack Site Uptime Monitor by WordPress.com)"
46.98.130.170 - - [01/Jun/2020:09:04:48 +0000] "GET / HTTP/1.1" 301 194 "-" "Mozilla/5.0 (Windows NT 6.1; WOW64) AppleWebKit/537.36 (KHTML, like Gecko) Chrome/51.0.2704.103 Safari/537.36"
217.227.73.124 - - [01/Jun/2020:09:05:16 +0000] "HEAD /blog HTTP/1.1" 301 0 "-" "jetmon/1.0 (Jetpack Site Uptime Monitor by WordPress.com)"
