217.227.73.124 - - [01/Jun/2020:09:05:16 +0000] "HEAD /blog HTTP/1.1" 301 0 "-" "jetmon/1.0 (Jetpack Site Uptime Monitor by WordPress.com)"
217.227.73.124 - - [01/Jun/2020:09:05:16 +0000] "HEAD /blog/ HTTP/1.1" 301 0 "-" "jetmon/1.0 (Jetpack Site Uptime Monitor by WordPress.com)"
105.112.114.184 - - [01/Jun/2020:09:05:29 +0000] "GET /blog/wp-content/uploads/2018/01/AAEAAQAAAAAAAAmCAAAAJDA3ZjczZjQ1LTA0ZTUtNGY2ZC1iMWE0LTQwZjEwODViYTE0Ng.jpg HTTP/1.1" 200 33216 "https://www.google.com/" "Mozilla/5.0 (Windows NT 10.0; Win64; x64) AppleWebKit/537.36 (KHTML, like Gecko) Chrome/83.0.4103.61 Safari/537.36"
41.27.243.218 - - [01/Jun/2020:09:06:49 +0000] "POST /blog/wp-cron.php?doing_wp_cron=1591002409.0302929878234863281250 HTTP/1.1" 200 0 "https://www.techstuds.com/blog/wp-cron.php?doing_wp_cron=1591002409.0302929878234863281250" "WordPress/5.2.6; https://www.techstuds.com/blog"
139.167.224.128 - - [01/Jun/2020:09:06:49 +0000] "GET /blog/amazon-dynamodb/ HTTP/1.1" 200 13287 "-" "Mozilla/5.0 (X11; U; Linux x86_64; en-US; rv:1.9.2a1pre) Gecko/20090428 Firefox/3.6a1pre"
88.251.244.176 - - [01/Jun/2020:09:06:53 +0000] "GET /blog/tag/frontend/ HTTP/1.1" 200 6891 "https://www.techstuds.com/" "Mozilla/5.0 (Windows NT 6.2; Win64; x64) AppleWebKit/537.36 (KHTML, like Gecko) Chrome/66.0.3359.181 Safari/537.36"
88.251.244.176 - - [01/Jun/2020:09:06:53 +0000] "GET /wp-login.php?action=register HTTP/1.1" 200 1544 "https://www.techstuds.com/" "Mozilla/5.0 (Windows NT 6.2; Win64; x64) AppleWebKit/537.36 (KHTML, like Gecko) Chrome/66.0.3359.181 Safari/537.36"
88.251.244.176 - - [01/Jun/2020:09:06:54 +0000] "GET /wp-login.php?action=register HTTP/1.1" 200 1544 "https://www.techstuds.com/wp-login.php?action=register" "Mozilla/5.0 (Windows NT 6.2; Win64; x64) AppleWebKit/537.36 (KHTML, like Gecko) Chrome/66.0.3359.181 Safari/537.36"
88.251.244.176 - - [01/Jun/2020:09:06:54 +0000] "GET /blog/tag/frontend/ HTTP/1.1" 200 6891 "https://www.techstuds.com/" "Mozilla/5.0 (Windows NT 6.2; Win64; x64) AppleWebKit/537.36 (KHTML, like Gecko) Chrome/66.0.3359.181 Safari/537.36"
88.251.244.176 - - [01/Jun/2020:09:06:55 +0000] "GET /blog/mean-and-mern-stack-with-passportjs/ HTTP/1.1" 200 15838 "https://www.techstuds.com/" "Mozilla/5.0 (Windows NT 6.2; Win64; x64) AppleWebKit/537.36 (KHTML, like Gecko) Chrome/66.0.3359.181 Safari/537.36"
88.251.244.176 - - [01/Jun/2020:09:06:57 +0000] "POST /blog/wp-comments-post.php HTTP/1.1" 302 0 "https://www.techstuds.com/blog/mean-and-mern-stack-with-passportjs/" "Mozilla/5.0 (Windows NT 6.2; Win64; x64) AppleWebKit/537.36 (KHTML, like Gecko) Chrome/66.0.3359.181 Safari/537.36"
88.251.244.176 - - [01/Jun/2020:09:06:58 +0000] "GET /blog/mean-and-mern-stack-with-passportjs/?unapproved=10191&moderation-hash=bbd28804a18bf52406e80f30d437114f HTTP/1.1" 200 16632 "https://www.techstuds.com/blog/wp-comments-post.php" "Mozilla/5.0 (Windows NT 6.2; Win64; x64) AppleWebKit/537.36 (KHTML, like Gecko) Chrome/66.0.3359.181 Safari/537.36"
88.251.244.176 - - [01/Jun/2020:09:06:59 +0000] "GET /blog/mean-and-mern-stack-with-passportjs/ HTTP/1.1" 200 15837 "-" "Mozilla/5.0 (Windows NT 6.2; Win64; x64) AppleWebKit/537.36 (KHTML, like Gecko) Chrome/66.0.3359.181 Safari/537.36"
88.251.244.176 - - [01/Jun/2020:09:07:55 +0000] "GET /blog/mean-and-mern-stack-with-passportjs/ HTTP/1.1" 200 15838 "-" "Mozilla/5.0 (Windows; U; Windows NT 5.2; en-US) AppleWebKit/537.36 (KHTML, like Gecko) Safari/537.36 VivoBrowser/5.4.0 Chrome/38.0.2125.102,gzip(gfe)"
162.243.138.7 - - [01/Jun/2020:09:10:41 +0000] "GET /owa/auth/logon.aspx?url=https%3a%2f%2f1%2fecp%2f HTTP/1.1" 200 1544 "-" "Mozilla/5.0 zgrab/0.x"
217.227.73.124 - - [01/Jun/2020:09:12:26 +0000] "HEAD /blog HTTP/1.1" 301 0 "-" "jetmon/1.0 (Jetpack Site Uptime Monitor by WordPress.com)"
217.227.73.124 - - [01/Jun/2020:09:12:26 +0000] "HEAD /blog HTTP/1.1" 301 0 "-" "jetmon/1.0 (Jetpack Site Uptime Monitor by WordPress.com)"
217.227.73.124 - - [01/Jun/2020:09:12:26 +0000] "HEAD /blog/ HTTP/1.1" 301 0 "-" "jetmon/1.0 (Jetpack Site Uptime Monitor by WordPress.com)"
41.27.243.218 - - [01/Jun/2020:09:13:43 +0000] "POST /blog/wp-cron.php?doing_wp_cron=1591002823.7097740173339843750000 HTTP/1.1" 200 0 "https://www.techstuds.com/blog/wp-cron.php?doing_wp_cron=1591002823.7097740173339843750000" "WordPress/5.2.6; https://www.techstuds.com/blog"
88.251.244.176 - - [01/Jun/2020:09:13:44 +0000] "GET /blog/what-is-gdpr-and-what-is-its-impact/ HTTP/1.1" 200 13686 "-" "Mozilla/5.0 (Windows; U; Windows NT 5.2; en-US) AppleWebKit/537.36 (KHTML, like Gecko) Safari/537.36 VivoBrowser/5.4.0 Chrome/38.0.2125.102,gzip(gfe)"
66.220.149.3 - - [01/Jun/2020:09:13:53 +0000] "GET /robots.txt HTTP/1.1" 301 194 "-" "facebookexternalhit/1.1 (+http://www.facebook.com/externalhit_uatext.php)"
66.220.149.3 - - [01/Jun/2020:09:13:53 +0000] "GET /robots.txt HTTP/1.1" 206 131 "-" "facebookexternalhit/1.1 (+http://www.facebook.com/externalhit_uatext.php)"
66.220.149.20 - - [01/Jun/2020:09:13:54 +0000] "GET / HTTP/1.1" 301 194 "-" "facebookexternalhit/1.1 (+http://www.facebook.com/externalhit_uatext.php)"
66.220.149.20 - - [01/Jun/2020:09:13:54 +0000] "GET / HTTP/1.1" 206 3809 "-" "facebookexternalhit/1.1 (+http://www.facebook.com/externalhit_uatext.php)"
192.0.87.168 - - [01/Jun/2020:09:15:10 +0000] "GET /blog/feed HTTP/1.1" 301 194 "-" "wp.com feedbot/1.0 (+https://wp.com;subscribers=1;feed-id=94469307)"
41.27.243.218 - - [01/Jun/2020:09:15:27 +0000] "POST /blog/wp-cron.php?doing_wp_cron=1591002927.1968510150909423828125 HTTP/1.1" 200 0 "https://www.techstuds.com/blog/wp-cron.php?doing_wp_cron=1591002927.1968510150909423828125" "WordPress/5.2.6; https://www.techstuds.com/blog"
66.249.72.30 - - [01/Jun/2020:09:15:27 +0000] "GET /blog/join-in-mongodb/ HTTP/1.1" 200 12310 "-" "Mozilla/5.0 (compatible; Googlebot/2.1; +http://www.google.com/bot.html)"
192.0.83.167 - - [01/Jun/2020:09:15:31 +0000] "GET /blog/feed HTTP/1.1" 301 194 "-" "wp.com feedbot/1.0 (+https://wp.com;subscribers=1;feed-id=94469307)"
66.249.72.30 - - [01/Jun/2020:09:15:45 +0000] "GET /blog/join-in-mongodb/?relatedposts=1 HTTP/1.1" 200 131 "https://www.techstuds.com/blog/join-in-mongodb/" "Mozilla/5.0 AppleWebKit/537.36 (KHTML, like Gecko; compatible; Googlebot/2.1; +http://www.google.com/bot.html) Chrome/81.0.4044.108 Safari/537.36"
178.210.129.3 - - [01/Jun/2020:09:16:55 +0000] "GET / HTTP/1.1" 301 194 "-" "Mozilla/5.0 (Windows NT 6.1; WOW64) AppleWebKit/537.36 (KHTML, like Gecko) Chrome/51.0.2704.103 Safari/537.36"
95.163.255.131 - - [01/Jun/2020:09:20:19 +0000] "GET /robots.txt HTTP/1.0" 301 194 "-" "Mozilla/5.0 (compatible; Linux x86_64; Mail.RU_Bot/Robots/2.0; +http://go.mail.ru/help/robots)"
95.163.255.248 - - [01/Jun/2020:09:20:22 +0000] "GET /robots.txt HTTP/1.0" 200 185 "-" "Mozilla/5.0 (compatible; Linux x86_64; Mail.RU_Bot/Robots/2.0; +http://go.mail.ru/help/robots)"
95.163.255.198 - - [01/Jun/2020:09:20:23 +0000] "GET / HTTP/1.1" 200 1544 "http://techstuds.com/" "Mozilla/5.0 (compatible; Linux x86_64; Mail.RU_Bot/Robots/2.0; +http://go.mail.ru/help/robots)"
95.163.255.140 - - [01/Jun/2020:09:20:25 +0000] "GET / HTTP/1.1" 301 194 "-" "Mozilla/5.0 (compatible; Linux x86_64; Mail.RU_Bot/Robots/2.0; +http://go.mail.ru/help/robots)"
217.227.73.124 - - [01/Jun/2020:09:20:50 +0000] "HEAD /blog HTTP/1.1" 301 0 "-" "jetmon/1.0 (Jetpack Site Uptime Monitor by WordPress.com)"
217.227.73.124 - - [01/Jun/2020:09:20:50 +0000] "HEAD /blog HTTP/1.1" 301 0 "-" "jetmon/1.0 (Jetpack Site Uptime Monitor by WordPress.com)"
217.227.73.124 - - [01/Jun/2020:09:20:50 +0000] "HEAD /blog/ HTTP/1.1" 301 0 "-" "jetmon/1.0 (Jetpack Site Uptime Monitor by WordPress.com)"
42.109.144.198 - - [01/Jun/2020:09:22:18 +0000] "GET / HTTP/1.1" 304 0 "https://www.google.com/" "Mozilla/5.0 (Windows NT 10.0; Win64; x64) AppleWebKit/537.36 (KHTML, like Gecko) Chrome/83.0.4103.61 Safari/537.36"
42.109.144.198 - - [01/Jun/2020:09:22:20 +0000] "GET /styles.56f037a1c22ad3071b1f.css HTTP/1.1" 304 0 "https://www.techstuds.com/" "Mozilla/5.0 (Windows NT 10.0; Win64; x64) AppleWebKit/537.36 (KHTML, like Gecko) Chrome/83.0.4103.61 Safari/537.36"
42.109.144.198 - - [01/Jun/2020:09:22:20 +0000] "GET /test-script.js HTTP/1.1" 304 0 "https://www.techstuds.com/" "Mozilla/5.0 (Windows NT 10.0; Win64; x64) AppleWebKit/537.36 (KHTML, like Gecko) Chrome/83.0.4103.61 Safari/537.36"
42.109.144.198 - - [01/Jun/2020:09:22:20 +0000] "GET /runtime.a66f828dca56eeb90e02.js HTTP/1.1" 304 0 "https://www.techstuds.com/" "Mozilla/5.0 (Windows NT 10.0; Win64; x64) AppleWebKit/537.36 (KHTML, like Gecko) Chrome/83.0.4103.61 Safari/537.36"
42.109.144.198 - - [01/Jun/2020:09:22:20 +0000] "GET /main.c78048f85133bacbe9b5.js HTTP/1.1" 304 0 "https://www.techstuds.com/" "Mozilla/5.0 (Windows NT 10.0; Win64; x64) AppleWebKit/537.36 (KHTML, like Gecko) Chrome/83.0.4103.61 Safari/537.36"
42.109.144.198 - - [01/Jun/2020:09:22:20 +0000] "GET /polyfills.628328a3d4c2c9239734.js HTTP/1.1" 304 0 "https://www.techstuds.com/" "Mozilla/5.0 (Windows NT 10.0; Win64; x64) AppleWebKit/537.36 (KHTML, like Gecko) Chrome/83.0.4103.61 Safari/537.36"
42.109.144.198 - - [01/Jun/2020:09:22:20 +0000] "GET /scripts.ffd8e1651b1a5b2f25af.js HTTP/1.1" 304 0 "https://www.techstuds.com/" "Mozilla/5.0 (Windows NT 10.0; Win64; x64) AppleWebKit/537.36 (KHTML, like Gecko) Chrome/83.0.4103.61 Safari/537.36"
42.109.144.198 - - [01/Jun/2020:09:22:21 +0000] "GET /vendor.5f7d9c1b415b843a5df3.js HTTP/1.1" 304 0 "https://www.techstuds.com/" "Mozilla/5.0 (Windows NT 10.0; Win64; x64) AppleWebKit/537.36 (KHTML, like Gecko) Chrome/83.0.4103.61 Safari/537.36"
42.109.144.198 - - [01/Jun/2020:09:22:22 +0000] "GET /main.c78048f85133bacbe9b5.js HTTP/1.1" 304 0 "https://www.techstuds.com/" "Mozilla/5.0 (Windows NT 10.0; Win64; x64) AppleWebKit/537.36 (KHTML, like Gecko) Chrome/83.0.4103.61 Safari/537.36"
42.109.144.198 - - [01/Jun/2020:09:22:22 +0000] "GET /assets/img/what-do-mongodb.png HTTP/1.1" 200 6677 "https://www.techstuds.com/" "Mozilla/5.0 (Windows NT 10.0; Win64; x64) AppleWebKit/537.36 (KHTML, like Gecko) Chrome/83.0.4103.61 Safari/537.36"
42.109.144.198 - - [01/Jun/2020:09:22:22 +0000] "GET /assets/img/what-do-aws.png HTTP/1.1" 200 5743 "https://www.techstuds.com/" "Mozilla/5.0 (Windows NT 10.0; Win64; x64) AppleWebKit/537.36 (KHTML, like Gecko) Chrome/83.0.4103.61 Safari/537.36"
42.109.144.198 - - [01/Jun/2020:09:22:22 +0000] "GET /assets/img/logo-loader.gif HTTP/1.1" 200 32758 "https://www.techstuds.com/" "Mozilla/5.0 (Windows NT 10.0; Win64; x64) AppleWebKit/537.36 (KHTML, like Gecko) Chrome/83.0.4103.61 Safari/537.36"
42.109.144.198 - - [01/Jun/2020:09:22:23 +0000] "GET /assets/img/what-do-bigdata.png HTTP/1.1" 200 4354 "https://www.techstuds.com/" "Mozilla/5.0 (Windows NT 10.0; Win64; x64) AppleWebKit/537.36 (KHTML, like Gecko) Chrome/83.0.4103.61 Safari/537.36"
42.109.144.198 - - [01/Jun/2020:09:22:23 +0000] "GET /assets/img/what-do-mobailapp.png HTTP/1.1" 200 6539 "https://www.techstuds.com/" "Mozilla/5.0 (Windows NT 10.0; Win64; x64) AppleWebKit/537.36 (KHTML, like Gecko) Chrome/83.0.4103.61 Safari/537.36"
42.109.144.198 - - [01/Jun/2020:09:22:23 +0000] "GET /assets/img/what-do-endtoend.png HTTP/1.1" 200 10255 "https://www.techstuds.com/" "Mozilla/5.0 (Windows NT 10.0; Win64; x64) AppleWebKit/537.36 (KHTML, like Gecko) Chrome/83.0.4103.61 Safari/537.36"
42.109.144.198 - - [01/Jun/2020:09:22:23 +0000] "GET /assets/img/what-do-webdevelopment.png HTTP/1.1" 200 4333 "https://www.techstuds.com/" "Mozilla/5.0 (Windows NT 10.0; Win64; x64) AppleWebKit/537.36 (KHTML, like Gecko) Chrome/83.0.4103.61 Safari/537.36"
42.109.144.198 - - [01/Jun/2020:09:22:23 +0000] "GET /assets/img/henryjcoleman.jpg HTTP/1.1" 200 18580 "https://www.techstuds.com/" "Mozilla/5.0 (Windows NT 10.0; Win64; x64) AppleWebKit/537.36 (KHTML, like Gecko) Chrome/83.0.4103.61 Safari/537.36"
42.109.144.198 - - [01/Jun/2020:09:22:24 +0000] "GET /assets/img/mithul.jpg HTTP/1.1" 200 22888 "https://www.techstuds.com/" "Mozilla/5.0 (Windows NT 10.0; Win64; x64) AppleWebKit/537.36 (KHTML, like Gecko) Chrome/83.0.4103.61 Safari/537.36"
42.109.144.198 - - [01/Jun/2020:09:22:24 +0000] "GET /assets/img/joby-babu.jpg HTTP/1.1" 200 33897 "https://www.techstuds.com/" "Mozilla/5.0 (Windows NT 10.0; Win64; x64) AppleWebKit/537.36 (KHTML, like Gecko) Chrome/83.0.4103.61 Safari/537.36"
42.109.144.198 - - [01/Jun/2020:09:22:25 +0000] "GET /assets/img/pradeep-rao.jpg HTTP/1.1" 200 6674 "https://www.techstuds.com/" "Mozilla/5.0 (Windows NT 10.0; Win64; x64) AppleWebKit/537.36 (KHTML, like Gecko) Chrome/83.0.4103.61 Safari/537.36"
42.109.144.198 - - [01/Jun/2020:09:22:25 +0000] "GET /assets/img/piergiorgio.jpg HTTP/1.1" 200 105336 "https://www.techstuds.com/" "Mozilla/5.0 (Windows NT 10.0; Win64; x64) AppleWebKit/537.36 (KHTML, like Gecko) Chrome/83.0.4103.61 Safari/537.36"
42.109.144.198 - - [01/Jun/2020:09:22:25 +0000] "GET /assets/img/lawrence.jpg HTTP/1.1" 200 20539 "https://www.techstuds.com/" "Mozilla/5.0 (Windows NT 10.0; Win64; x64) AppleWebKit/537.36 (KHTML, like Gecko) Chrome/83.0.4103.61 Safari/537.36"
42.109.144.198 - - [01/Jun/2020:09:22:25 +0000] "GET /assets/img/cover-banner.jpg HTTP/1.1" 200 162362 "https://www.techstuds.com/" "Mozilla/5.0 (Windows NT 10.0; Win64; x64) AppleWebKit/537.36 (KHTML, like Gecko) Chrome/83.0.4103.61 Safari/537.36"
42.109.144.198 - - [01/Jun/2020:09:22:25 +0000] "GET /assets/img/person-avatar.jpg HTTP/1.1" 200 28080 "https://www.techstuds.com/" "Mozilla/5.0 (Windows NT 10.0; Win64; x64) AppleWebKit/537.36 (KHTML, like Gecko) Chrome/83.0.4103.61 Safari/537.36"
42.109.144.198 - - [01/Jun/2020:09:22:26 +0000] "GET /assets/img/icon-year.png HTTP/1.1" 200 2646 "https://www.techstuds.com/" "Mozilla/5.0 (Windows NT 10.0; Win64; x64) AppleWebKit/537.36 (KHTML, like Gecko) Chrome/83.0.4103.61 Safari/537.36"
42.109.144.198 - - [01/Jun/2020:09:22:29 +0000] "GET /assets/img/icon-employee.png HTTP/1.1" 200 2775 "https://www.techstuds.com/" "Mozilla/5.0 (Windows NT 10.0; Win64; x64) AppleWebKit/537.36 (KHTML, like Gecko) Chrome/83.0.4103.61 Safari/537.36"
42.109.144.198 - - [01/Jun/2020:09:22:29 +0000] "GET /assets/img/icon-projects.png HTTP/1.1" 200 2642 "https://www.techstuds.com/" "Mozilla/5.0 (Windows NT 10.0; Win64; x64) AppleWebKit/537.36 (KHTML, like Gecko) Chrome/83.0.4103.61 Safari/537.36"
42.109.144.198 - - [01/Jun/2020:09:22:30 +0000] "GET /assets/img/employees.jpg HTTP/1.1" 200 102723 "https://www.techstuds.com/" "Mozilla/5.0 (Windows NT 10.0; Win64; x64) AppleWebKit/537.36 (KHTML, like Gecko) Chrome/83.0.4103.61 Safari/537.36"
42.109.144.198 - - [01/Jun/2020:09:22:30 +0000] "GET /assets/fonts/techstuds-logo.woff2 HTTP/1.1" 200 15956 "https://www.techstuds.com/styles.56f037a1c22ad3071b1f.css" "Mozilla/5.0 (Windows NT 10.0; Win64; x64) AppleWebKit/537.36 (KHTML, like Gecko) Chrome/83.0.4103.61 Safari/537.36"
42.109.144.198 - - [01/Jun/2020:09:22:30 +0000] "GET /assets/fonts/techstuds-tagline.woff2 HTTP/1.1" 200 19264 "https://www.techstuds.com/styles.56f037a1c22ad3071b1f.css" "Mozilla/5.0 (Windows NT 10.0; Win64; x64) AppleWebKit/537.36 (KHTML, like Gecko) Chrome/83.0.4103.61 Safari/537.36"
42.109.144.198 - - [01/Jun/2020:09:22:31 +0000] "GET /assets/img/company.jpg HTTP/1.1" 200 67814 "https://www.techstuds.com/" "Mozilla/5.0 (Windows NT 10.0; Win64; x64) AppleWebKit/537.36 (KHTML, like Gecko) Chrome/83.0.4103.61 Safari/537.36"
42.109.144.198 - - [01/Jun/2020:09:22:36 +0000] "GET /assets/img/projects.jpg HTTP/1.1" 200 67250 "https://www.techstuds.com/" "Mozilla/5.0 (Windows NT 10.0; Win64; x64) AppleWebKit/537.36 (KHTML, like Gecko) Chrome/83.0.4103.61 Safari/537.36"
42.109.144.198 - - [01/Jun/2020:09:22:40 +0000] "GET /favicon.ico HTTP/1.1" 200 1740 "https://www.techstuds.com/" "Mozilla/5.0 (Windows NT 10.0; Win64; x64) AppleWebKit/537.36 (KHTML, like Gecko) Chrome/83.0.4103.61 Safari/537.36"
41.27.243.218 - - [01/Jun/2020:09:25:28 +0000] "POST /blog/wp-cron.php?doing_wp_cron=1591003528.1191370487213134765625 HTTP/1.1" 200 0 "https://www.techstuds.com/blog/wp-cron.php?doing_wp_cron=1591003528.1191370487213134765625" "WordPress/5.2.6; https://www.techstuds.com/blog"
66.249.72.28 - - [01/Jun/2020:09:25:28 +0000] "GET /blog/aws-s3-cost-cutting-strategies/ HTTP/1.1" 200 13423 "-" "Mozilla/5.0 (Linux; Android 6.0.1; Nexus 5X Build/MMB29P) AppleWebKit/537.36 (KHTML, like Gecko) Chrome/80.0.3987.92 Mobile Safari/537.36 (compatible; Googlebot/2.1; +http://www.google.com/bot.html)"
217.227.73.124 - - [01/Jun/2020:09:28:07 +0000] "HEAD /blog HTTP/1.1" 301 0 "-" "jetmon/1.0 (Jetpack Site Uptime Monitor by WordPress.com)"
217.227.73.124 - - [01/Jun/2020:09:28:07 +0000] "HEAD /blog HTTP/1.1" 301 0 "-" "jetmon/1.0 (Jetpack Site Uptime Monitor by WordPress.com)"
217.227.73.124 - - [01/Jun/2020:09:28:07 +0000] "HEAD /blog/ HTTP/1.1" 301 0 "-" "jetmon/1.0 (Jetpack Site Uptime Monitor by WordPress.com)"
77.75.79.11 - - [01/Jun/2020:09:34:08 +0000] "GET /robots.txt HTTP/1.1" 200 131 "-" "Mozilla/5.0 (compatible; SeznamBot/3.2; +http://napoveda.seznam.cz/en/seznambot-intro/)"
41.27.243.218 - - [01/Jun/2020:09:34:10 +0000] "POST /blog/wp-cron.php?doing_wp_cron=1591004050.4560799598693847656250 HTTP/1.1" 200 0 "https://www.techstuds.com/blog/wp-cron.php?doing_wp_cron=1591004050.4560799598693847656250" "WordPress/5.2.6; https://www.techstuds.com/blog"
77.75.79.11 - - [01/Jun/2020:09:34:10 +0000] "GET /blog/tag/mongodb-join/ HTTP/1.1" 200 6118 "-" "Mozilla/5.0 (compatible; SeznamBot/3.2; +http://napoveda.seznam.cz/en/seznambot-intro/)"
66.249.72.28 - - [01/Jun/2020:09:35:19 +0000] "GET /blog/why-mongodb-is-your-complete-analytical-solution/ HTTP/1.1" 200 13299 "-" "Mozilla/5.0 (Linux; Android 6.0.1; Nexus 5X Build/MMB29P) AppleWebKit/537.36 (KHTML, like Gecko) Chrome/80.0.3987.92 Mobile Safari/537.36 (compatible; Googlebot/2.1; +http://www.google.com/bot.html)"
188.66.213.123 - - [01/Jun/2020:09:35:47 +0000] "GET /blog/why-use-docker/ HTTP/1.1" 200 52822 "-" "FreeWebMonitoring SiteChecker/0.2 (+https://www.freewebmonitoring.com/bot.html)"
217.227.73.124 - - [01/Jun/2020:09:36:16 +0000] "HEAD /blog HTTP/1.1" 301 0 "-" "jetmon/1.0 (Jetpack Site Uptime Monitor by WordPress.com)"
217.227.73.124 - - [01/Jun/2020:09:36:16 +0000] "HEAD /blog HTTP/1.1" 301 0 "-" "jetmon/1.0 (Jetpack Site Uptime Monitor by WordPress.com)"
217.227.73.124 - - [01/Jun/2020:09:36:16 +0000] "HEAD /blog/ HTTP/1.1" 301 0 "-" "jetmon/1.0 (Jetpack Site Uptime Monitor by WordPress.com)"
41.27.243.218 - - [01/Jun/2020:09:38:36 +0000] "POST /blog/wp-cron.php?doing_wp_cron=1591004316.3089220523834228515625 HTTP/1.1" 200 0 "https://www.techstuds.com/blog/wp-cron.php?doing_wp_cron=1591004316.3089220523834228515625" "WordPress/5.2.6; https://www.techstuds.com/blog"
66.249.72.3 - - [01/Jun/2020:09:38:36 +0000] "GET /blog/join-in-mongodb/amp/ HTTP/1.1" 200 16242 "-" "Mozilla/5.0 (Linux; Android 6.0.1; Nexus 5X Build/MMB29P) AppleWebKit/537.36 (KHTML, like Gecko) Chrome/80.0.3987.92 Mobile Safari/537.36 (compatible; Googlebot/2.1; +http://www.google.com/bot.html)"
171.99.155.43 - - [01/Jun/2020:09:40:06 +0000] "GET /blog/wp-content/uploads/2018/02/vuejs.png HTTP/1.1" 200 1765550 "https://www.google.com/" "Mozilla/5.0 (Windows NT 10.0; Win64; x64) AppleWebKit/537.36 (KHTML, like Gecko) Chrome/83.0.4103.61 Safari/537.36"
217.227.73.124 - - [01/Jun/2020:09:43:48 +0000] "HEAD /blog HTTP/1.1" 301 0 "-" "jetmon/1.0 (Jetpack Site Uptime Monitor by WordPress.com)"
217.227.73.124 - - [01/Jun/2020:09:43:48 +0000] "HEAD /blog HTTP/1.1" 301 0 "-" "jetmon/1.0 (Jetpack Site Uptime Monitor by WordPress.com)"
217.227.73.124 - - [01/Jun/2020:09:43:48 +0000] "HEAD /blog/ HTTP/1.1" 301 0 "-" "jetmon/1.0 (Jetpack Site Uptime Monitor by WordPress.com)"
41.27.243.218 - - [01/Jun/2020:09:45:35 +0000] "POST /blog/wp-cron.php?doing_wp_cron=1591004735.2901310920715332031250 HTTP/1.1" 200 0 "https://www.techstuds.com/blog/wp-cron.php?doing_wp_cron=1591004735.2901310920715332031250" "WordPress/5.2.6; https://www.techstuds.com/blog"
66.249.72.30 - - [01/Jun/2020:09:45:35 +0000] "GET /blog/aws-s3-cost-cutting-strategies/amp/ HTTP/1.1" 200 17009 "-" "Mozilla/5.0 (Linux; Android 6.0.1; Nexus 5X Build/MMB29P) AppleWebKit/537.36 (KHTML, like Gecko) Chrome/80.0.3987.92 Mobile Safari/537.36 (compatible; Googlebot/2.1; +http://www.google.com/bot.html)"
180.122.226.95 - - [01/Jun/2020:09:47:58 +0000] "GET / HTTP/1.1" 200 3809 "https://www.techstuds.com/" "Mozilla/5.0 (Windows NT 10.0; Win64; x64) AppleWebKit/537.36 (KHTML, like Gecko) Chrome/78.0.3887.7 Safari/537.36"
217.227.73.124 - - [01/Jun/2020:09:52:11 +0000] "HEAD /blog HTTP/1.1" 301 0 "-" "jetmon/1.0 (Jetpack Site Uptime Monitor by WordPress.com)"
217.227.73.124 - - [01/Jun/2020:09:52:11 +0000] "HEAD /blog HTTP/1.1" 301 0 "-" "jetmon/1.0 (Jetpack Site Uptime Monitor by WordPress.com)"
217.227.73.124 - - [01/Jun/2020:09:52:11 +0000] "HEAD /blog/ HTTP/1.1" 301 0 "-" "jetmon/1.0 (Jetpack Site Uptime Monitor by WordPress.com)"
41.27.243.218 - - [01/Jun/2020:09:54:16 +0000] "POST /blog/wp-cron.php?doing_wp_cron=1591005256.5882320404052734375000 HTTP/1.1" 200 0 "https://www.techstuds.com/blog/wp-cron.php?doing_wp_cron=1591005256.5882320404052734375000" "WordPress/5.2.6; https://www.techstuds.com/blog"
88.251.244.176 - - [01/Jun/2020:09:54:16 +0000] "GET /blog/getting-started-react-native/ HTTP/1.1" 200 13867 "https://www.techstuds.com/" "Mozilla/5.0 (Windows NT 6.1; WOW64) AppleWebKit/537.36 (KHTML, like Gecko) Chrome/65.0.3298.4 Safari/537.36"
88.251.244.176 - - [01/Jun/2020:09:54:17 +0000] "GET /wp-login.php?action=register HTTP/1.1" 200 1544 "https://www.techstuds.com/" "Mozilla/5.0 (Windows NT 6.1; WOW64) AppleWebKit/537.36 (KHTML, like Gecko) Chrome/65.0.3298.4 Safari/537.36"
88.251.244.176 - - [01/Jun/2020:09:54:17 +0000] "GET /wp-login.php?action=register HTTP/1.1" 200 1544 "https://www.techstuds.com/wp-login.php?action=register" "Mozilla/5.0 (Windows NT 6.1; WOW64) AppleWebKit/537.36 (KHTML, like Gecko) Chrome/65.0.3298.4 Safari/537.36"
88.251.244.176 - - [01/Jun/2020:09:54:18 +0000] "GET /blog/getting-started-react-native/ HTTP/1.1" 200 13866 "https://www.techstuds.com/" "Mozilla/5.0 (Windows NT 6.1; WOW64) AppleWebKit/537.36 (KHTML, like Gecko) Chrome/65.0.3298.4 Safari/537.36"
88.251.244.176 - - [01/Jun/2020:09:54:20 +0000] "POST /blog/wp-comments-post.php HTTP/1.1" 302 0 "https://www.techstuds.com/blog/getting-started-react-native/" "Mozilla/5.0 (Windows NT 6.1; WOW64) AppleWebKit/537.36 (KHTML, like Gecko) Chrome/65.0.3298.4 Safari/537.36"
88.251.244.176 - - [01/Jun/2020:09:54:21 +0000] "GET /blog/getting-started-react-native/?unapproved=10192&moderation-hash=a967883d26a3cd843311ddda5952f406 HTTP/1.1" 200 14534 "https://www.techstuds.com/blog/wp-comments-post.php" "Mozilla/5.0 (Windows NT 6.1; WOW64) AppleWebKit/537.36 (KHTML, like Gecko) Chrome/65.0.3298.4 Safari/537.36"
88.251.244.176 - - [01/Jun/2020:09:54:21 +0000] "GET /blog/getting-started-react-native/ HTTP/1.1" 200 13867 "-" "Mozilla/5.0 (Windows NT 6.1; WOW64) AppleWebKit/537.36 (KHTML, like Gecko) Chrome/65.0.3298.4 Safari/537.36"
85.208.96.14 - - [01/Jun/2020:09:55:41 +0000] "GET /robots.txt HTTP/1.1" 301 194 "-" "Mozilla/5.0 (compatible; SemrushBot-BA; +http://www.semrush.com/bot.html)"
85.208.96.14 - - [01/Jun/2020:09:55:41 +0000] "GET /robots.txt HTTP/1.1" 200 131 "http://www.techstuds.com/robots.txt" "Mozilla/5.0 (compatible; SemrushBot-BA; +http://www.semrush.com/bot.html)"
85.208.96.4 - - [01/Jun/2020:09:56:03 +0000] "GET /blog/authentication-using-aws/ HTTP/1.1" 200 13598 "-" "Mozilla/5.0 (compatible; SemrushBot-BA; +http://www.semrush.com/bot.html)"
88.251.244.176 - - [01/Jun/2020:09:56:16 +0000] "GET /blog/getting-started-react-native/ HTTP/1.1" 200 13867 "-" "Mozilla/5.0 (Windows; U; Windows NT 5.2; en-US) AppleWebKit/537.36 (KHTML, like Gecko) Safari/537.36 VivoBrowser/5.4.0 Chrome/38.0.2125.102,gzip(gfe)"
192.0.91.149 - - [01/Jun/2020:09:58:59 +0000] "GET /blog/feed HTTP/1.1" 301 194 "-" "wp.com feedbot/1.0 (+https://wp.com;subscribers=1;feed-id=94469307)"
192.0.91.149 - - [01/Jun/2020:09:59:42 +0000] "GET /blog/feed HTTP/1.1" 301 194 "-" "wp.com feedbot/1.0 (+https://wp.com;subscribers=1;feed-id=94469307)"
41.144.131.88 - - [01/Jun/2020:10:00:01 +0000] "GET / HTTP/1.1" 301 194 "-" "Mozilla/5.0 (Windows NT 10.0; WOW64) AppleWebKit/537.36 (KHTML, like Gecko) Chrome/52.0.2743.116 Safari/537.36"
217.227.73.124 - - [01/Jun/2020:10:00:13 +0000] "HEAD /blog HTTP/1.1" 301 0 "-" "jetmon/1.0 (Jetpack Site Uptime Monitor by WordPress.com)"
217.227.73.124 - - [01/Jun/2020:10:00:13 +0000] "HEAD /blog HTTP/1.1" 301 0 "-" "jetmon/1.0 (Jetpack Site Uptime Monitor by WordPress.com)"
217.227.73.124 - - [01/Jun/2020:10:00:13 +0000] "HEAD /blog/ HTTP/1.1" 301 0 "-" "jetmon/1.0 (Jetpack Site Uptime Monitor by WordPress.com)"
110.229.221.163 - - [01/Jun/2020:10:03:08 +0000] "POST /index.php HTTP/1.1" 301 194 "-" "Mozilla/5.0 (Windows NT 10.0; WOW64; rv:48.0) Gecko/20100101 Firefox/48.0"
110.229.221.163 - - [01/Jun/2020:10:03:09 +0000] "GET /index.php HTTP/1.1" 200 1544 "-" "Mozilla/5.0 (Windows NT 10.0; WOW64; rv:48.0) Gecko/20100101 Firefox/48.0"
217.227.73.124 - - [01/Jun/2020:10:07:37 +0000] "HEAD /blog HTTP/1.1" 301 0 "-" "jetmon/1.0 (Jetpack Site Uptime Monitor by WordPress.com)"
217.227.73.124 - - [01/Jun/2020:10:07:38 +0000] "HEAD /blog HTTP/1.1" 301 0 "-" "jetmon/1.0 (Jetpack Site Uptime Monitor by WordPress.com)"
217.227.73.124 - - [01/Jun/2020:10:07:38 +0000] "HEAD /blog/ HTTP/1.1" 301 0 "-" "jetmon/1.0 (Jetpack Site Uptime Monitor by WordPress.com)"
192.0.99.107 - - [01/Jun/2020:10:10:05 +0000] "GET /blog/wp-content/uploads/2018/05/blog_01.png HTTP/1.1" 301 194 "-" "Photon/1.0"
192.0.99.107 - - [01/Jun/2020:10:10:05 +0000] "GET /blog/wp-content/uploads/2018/05/blog_01.png HTTP/1.1" 200 12274 "-" "Photon/1.0"
107.178.206.150 - - [01/Jun/2020:10:11:53 +0000] "GET /robots.txt HTTP/1.1" 200 131 "-" "RyteBot/1.0.0 (+https://bot.ryte.com/)"
41.27.243.218 - - [01/Jun/2020:10:11:53 +0000] "POST /blog/wp-cron.php?doing_wp_cron=1591006312.1734340190887451171875 HTTP/1.1" 499 0 "https://www.techstuds.com/blog/wp-cron.php?doing_wp_cron=1591006312.1734340190887451171875" "WordPress/5.2.6; https://www.techstuds.com/blog"
157.55.39.212 - - [01/Jun/2020:10:11:53 +0000] "GET /blog/category/elb/amp/ HTTP/1.1" 200 7388 "-" "Mozilla/5.0 (compatible; bingbot/2.0; +http://www.bing.com/bingbot.htm)"
107.178.206.150 - - [01/Jun/2020:10:11:53 +0000] "GET /blog HTTP/1.1" 301 325 "-" "RyteBot/1.0.0 (+https://bot.ryte.com/)"
107.178.206.150 - - [01/Jun/2020:10:11:54 +0000] "GET /robots.txt HTTP/1.1" 301 194 "-" "RyteBot/1.0.0 (+https://bot.ryte.com/)"
107.178.206.150 - - [01/Jun/2020:10:11:54 +0000] "GET /blog/ HTTP/1.1" 301 194 "-" "RyteBot/1.0.0 (+https://bot.ryte.com/)"
107.178.238.127 - - [01/Jun/2020:10:11:54 +0000] "GET /robots.txt HTTP/1.1" 200 131 "-" "RyteBot/1.0.0 (+https://bot.ryte.com/)"
107.178.238.127 - - [01/Jun/2020:10:11:55 +0000] "GET /blog/ HTTP/1.1" 200 10245 "-" "RyteBot/1.0.0 (+https://bot.ryte.com/)"
115.99.189.2 - - [01/Jun/2020:10:11:57 +0000] "GET /blog/join-in-mongodb/ HTTP/1.1" 200 12309 "https://www.google.com/" "Mozilla/5.0 (Windows NT 10.0; Win64; x64; rv:76.0) Gecko/20100101 Firefox/76.0"
115.99.189.2 - - [01/Jun/2020:10:11:58 +0000] "GET /blog/wp-content/themes/ct-corporate?ver=5.2.6 HTTP/1.1" 301 366 "https://www.techstuds.com/blog/join-in-mongodb/" "Mozilla/5.0 (Windows NT 10.0; Win64; x64; rv:76.0) Gecko/20100101 Firefox/76.0"
115.99.189.2 - - [01/Jun/2020:10:11:58 +0000] "GET /blog/wp-content/themes/ct-corporate/css/ct-corporate.css?ver=5.2.6 HTTP/1.1" 200 51663 "https://www.techstuds.com/blog/join-in-mongodb/" "Mozilla/5.0 (Windows NT 10.0; Win64; x64; rv:76.0) Gecko/20100101 Firefox/76.0"
115.99.189.2 - - [01/Jun/2020:10:11:58 +0000] "GET /blog/wp-content/themes/ct-corporate/js/vendor/mmenu.min.js?ver=v5.4.0 HTTP/1.1" 200 9982 "https://www.techstuds.com/blog/join-in-mongodb/" "Mozilla/5.0 (Windows NT 10.0; Win64; x64; rv:76.0) Gecko/20100101 Firefox/76.0"
115.99.189.2 - - [01/Jun/2020:10:11:58 +0000] "GET /blog/wp-content/themes/ct-corporate/js/functions.js?ver=v3.3.2 HTTP/1.1" 200 1994 "https://www.techstuds.com/blog/join-in-mongodb/" "Mozilla/5.0 (Windows NT 10.0; Win64; x64; rv:76.0) Gecko/20100101 Firefox/76.0"
115.99.189.2 - - [01/Jun/2020:10:11:58 +0000] "GET /blog/wp-content/themes/ct-corporate/js/vendor.js?ver=5.2.6 HTTP/1.1" 200 20599 "https://www.techstuds.com/blog/join-in-mongodb/" "Mozilla/5.0 (Windows NT 10.0; Win64; x64; rv:76.0) Gecko/20100101 Firefox/76.0"
115.99.189.2 - - [01/Jun/2020:10:11:58 +0000] "GET /blog/wp-content/themes/ct-corporate/js/slick.js?ver=v3.3.2 HTTP/1.1" 200 15121 "https://www.techstuds.com/blog/join-in-mongodb/" "Mozilla/5.0 (Windows NT 10.0; Win64; x64; rv:76.0) Gecko/20100101 Firefox/76.0"
115.99.189.2 - - [01/Jun/2020:10:11:58 +0000] "GET /blog/?custom-css=5f0c92a636 HTTP/1.1" 200 2107 "https://www.techstuds.com/blog/join-in-mongodb/" "Mozilla/5.0 (Windows NT 10.0; Win64; x64; rv:76.0) Gecko/20100101 Firefox/76.0"
115.99.189.2 - - [01/Jun/2020:10:11:59 +0000] "GET /blog/wp-content/plugins/akismet/_inc/form.js?ver=4.1.1 HTTP/1.1" 200 318 "https://www.techstuds.com/blog/join-in-mongodb/" "Mozilla/5.0 (Windows NT 10.0; Win64; x64; rv:76.0) Gecko/20100101 Firefox/76.0"
115.99.189.2 - - [01/Jun/2020:10:11:59 +0000] "GET /blog/wp-includes/js/wp-emoji-release.min.js?ver=5.2.6 HTTP/1.1" 200 4622 "https://www.techstuds.com/blog/join-in-mongodb/" "Mozilla/5.0 (Windows NT 10.0; Win64; x64; rv:76.0) Gecko/20100101 Firefox/76.0"
115.99.189.2 - - [01/Jun/2020:10:11:59 +0000] "GET /blog/wp-content/themes/ct-corporate/img/cp-top-arrow.png HTTP/1.1" 200 249 "https://www.techstuds.com/blog/wp-content/themes/ct-corporate/css/ct-corporate.css?ver=5.2.6" "Mozilla/5.0 (Windows NT 10.0; Win64; x64; rv:76.0) Gecko/20100101 Firefox/76.0"
115.99.189.2 - - [01/Jun/2020:10:11:59 +0000] "GET /blog/wp-content/themes/ct-corporate/fonts/fontawesome-webfont.woff2?v=4.3.0 HTTP/1.1" 200 56780 "https://www.techstuds.com/blog/wp-content/themes/ct-corporate/css/ct-corporate.css?ver=5.2.6" "Mozilla/5.0 (Windows NT 10.0; Win64; x64; rv:76.0) Gecko/20100101 Firefox/76.0"
115.99.189.2 - - [01/Jun/2020:10:11:59 +0000] "GET /blog/join-in-mongodb/?relatedposts=1 HTTP/1.1" 200 131 "https://www.techstuds.com/blog/join-in-mongodb/" "Mozilla/5.0 (Windows NT 10.0; Win64; x64; rv:76.0) Gecko/20100101 Firefox/76.0"
115.99.189.2 - - [01/Jun/2020:10:12:00 +0000] "GET /blog/wp-content/uploads/2018/05/mongodb-1.jpg HTTP/1.1" 200 126820 "https://www.techstuds.com/blog/join-in-mongodb/" "Mozilla/5.0 (Windows NT 10.0; Win64; x64; rv:76.0) Gecko/20100101 Firefox/76.0"
195.234.109.74 - - [01/Jun/2020:10:12:33 +0000] "GET /blog/wp-content/uploads/2018/05/mongodb-1.jpg HTTP/1.1" 200 126820 "-" "Photon/1.0"
195.54.160.135 - - [01/Jun/2020:10:12:44 +0000] "GET /solr/admin/info/system?wt=json HTTP/1.1" 301 194 "-" "Mozilla/5.0 (Windows NT 10.0; Win64; x64) AppleWebKit/537.36 (KHTML, like Gecko) Chrome/78.0.3904.108 Safari/537.36"
195.54.160.135 - - [01/Jun/2020:10:12:44 +0000] "GET /solr/admin/info/system?wt=json HTTP/1.1" 200 1544 "http://41.27.243.218:80/solr/admin/info/system?wt=json" "Mozilla/5.0 (Windows NT 10.0; Win64; x64) AppleWebKit/537.36 (KHTML, like Gecko) Chrome/78.0.3904.108 Safari/537.36"
46.229.168.135 - - [01/Jun/2020:10:14:58 +0000] "GET /robots.txt HTTP/1.1" 200 131 "-" "Mozilla/5.0 (compatible; SemrushBot/6~bl; +http://www.semrush.com/bot.html)"
41.27.243.218 - - [01/Jun/2020:10:14:58 +0000] "POST /blog/wp-cron.php?doing_wp_cron=1591006498.5191609859466552734375 HTTP/1.1" 200 0 "https://www.techstuds.com/blog/wp-cron.php?doing_wp_cron=1591006498.5191609859466552734375" "WordPress/5.2.6; https://www.techstuds.com/blog"
46.229.168.130 - - [01/Jun/2020:10:14:58 +0000] "GET /blog/lambda-architecture-and-usage/ HTTP/1.1" 200 12618 "-" "Mozilla/5.0 (compatible; SemrushBot/6~bl; +http://www.semrush.com/bot.html)"
217.227.73.124 - - [01/Jun/2020:10:15:15 +0000] "HEAD /blog HTTP/1.1" 301 0 "-" "jetmon/1.0 (Jetpack Site Uptime Monitor by WordPress.com)"
217.227.73.124 - - [01/Jun/2020:10:15:15 +0000] "HEAD /blog HTTP/1.1" 301 0 "-" "jetmon/1.0 (Jetpack Site Uptime Monitor by WordPress.com)"
217.227.73.124 - - [01/Jun/2020:10:15:15 +0000] "HEAD /blog/ HTTP/1.1" 301 0 "-" "jetmon/1.0 (Jetpack Site Uptime Monitor by WordPress.com)"
66.249.72.28 - - [01/Jun/2020:10:15:48 +0000] "GET /contact HTTP/1.1" 304 0 "-" "Mozilla/5.0 (Linux; Android 6.0.1; Nexus 5X Build/MMB29P) AppleWebKit/537.36 (KHTML, like Gecko) Chrome/80.0.3987.92 Mobile Safari/537.36 (compatible; Googlebot/2.1; +http://www.google.com/bot.html)"
195.54.160.135 - - [01/Jun/2020:10:17:40 +0000] "GET /?a=fetch&content=<php>die(@md5(HelloThinkCMF))</php> HTTP/1.1" 301 194 "-" "Mozilla/5.0 (Windows NT 10.0; Win64; x64) AppleWebKit/537.36 (KHTML, like Gecko) Chrome/78.0.3904.108 Safari/537.36"
195.54.160.135 - - [01/Jun/2020:10:17:40 +0000] "GET /?a=fetch&content=<php>die(@md5(HelloThinkCMF))</php> HTTP/1.1" 200 1544 "http://41.27.243.218:80/?a=fetch&content=<php>die(@md5(HelloThinkCMF))</php>" "Mozilla/5.0 (Windows NT 10.0; Win64; x64) AppleWebKit/537.36 (KHTML, like Gecko) Chrome/78.0.3904.108 Safari/537.36"
195.54.160.135 - - [01/Jun/2020:10:17:40 +0000] "GET /?XDEBUG_SESSION_START=phpstorm HTTP/1.1" 301 194 "-" "Mozilla/5.0 (Windows NT 10.0; Win64; x64) AppleWebKit/537.36 (KHTML, like Gecko) Chrome/78.0.3904.108 Safari/537.36"
195.54.160.135 - - [01/Jun/2020:10:17:40 +0000] "GET /?XDEBUG_SESSION_START=phpstorm HTTP/1.1" 200 1544 "http://41.27.243.218:80/?XDEBUG_SESSION_START=phpstorm" "Mozilla/5.0 (Windows NT 10.0; Win64; x64) AppleWebKit/537.36 (KHTML, like Gecko) Chrome/78.0.3904.108 Safari/537.36"
114.119.167.112 - - [01/Jun/2020:10:20:05 +0000] "GET /robots.txt HTTP/1.1" 200 131 "-" "Mozilla/5.0 (Linux; Android 7.0;) AppleWebKit/537.36 (KHTML, like Gecko) Mobile Safari/537.36 (compatible; PetalBot;+https://aspiegel.com/petalbot)"
217.227.73.124 - - [01/Jun/2020:10:23:22 +0000] "HEAD /blog HTTP/1.1" 301 0 "-" "jetmon/1.0 (Jetpack Site Uptime Monitor by WordPress.com)"
217.227.73.124 - - [01/Jun/2020:10:23:22 +0000] "HEAD /blog HTTP/1.1" 301 0 "-" "jetmon/1.0 (Jetpack Site Uptime Monitor by WordPress.com)"
217.227.73.124 - - [01/Jun/2020:10:23:22 +0000] "HEAD /blog/ HTTP/1.1" 301 0 "-" "jetmon/1.0 (Jetpack Site Uptime Monitor by WordPress.com)"
91.203.61.191 - - [01/Jun/2020:10:23:36 +0000] "POST /cgi-bin/mainfunction.cgi HTTP/1.1" 301 194 "-" "XTC"
41.27.243.218 - - [01/Jun/2020:10:23:37 +0000] "POST /blog/wp-cron.php?doing_wp_cron=1591007016.2240788936614990234375 HTTP/1.1" 499 0 "https://www.techstuds.com/blog/wp-cron.php?doing_wp_cron=1591007016.2240788936614990234375" "WordPress/5.2.6; https://www.techstuds.com/blog"
41.27.243.218 - - [01/Jun/2020:10:23:37 +0000] "HEAD /blog/why-use-docker/ HTTP/1.1" 200 0 "https://www.techstuds.com/blog" "Mozilla/5.0 (compatible; MSIE 9.0; Windows NT 6.1; WOW64; Trident/5.0)"
66.249.72.30 - - [01/Jun/2020:10:23:37 +0000] "GET /blog/lambda-architecture-for-big-data-handling-in-aws/amp/ HTTP/1.1" 200 15952 "-" "Mozilla/5.0 (Linux; Android 6.0.1; Nexus 5X Build/MMB29P) AppleWebKit/537.36 (KHTML, like Gecko) Chrome/80.0.3987.92 Mobile Safari/537.36 (compatible; Googlebot/2.1; +http://www.google.com/bot.html)"
41.27.243.218 - - [01/Jun/2020:10:23:39 +0000] "HEAD /blog/familiarisation-with-dockers/ HTTP/1.1" 200 0 "https://www.techstuds.com/blog" "Mozilla/5.0 (compatible; MSIE 9.0; Windows NT 6.1; WOW64; Trident/5.0)"
41.27.243.218 - - [01/Jun/2020:10:23:41 +0000] "HEAD /blog/lambda-architecture-for-big-data-handling-in-aws/ HTTP/1.1" 200 0 "https://www.techstuds.com/blog" "Mozilla/5.0 (compatible; MSIE 9.0; Windows NT 6.1; WOW64; Trident/5.0)"
195.54.160.135 - - [01/Jun/2020:10:25:09 +0000] "GET /index.php?s=/Index/\x5Cthink\x5Capp/invokefunction&function=call_user_func_array&vars[0]=md5&vars[1][]=HelloThinkPHP HTTP/1.1" 301 194 "-" "Mozilla/5.0 (Windows NT 10.0; Win64; x64) AppleWebKit/537.36 (KHTML, like Gecko) Chrome/78.0.3904.108 Safari/537.36"
195.54.160.135 - - [01/Jun/2020:10:25:09 +0000] "GET /index.php?s=/Index/\x5Cthink\x5Capp/invokefunction&function=call_user_func_array&vars[0]=md5&vars[1][]=HelloThinkPHP HTTP/1.1" 200 1544 "http://41.27.243.218:80/index.php?s=/Index/\x5Cthink\x5Capp/invokefunction&function=call_user_func_array&vars[0]=md5&vars[1][]=HelloThinkPHP" "Mozilla/5.0 (Windows NT 10.0; Win64; x64) AppleWebKit/537.36 (KHTML, like Gecko) Chrome/78.0.3904.108 Safari/537.36"
217.227.73.124 - - [01/Jun/2020:10:30:45 +0000] "HEAD /blog HTTP/1.1" 301 0 "-" "jetmon/1.0 (Jetpack Site Uptime Monitor by WordPress.com)"
217.227.73.124 - - [01/Jun/2020:10:30:46 +0000] "HEAD /blog HTTP/1.1" 301 0 "-" "jetmon/1.0 (Jetpack Site Uptime Monitor by WordPress.com)"
217.227.73.124 - - [01/Jun/2020:10:30:46 +0000] "HEAD /blog/ HTTP/1.1" 301 0 "-" "jetmon/1.0 (Jetpack Site Uptime Monitor by WordPress.com)"
41.27.243.218 - - [01/Jun/2020:10:38:17 +0000] "HEAD /blog/log-parsing-using-elk/ HTTP/1.1" 200 0 "https://www.techstuds.com/blog" "Mozilla/5.0 (compatible; MSIE 9.0; Windows NT 6.1; WOW64; Trident/5.0)"
41.27.243.218 - - [01/Jun/2020:10:38:18 +0000] "POST /blog/wp-cron.php?doing_wp_cron=1591007897.4274280071258544921875 HTTP/1.1" 200 0 "https://www.techstuds.com/blog/wp-cron.php?doing_wp_cron=1591007897.4274280071258544921875" "WordPress/5.2.6; https://www.techstuds.com/blog"
188.66.213.123 - - [01/Jun/2020:10:38:18 +0000] "GET /blog/why-use-docker/ HTTP/1.1" 200 52823 "-" "FreeWebMonitoring SiteChecker/0.2 (+https://www.freewebmonitoring.com/bot.html)"
217.227.73.124 - - [01/Jun/2020:10:38:58 +0000] "HEAD /blog HTTP/1.1" 301 0 "-" "jetmon/1.0 (Jetpack Site Uptime Monitor by WordPress.com)"
217.227.73.124 - - [01/Jun/2020:10:38:58 +0000] "HEAD /blog HTTP/1.1" 301 0 "-" "jetmon/1.0 (Jetpack Site Uptime Monitor by WordPress.com)"
217.227.73.124 - - [01/Jun/2020:10:38:58 +0000] "HEAD /blog/ HTTP/1.1" 301 0 "-" "jetmon/1.0 (Jetpack Site Uptime Monitor by WordPress.com)"
41.27.243.218 - - [01/Jun/2020:10:45:12 +0000] "POST /blog/wp-cron.php?doing_wp_cron=1591008312.0834870338439941406250 HTTP/1.1" 200 0 "https://www.techstuds.com/blog/wp-cron.php?doing_wp_cron=1591008312.0834870338439941406250" "WordPress/5.2.6; https://www.techstuds.com/blog"
95.111.246.124 - - [01/Jun/2020:10:45:12 +0000] "GET /blog/go-or-golang/ HTTP/1.1" 200 13699 "-" "Mozilla/5.0 (Windows; U; Windows NT 5.2; en-US) AppleWebKit/537.36 (KHTML, like Gecko) Safari/537.36 VivoBrowser/5.4.0 Chrome/38.0.2125.102,gzip(gfe)"
217.227.73.124 - - [01/Jun/2020:10:46:31 +0000] "HEAD /blog HTTP/1.1" 301 0 "-" "jetmon/1.0 (Jetpack Site Uptime Monitor by WordPress.com)"
217.227.73.124 - - [01/Jun/2020:10:46:31 +0000] "HEAD /blog HTTP/1.1" 301 0 "-" "jetmon/1.0 (Jetpack Site Uptime Monitor by WordPress.com)"
217.227.73.124 - - [01/Jun/2020:10:46:31 +0000] "HEAD /blog/ HTTP/1.1" 301 0 "-" "jetmon/1.0 (Jetpack Site Uptime Monitor by WordPress.com)"
217.227.73.124 - - [01/Jun/2020:10:55:14 +0000] "HEAD /blog HTTP/1.1" 301 0 "-" "jetmon/1.0 (Jetpack Site Uptime Monitor by WordPress.com)"
217.227.73.124 - - [01/Jun/2020:10:55:14 +0000] "HEAD /blog HTTP/1.1" 301 0 "-" "jetmon/1.0 (Jetpack Site Uptime Monitor by WordPress.com)"
217.227.73.124 - - [01/Jun/2020:10:55:14 +0000] "HEAD /blog/ HTTP/1.1" 301 0 "-" "jetmon/1.0 (Jetpack Site Uptime Monitor by WordPress.com)"
41.27.243.218 - - [01/Jun/2020:10:57:35 +0000] "POST /blog/wp-cron.php?doing_wp_cron=1591009054.7863540649414062500000 HTTP/1.1" 200 0 "https://www.techstuds.com/blog/wp-cron.php?doing_wp_cron=1591009054.7863540649414062500000" "WordPress/5.2.6; https://www.techstuds.com/blog"
46.229.168.140 - - [01/Jun/2020:10:57:35 +0000] "GET /blog/tag/metricbeat/ HTTP/1.1" 200 6144 "-" "Mozilla/5.0 (compatible; SemrushBot/6~bl; +http://www.semrush.com/bot.html)"
188.190.221.68 - - [01/Jun/2020:11:01:45 +0000] "GET / HTTP/1.1" 301 194 "-" "Mozilla/5.0 (Macintosh; Intel Mac OS X 10_11_6) AppleWebKit/601.7.7 (KHTML, like Gecko) Version/9.1.2 Safari/601.7.7"
217.227.73.124 - - [01/Jun/2020:11:02:02 +0000] "HEAD /blog HTTP/1.1" 301 0 "-" "jetmon/1.0 (Jetpack Site Uptime Monitor by WordPress.com)"
217.227.73.124 - - [01/Jun/2020:11:02:02 +0000] "HEAD /blog HTTP/1.1" 301 0 "-" "jetmon/1.0 (Jetpack Site Uptime Monitor by WordPress.com)"
217.227.73.124 - - [01/Jun/2020:11:02:02 +0000] "HEAD /blog/ HTTP/1.1" 301 0 "-" "jetmon/1.0 (Jetpack Site Uptime Monitor by WordPress.com)"
77.75.78.164 - - [01/Jun/2020:11:04:57 +0000] "GET /robots.txt HTTP/1.1" 200 131 "-" "Mozilla/5.0 (compatible; SeznamBot/3.2; +http://napoveda.seznam.cz/en/seznambot-intro/)"
41.27.243.218 - - [01/Jun/2020:11:04:59 +0000] "POST /blog/wp-cron.php?doing_wp_cron=1591009498.8856530189514160156250 HTTP/1.1" 200 0 "https://www.techstuds.com/blog/wp-cron.php?doing_wp_cron=1591009498.8856530189514160156250" "WordPress/5.2.6; https://www.techstuds.com/blog"
77.75.78.164 - - [01/Jun/2020:11:04:59 +0000] "GET /blog/tag/mongodb-php/ HTTP/1.1" 200 6116 "-" "Mozilla/5.0 (compatible; SeznamBot/3.2; +http://napoveda.seznam.cz/en/seznambot-intro/)"
217.227.73.124 - - [01/Jun/2020:11:10:18 +0000] "HEAD /blog HTTP/1.1" 301 0 "-" "jetmon/1.0 (Jetpack Site Uptime Monitor by WordPress.com)"
217.227.73.124 - - [01/Jun/2020:11:10:18 +0000] "HEAD /blog HTTP/1.1" 301 0 "-" "jetmon/1.0 (Jetpack Site Uptime Monitor by WordPress.com)"
217.227.73.124 - - [01/Jun/2020:11:10:18 +0000] "HEAD /blog/ HTTP/1.1" 301 0 "-" "jetmon/1.0 (Jetpack Site Uptime Monitor by WordPress.com)"
41.27.243.218 - - [01/Jun/2020:11:16:34 +0000] "POST /blog/wp-cron.php?doing_wp_cron=1591010194.6363179683685302734375 HTTP/1.1" 200 0 "https://www.techstuds.com/blog/wp-cron.php?doing_wp_cron=1591010194.6363179683685302734375" "WordPress/5.2.6; https://www.techstuds.com/blog"
88.251.244.176 - - [01/Jun/2020:11:16:34 +0000] "GET /blog/join-in-mongodb/ HTTP/1.1" 200 12310 "https://www.techstuds.com/" "Mozilla/5.0 (Windows NT 6.1; WOW64) AppleWebKit/537.36 (KHTML, like Gecko) Chrome/61.0.3163.69 Freeu/61.0.3163.69 MRCHROME SOC Safari/537.36"
88.251.244.176 - - [01/Jun/2020:11:16:35 +0000] "GET /wp-login.php?action=register HTTP/1.1" 200 1544 "https://www.techstuds.com/" "Mozilla/5.0 (Windows NT 6.1; WOW64) AppleWebKit/537.36 (KHTML, like Gecko) Chrome/61.0.3163.69 Freeu/61.0.3163.69 MRCHROME SOC Safari/537.36"
88.251.244.176 - - [01/Jun/2020:11:16:35 +0000] "GET /wp-login.php?action=register HTTP/1.1" 200 1544 "https://www.techstuds.com/wp-login.php?action=register" "Mozilla/5.0 (Windows NT 6.1; WOW64) AppleWebKit/537.36 (KHTML, like Gecko) Chrome/61.0.3163.69 Freeu/61.0.3163.69 MRCHROME SOC Safari/537.36"
41.27.243.218 - - [01/Jun/2020:11:16:36 +0000] "POST /blog/wp-cron.php?doing_wp_cron=1591010196.5087530612945556640625 HTTP/1.1" 200 0 "https://www.techstuds.com/blog/wp-cron.php?doing_wp_cron=1591010196.5087530612945556640625" "WordPress/5.2.6; https://www.techstuds.com/blog"
88.251.244.176 - - [01/Jun/2020:11:16:36 +0000] "GET /blog/join-in-mongodb/ HTTP/1.1" 200 12309 "https://www.techstuds.com/" "Mozilla/5.0 (Windows NT 6.1; WOW64) AppleWebKit/537.36 (KHTML, like Gecko) Chrome/61.0.3163.69 Freeu/61.0.3163.69 MRCHROME SOC Safari/537.36"
41.27.243.218 - - [01/Jun/2020:11:16:37 +0000] "POST /blog/wp-cron.php?doing_wp_cron=1591010197.3328769207000732421875 HTTP/1.1" 200 0 "https://www.techstuds.com/blog/wp-cron.php?doing_wp_cron=1591010197.3328769207000732421875" "WordPress/5.2.6; https://www.techstuds.com/blog"
88.251.244.176 - - [01/Jun/2020:11:16:38 +0000] "POST /blog/wp-comments-post.php HTTP/1.1" 302 0 "https://www.techstuds.com/blog/join-in-mongodb/" "Mozilla/5.0 (Windows NT 6.1; WOW64) AppleWebKit/537.36 (KHTML, like Gecko) Chrome/61.0.3163.69 Freeu/61.0.3163.69 MRCHROME SOC Safari/537.36"
41.27.243.218 - - [01/Jun/2020:11:16:39 +0000] "POST /blog/wp-cron.php?doing_wp_cron=1591010199.2360370159149169921875 HTTP/1.1" 200 0 "https://www.techstuds.com/blog/wp-cron.php?doing_wp_cron=1591010199.2360370159149169921875" "WordPress/5.2.6; https://www.techstuds.com/blog"
88.251.244.176 - - [01/Jun/2020:11:16:39 +0000] "GET /blog/join-in-mongodb/?unapproved=10193&moderation-hash=b5a2abccfdfd10728b17e806f2450930 HTTP/1.1" 200 13092 "https://www.techstuds.com/blog/wp-comments-post.php" "Mozilla/5.0 (Windows NT 6.1; WOW64) AppleWebKit/537.36 (KHTML, like Gecko) Chrome/61.0.3163.69 Freeu/61.0.3163.69 MRCHROME SOC Safari/537.36"
88.251.244.176 - - [01/Jun/2020:11:16:40 +0000] "GET /blog/join-in-mongodb/ HTTP/1.1" 200 12309 "-" "Mozilla/5.0 (Windows NT 6.1; WOW64) AppleWebKit/537.36 (KHTML, like Gecko) Chrome/61.0.3163.69 Freeu/61.0.3163.69 MRCHROME SOC Safari/537.36"
217.227.73.124 - - [01/Jun/2020:11:17:46 +0000] "HEAD /blog HTTP/1.1" 301 0 "-" "jetmon/1.0 (Jetpack Site Uptime Monitor by WordPress.com)"
217.227.73.124 - - [01/Jun/2020:11:17:46 +0000] "HEAD /blog HTTP/1.1" 301 0 "-" "jetmon/1.0 (Jetpack Site Uptime Monitor by WordPress.com)"
217.227.73.124 - - [01/Jun/2020:11:17:46 +0000] "HEAD /blog/ HTTP/1.1" 301 0 "-" "jetmon/1.0 (Jetpack Site Uptime Monitor by WordPress.com)"
120.29.108.59 - - [01/Jun/2020:11:18:13 +0000] "GET / HTTP/1.1" 301 194 "http://anti-crisis-seo.com" "Mozilla/5.0 (Windows NT 10.0; Win64; x64) AppleWebKit/537.36 (KHTML, like Gecko) Chrome/74.0.3729.169 Safari/537.36"
88.251.244.176 - - [01/Jun/2020:11:18:30 +0000] "GET /blog/join-in-mongodb/ HTTP/1.1" 200 12310 "-" "Mozilla/5.0 (Windows; U; Windows NT 5.2; en-US) AppleWebKit/537.36 (KHTML, like Gecko) Safari/537.36 VivoBrowser/5.4.0 Chrome/38.0.2125.102,gzip(gfe)"
77.88.5.101 - - [01/Jun/2020:11:21:09 +0000] "GET /robots.txt HTTP/1.1" 200 185 "-" "Mozilla/5.0 (compatible; YandexBot/3.0; +http://yandex.com/bots)"
77.88.5.101 - - [01/Jun/2020:11:21:13 +0000] "GET / HTTP/1.1" 200 1544 "-" "Mozilla/5.0 (compatible; YandexBot/3.0; +http://yandex.com/bots)"
192.0.84.108 - - [01/Jun/2020:11:22:13 +0000] "GET /blog/feed HTTP/1.1" 301 194 "-" "wp.com feedbot/1.0 (+https://wp.com;subscribers=1;feed-id=94469307)"
192.0.84.108 - - [01/Jun/2020:11:22:59 +0000] "GET /blog/feed HTTP/1.1" 301 194 "-" "wp.com feedbot/1.0 (+https://wp.com;subscribers=1;feed-id=94469307)"
41.27.243.218 - - [01/Jun/2020:11:23:36 +0000] "POST /blog/wp-cron.php?doing_wp_cron=1591010616.2018239498138427734375 HTTP/1.1" 200 0 "https://www.techstuds.com/blog/wp-cron.php?doing_wp_cron=1591010616.2018239498138427734375" "WordPress/5.2.6; https://www.techstuds.com/blog"
66.249.72.28 - - [01/Jun/2020:11:23:36 +0000] "GET /blog/why-mongodb-is-your-complete-analytical-solution/amp/ HTTP/1.1" 200 15821 "-" "Mozilla/5.0 (Linux; Android 6.0.1; Nexus 5X Build/MMB29P) AppleWebKit/537.36 (KHTML, like Gecko) Chrome/80.0.3987.92 Mobile Safari/537.36 (compatible; Googlebot/2.1; +http://www.google.com/bot.html)"
95.91.206.49 - - [01/Jun/2020:11:24:07 +0000] "GET /blog/wp-content/uploads/2018/02/vuejs.png HTTP/1.1" 200 1765550 "https://www.google.com/" "Mozilla/5.0 (Windows NT 10.0; Win64; x64) AppleWebKit/537.36 (KHTML, like Gecko) Chrome/83.0.4103.61 Safari/537.36"
41.27.243.218 - - [01/Jun/2020:11:25:42 +0000] "POST /blog/wp-cron.php?doing_wp_cron=1591010742.3980889320373535156250 HTTP/1.1" 200 0 "https://www.techstuds.com/blog/wp-cron.php?doing_wp_cron=1591010742.3980889320373535156250" "WordPress/5.2.6; https://www.techstuds.com/blog"
157.55.39.144 - - [01/Jun/2020:11:25:42 +0000] "GET /blog/tag/rds/feed/ HTTP/1.1" 200 1213 "-" "Mozilla/5.0 (compatible; bingbot/2.0; +http://www.bing.com/bingbot.htm)"
217.227.73.124 - - [01/Jun/2020:11:26:37 +0000] "HEAD /blog HTTP/1.1" 301 0 "-" "jetmon/1.0 (Jetpack Site Uptime Monitor by WordPress.com)"
217.227.73.124 - - [01/Jun/2020:11:26:37 +0000] "HEAD /blog HTTP/1.1" 301 0 "-" "jetmon/1.0 (Jetpack Site Uptime Monitor by WordPress.com)"
217.227.73.124 - - [01/Jun/2020:11:26:37 +0000] "HEAD /blog/ HTTP/1.1" 301 0 "-" "jetmon/1.0 (Jetpack Site Uptime Monitor by WordPress.com)"
217.227.73.124 - - [01/Jun/2020:11:33:31 +0000] "HEAD /blog HTTP/1.1" 301 0 "-" "jetmon/1.0 (Jetpack Site Uptime Monitor by WordPress.com)"
217.227.73.124 - - [01/Jun/2020:11:33:31 +0000] "HEAD /blog HTTP/1.1" 301 0 "-" "jetmon/1.0 (Jetpack Site Uptime Monitor by WordPress.com)"
217.227.73.124 - - [01/Jun/2020:11:33:31 +0000] "HEAD /blog/ HTTP/1.1" 301 0 "-" "jetmon/1.0 (Jetpack Site Uptime Monitor by WordPress.com)"
114.119.165.232 - - [01/Jun/2020:11:34:20 +0000] "GET /robots.txt HTTP/1.1" 200 131 "-" "Mozilla/5.0 (Linux; Android 7.0;) AppleWebKit/537.36 (KHTML, like Gecko) Mobile Safari/537.36 (compatible; PetalBot;+https://aspiegel.com/petalbot)"
193.42.99.162 - - [01/Jun/2020:11:37:16 +0000] "HEAD /robots.txt HTTP/1.0" 301 0 "-" "-"
217.227.73.124 - - [01/Jun/2020:11:41:39 +0000] "HEAD /blog HTTP/1.1" 301 0 "-" "jetmon/1.0 (Jetpack Site Uptime Monitor by WordPress.com)"
217.227.73.124 - - [01/Jun/2020:11:41:39 +0000] "HEAD /blog HTTP/1.1" 301 0 "-" "jetmon/1.0 (Jetpack Site Uptime Monitor by WordPress.com)"
217.227.73.124 - - [01/Jun/2020:11:41:39 +0000] "HEAD /blog/ HTTP/1.1" 301 0 "-" "jetmon/1.0 (Jetpack Site Uptime Monitor by WordPress.com)"
41.27.243.218 - - [01/Jun/2020:11:42:16 +0000] "POST /blog/wp-cron.php?doing_wp_cron=1591011735.8807981014251708984375 HTTP/1.1" 200 0 "https://www.techstuds.com/blog/wp-cron.php?doing_wp_cron=1591011735.8807981014251708984375" "WordPress/5.2.6; https://www.techstuds.com/blog"
188.66.213.123 - - [01/Jun/2020:11:42:16 +0000] "GET /blog/why-use-docker/ HTTP/1.1" 200 52823 "-" "FreeWebMonitoring SiteChecker/0.2 (+https://www.freewebmonitoring.com/bot.html)"
184.22.209.112 - - [01/Jun/2020:11:45:15 +0000] "GET /blog/wp-content/themes/ct-corporate?ver=5.2.6 HTTP/1.1" 301 366 "https://www.techstuds.com/blog/introduction-of-geo-queries-in-mongodb/" "Mozilla/5.0 (Macintosh; Intel Mac OS X 10_14_6) AppleWebKit/537.36 (KHTML, like Gecko) Chrome/80.0.3987.132 Safari/537.36"
