41.27.243.218 - - [01/Jun/2020:13:25:20 +0000] "HEAD /blog/wp-content/uploads/2018/09/sar_01_aurora-architecture-Page-1.png HTTP/1.1" 200 0 "https://www.techstuds.com/blog" "Mozilla/5.0 (compatible; MSIE 9.0; Windows NT 6.1; WOW64; Trident/5.0)"
41.27.243.218 - - [01/Jun/2020:13:25:25 +0000] "HEAD /blog/wp-content/uploads/2018/10/04_autoscale-configurations.png HTTP/1.1" 301 0 "https://www.techstuds.com/blog" "Mozilla/5.0 (compatible; MSIE 9.0; Windows NT 6.1; WOW64; Trident/5.0)"
41.27.243.218 - - [01/Jun/2020:13:25:25 +0000] "HEAD /blog/wp-content/uploads/2018/10/04_autoscale-configurations.png HTTP/1.1" 200 0 "https://www.techstuds.com/blog" "Mozilla/5.0 (compatible; MSIE 9.0; Windows NT 6.1; WOW64; Trident/5.0)"
41.27.243.218 - - [01/Jun/2020:13:25:31 +0000] "HEAD /blog/wp-content/uploads/2018/10/01_launch-configurations.png HTTP/1.1" 301 0 "https://www.techstuds.com/blog" "Mozilla/5.0 (compatible; MSIE 9.0; Windows NT 6.1; WOW64; Trident/5.0)"
41.27.243.218 - - [01/Jun/2020:13:25:31 +0000] "HEAD /blog/wp-content/uploads/2018/10/01_launch-configurations.png HTTP/1.1" 200 0 "https://www.techstuds.com/blog" "Mozilla/5.0 (compatible; MSIE 9.0; Windows NT 6.1; WOW64; Trident/5.0)"
91.237.241.247 - - [01/Jun/2020:13:26:30 +0000] "GET / HTTP/1.1" 301 194 "-" "Mozilla/5.0 (Windows NT 10.0; WOW64) AppleWebKit/537.36 (KHTML, like Gecko) Chrome/51.0.2704.103 Safari/537.36"
137.97.116.20 - - [01/Jun/2020:13:30:40 +0000] "GET /career HTTP/1.1" 200 1544 "https://www.google.com/" "Mozilla/5.0 (Linux; Android 6.0.1; Redmi Note 3) AppleWebKit/537.36 (KHTML, like Gecko) Chrome/81.0.4044.138 Mobile Safari/537.36"
217.227.73.124 - - [01/Jun/2020:13:31:30 +0000] "HEAD /blog HTTP/1.1" 301 0 "-" "jetmon/1.0 (Jetpack Site Uptime Monitor by WordPress.com)"
217.227.73.124 - - [01/Jun/2020:13:31:30 +0000] "HEAD /blog HTTP/1.1" 301 0 "-" "jetmon/1.0 (Jetpack Site Uptime Monitor by WordPress.com)"
217.227.73.124 - - [01/Jun/2020:13:31:30 +0000] "HEAD /blog/ HTTP/1.1" 301 0 "-" "jetmon/1.0 (Jetpack Site Uptime Monitor by WordPress.com)"
91.236.239.183 - - [01/Jun/2020:13:31:41 +0000] "GET /.env HTTP/1.1" 301 194 "-" "-"
91.236.239.183 - - [01/Jun/2020:13:31:42 +0000] "GET /.env HTTP/1.1" 200 1544 "-" "-"
13.68.255.211 - - [01/Jun/2020:13:37:42 +0000] "HEAD /robots.txt HTTP/1.0" 301 0 "-" "-"
157.55.39.217 - - [01/Jun/2020:13:38:11 +0000] "GET / HTTP/1.1" 301 194 "-" "Mozilla/5.0 (compatible; bingbot/2.0; +http://www.bing.com/bingbot.htm)"
41.27.243.218 - - [01/Jun/2020:13:39:01 +0000] "POST /blog/wp-cron.php?doing_wp_cron=1591018741.3833770751953125000000 HTTP/1.1" 200 0 "https://www.techstuds.com/blog/wp-cron.php?doing_wp_cron=1591018741.3833770751953125000000" "WordPress/5.2.6; https://www.techstuds.com/blog"
157.55.39.212 - - [01/Jun/2020:13:39:01 +0000] "GET /blog/tag/mongodb-6-3/ HTTP/1.1" 200 6117 "-" "Mozilla/5.0 (compatible; bingbot/2.0; +http://www.bing.com/bingbot.htm)"
216.244.66.200 - - [01/Jun/2020:13:39:08 +0000] "GET /robots.txt HTTP/1.1" 301 194 "-" "Mozilla/5.0 (compatible; DotBot/1.1; http://www.opensiteexplorer.org/dotbot, help@moz.com)"
216.244.66.200 - - [01/Jun/2020:13:39:08 +0000] "GET /robots.txt HTTP/1.1" 200 185 "-" "Mozilla/5.0 (compatible; DotBot/1.1; http://www.opensiteexplorer.org/dotbot, help@moz.com)"
217.227.73.124 - - [01/Jun/2020:13:39:12 +0000] "HEAD /blog HTTP/1.1" 301 0 "-" "jetmon/1.0 (Jetpack Site Uptime Monitor by WordPress.com)"
217.227.73.124 - - [01/Jun/2020:13:39:12 +0000] "HEAD /blog HTTP/1.1" 301 0 "-" "jetmon/1.0 (Jetpack Site Uptime Monitor by WordPress.com)"
217.227.73.124 - - [01/Jun/2020:13:39:12 +0000] "HEAD /blog/ HTTP/1.1" 301 0 "-" "jetmon/1.0 (Jetpack Site Uptime Monitor by WordPress.com)"
216.244.66.200 - - [01/Jun/2020:13:41:25 +0000] "GET /blog HTTP/1.1" 301 317 "-" "Mozilla/5.0 (compatible; DotBot/1.1; http://www.opensiteexplorer.org/dotbot, help@moz.com)"
198.108.66.245 - - [01/Jun/2020:13:43:48 +0000] "GET / HTTP/1.1" 301 194 "-" "Mozilla/5.0 zgrab/0.x"
198.108.66.245 - - [01/Jun/2020:13:43:48 +0000] "GET / HTTP/1.1" 200 1544 "-" "Mozilla/5.0 zgrab/0.x"
41.27.243.218 - - [01/Jun/2020:13:44:44 +0000] "POST /blog/wp-cron.php?doing_wp_cron=1591019084.1945450305938720703125 HTTP/1.1" 200 0 "https://www.techstuds.com/blog/wp-cron.php?doing_wp_cron=1591019084.1945450305938720703125" "WordPress/5.2.6; https://www.techstuds.com/blog"
157.55.39.144 - - [01/Jun/2020:13:44:44 +0000] "GET /blog/mongodb/ HTTP/1.1" 200 12318 "-" "Mozilla/5.0 (compatible; bingbot/2.0; +http://www.bing.com/bingbot.htm)"
157.55.39.212 - - [01/Jun/2020:13:44:53 +0000] "GET /blog/wp-content/themes/ct-corporate/js/vendor/mmenu.min.js?ver=v5.4.0 HTTP/1.1" 200 9982 "-" "Mozilla/5.0 (compatible; bingbot/2.0; +http://www.bing.com/bingbot.htm)"
157.55.39.80 - - [01/Jun/2020:13:44:58 +0000] "GET /blog/mongodb/?relatedposts=1 HTTP/1.1" 200 131 "-" "Mozilla/5.0 (compatible; bingbot/2.0; +http://www.bing.com/bingbot.htm)"
157.55.39.144 - - [01/Jun/2020:13:45:03 +0000] "GET /blog/wp-includes/js/wp-emoji-release.min.js?ver=5.2.6 HTTP/1.1" 200 4622 "-" "Mozilla/5.0 (compatible; bingbot/2.0; +http://www.bing.com/bingbot.htm)"
188.66.213.123 - - [01/Jun/2020:13:45:44 +0000] "GET /blog/why-use-docker/ HTTP/1.1" 200 52822 "-" "FreeWebMonitoring SiteChecker/0.2 (+https://www.freewebmonitoring.com/bot.html)"
192.0.100.131 - - [01/Jun/2020:13:46:14 +0000] "GET /blog/wp-content/uploads/2018/08/PassportJs.jpg HTTP/1.1" 200 104700 "-" "Photon/1.0"
217.227.73.124 - - [01/Jun/2020:13:47:18 +0000] "HEAD /blog HTTP/1.1" 301 0 "-" "jetmon/1.0 (Jetpack Site Uptime Monitor by WordPress.com)"
217.227.73.124 - - [01/Jun/2020:13:47:18 +0000] "HEAD /blog HTTP/1.1" 301 0 "-" "jetmon/1.0 (Jetpack Site Uptime Monitor by WordPress.com)"
217.227.73.124 - - [01/Jun/2020:13:47:18 +0000] "HEAD /blog/ HTTP/1.1" 301 0 "-" "jetmon/1.0 (Jetpack Site Uptime Monitor by WordPress.com)"
157.55.39.217 - - [01/Jun/2020:13:49:41 +0000] "GET /blog/wp-content/plugins/akismet/_inc/form.js?ver=4.1.1 HTTP/1.1" 200 318 "-" "Mozilla/5.0 (compatible; bingbot/2.0; +http://www.bing.com/bingbot.htm)"
41.27.243.218 - - [01/Jun/2020:13:49:43 +0000] "POST /blog/wp-cron.php?doing_wp_cron=1591019383.6892490386962890625000 HTTP/1.1" 200 0 "https://www.techstuds.com/blog/wp-cron.php?doing_wp_cron=1591019383.6892490386962890625000" "WordPress/5.2.6; https://www.techstuds.com/blog"
157.55.39.217 - - [01/Jun/2020:13:49:43 +0000] "GET /blog/tag/reactive-architecture/ HTTP/1.1" 200 6097 "-" "Mozilla/5.0 (compatible; bingbot/2.0; +http://www.bing.com/bingbot.htm)"
217.227.73.124 - - [01/Jun/2020:13:54:44 +0000] "HEAD /blog HTTP/1.1" 301 0 "-" "jetmon/1.0 (Jetpack Site Uptime Monitor by WordPress.com)"
217.227.73.124 - - [01/Jun/2020:13:54:44 +0000] "HEAD /blog HTTP/1.1" 301 0 "-" "jetmon/1.0 (Jetpack Site Uptime Monitor by WordPress.com)"
217.227.73.124 - - [01/Jun/2020:13:54:44 +0000] "HEAD /blog/ HTTP/1.1" 301 0 "-" "jetmon/1.0 (Jetpack Site Uptime Monitor by WordPress.com)"
5.12.26.122 - - [01/Jun/2020:13:56:04 +0000] "GET /blog/wp-content/uploads/2018/02/vuejs.png HTTP/1.1" 200 1765550 "https://www.google.com/" "Mozilla/5.0 (Windows NT 10.0; Win64; x64) AppleWebKit/537.36 (KHTML, like Gecko) Chrome/83.0.4103.61 Safari/537.36"
46.229.168.154 - - [01/Jun/2020:13:57:51 +0000] "GET /robots.txt HTTP/1.1" 200 131 "-" "Mozilla/5.0 (compatible; SemrushBot/6~bl; +http://www.semrush.com/bot.html)"
41.27.243.218 - - [01/Jun/2020:13:57:52 +0000] "POST /blog/wp-cron.php?doing_wp_cron=1591019872.1428449153900146484375 HTTP/1.1" 200 0 "https://www.techstuds.com/blog/wp-cron.php?doing_wp_cron=1591019872.1428449153900146484375" "WordPress/5.2.6; https://www.techstuds.com/blog"
46.229.168.153 - - [01/Jun/2020:13:57:52 +0000] "GET /blog/category/gdpr/ HTTP/1.1" 200 6098 "-" "Mozilla/5.0 (compatible; SemrushBot/6~bl; +http://www.semrush.com/bot.html)"
41.27.243.218 - - [01/Jun/2020:14:02:04 +0000] "POST /blog/wp-cron.php?doing_wp_cron=1591020123.9037430286407470703125 HTTP/1.1" 200 0 "https://www.techstuds.com/blog/wp-cron.php?doing_wp_cron=1591020123.9037430286407470703125" "WordPress/5.2.6; https://www.techstuds.com/blog"
49.204.176.4 - - [01/Jun/2020:14:02:04 +0000] "GET /blog/join-in-mongodb/ HTTP/1.1" 200 12309 "https://www.google.com/" "Mozilla/5.0 (Windows NT 10.0; Win64; x64) AppleWebKit/537.36 (KHTML, like Gecko) Chrome/83.0.4103.61 Safari/537.36"
49.204.176.4 - - [01/Jun/2020:14:02:04 +0000] "GET /blog/wp-content/themes/ct-corporate?ver=5.2.6 HTTP/1.1" 301 366 "https://www.techstuds.com/blog/join-in-mongodb/" "Mozilla/5.0 (Windows NT 10.0; Win64; x64) AppleWebKit/537.36 (KHTML, like Gecko) Chrome/83.0.4103.61 Safari/537.36"
49.204.176.4 - - [01/Jun/2020:14:02:04 +0000] "GET /blog/wp-content/themes/ct-corporate/js/vendor.js?ver=5.2.6 HTTP/1.1" 200 20599 "https://www.techstuds.com/blog/join-in-mongodb/" "Mozilla/5.0 (Windows NT 10.0; Win64; x64) AppleWebKit/537.36 (KHTML, like Gecko) Chrome/83.0.4103.61 Safari/537.36"
49.204.176.4 - - [01/Jun/2020:14:02:04 +0000] "GET /blog/wp-content/themes/ct-corporate/css/ct-corporate.css?ver=5.2.6 HTTP/1.1" 200 51663 "https://www.techstuds.com/blog/join-in-mongodb/" "Mozilla/5.0 (Windows NT 10.0; Win64; x64) AppleWebKit/537.36 (KHTML, like Gecko) Chrome/83.0.4103.61 Safari/537.36"
49.204.176.4 - - [01/Jun/2020:14:02:04 +0000] "GET /blog/?custom-css=5f0c92a636 HTTP/1.1" 200 2107 "https://www.techstuds.com/blog/join-in-mongodb/" "Mozilla/5.0 (Windows NT 10.0; Win64; x64) AppleWebKit/537.36 (KHTML, like Gecko) Chrome/83.0.4103.61 Safari/537.36"
49.204.176.4 - - [01/Jun/2020:14:02:05 +0000] "GET /blog/wp-content/themes/ct-corporate/js/vendor/mmenu.min.js?ver=v5.4.0 HTTP/1.1" 200 9982 "https://www.techstuds.com/blog/join-in-mongodb/" "Mozilla/5.0 (Windows NT 10.0; Win64; x64) AppleWebKit/537.36 (KHTML, like Gecko) Chrome/83.0.4103.61 Safari/537.36"
49.204.176.4 - - [01/Jun/2020:14:02:05 +0000] "GET /blog/wp-content/themes/ct-corporate/js/functions.js?ver=v3.3.2 HTTP/1.1" 200 1994 "https://www.techstuds.com/blog/join-in-mongodb/" "Mozilla/5.0 (Windows NT 10.0; Win64; x64) AppleWebKit/537.36 (KHTML, like Gecko) Chrome/83.0.4103.61 Safari/537.36"
49.204.176.4 - - [01/Jun/2020:14:02:05 +0000] "GET /blog/wp-content/themes/ct-corporate/js/slick.js?ver=v3.3.2 HTTP/1.1" 200 15121 "https://www.techstuds.com/blog/join-in-mongodb/" "Mozilla/5.0 (Windows NT 10.0; Win64; x64) AppleWebKit/537.36 (KHTML, like Gecko) Chrome/83.0.4103.61 Safari/537.36"
49.204.176.4 - - [01/Jun/2020:14:02:05 +0000] "GET /blog/wp-content/plugins/akismet/_inc/form.js?ver=4.1.1 HTTP/1.1" 200 318 "https://www.techstuds.com/blog/join-in-mongodb/" "Mozilla/5.0 (Windows NT 10.0; Win64; x64) AppleWebKit/537.36 (KHTML, like Gecko) Chrome/83.0.4103.61 Safari/537.36"
49.204.176.4 - - [01/Jun/2020:14:02:05 +0000] "GET /blog/wp-content/uploads/2018/05/mongodb-1.jpg HTTP/1.1" 200 126820 "https://www.techstuds.com/blog/join-in-mongodb/" "Mozilla/5.0 (Windows NT 10.0; Win64; x64) AppleWebKit/537.36 (KHTML, like Gecko) Chrome/83.0.4103.61 Safari/537.36"
49.204.176.4 - - [01/Jun/2020:14:02:05 +0000] "GET /blog/wp-content/themes/ct-corporate/fonts/fontawesome-webfont.woff2?v=4.3.0 HTTP/1.1" 200 56780 "https://www.techstuds.com/blog/wp-content/themes/ct-corporate/css/ct-corporate.css?ver=5.2.6" "Mozilla/5.0 (Windows NT 10.0; Win64; x64) AppleWebKit/537.36 (KHTML, like Gecko) Chrome/83.0.4103.61 Safari/537.36"
49.204.176.4 - - [01/Jun/2020:14:02:05 +0000] "GET /blog/wp-includes/js/wp-emoji-release.min.js?ver=5.2.6 HTTP/1.1" 200 4622 "https://www.techstuds.com/blog/join-in-mongodb/" "Mozilla/5.0 (Windows NT 10.0; Win64; x64) AppleWebKit/537.36 (KHTML, like Gecko) Chrome/83.0.4103.61 Safari/537.36"
49.204.176.4 - - [01/Jun/2020:14:02:06 +0000] "GET /blog/wp-content/themes/ct-corporate/img/cp-top-arrow.png HTTP/1.1" 200 249 "https://www.techstuds.com/blog/wp-content/themes/ct-corporate/css/ct-corporate.css?ver=5.2.6" "Mozilla/5.0 (Windows NT 10.0; Win64; x64) AppleWebKit/537.36 (KHTML, like Gecko) Chrome/83.0.4103.61 Safari/537.36"
49.204.176.4 - - [01/Jun/2020:14:02:06 +0000] "GET /blog/join-in-mongodb/ HTTP/1.1" 200 12310 "https://www.techstuds.com/blog/join-in-mongodb/" "Mozilla/5.0 (Windows NT 10.0; Win64; x64) AppleWebKit/537.36 (KHTML, like Gecko) Chrome/83.0.4103.61 Safari/537.36"
49.204.176.4 - - [01/Jun/2020:14:02:06 +0000] "GET /blog/join-in-mongodb/?relatedposts=1 HTTP/1.1" 200 131 "https://www.techstuds.com/blog/join-in-mongodb/" "Mozilla/5.0 (Windows NT 10.0; Win64; x64) AppleWebKit/537.36 (KHTML, like Gecko) Chrome/83.0.4103.61 Safari/537.36"
192.0.114.84 - - [01/Jun/2020:14:02:07 +0000] "GET /blog/wp-content/uploads/2018/01/logo.png HTTP/1.1" 200 8628 "-" "Photon/1.0"
157.55.39.80 - - [01/Jun/2020:14:02:28 +0000] "GET / HTTP/1.1" 200 1544 "-" "Mozilla/5.0 (compatible; bingbot/2.0; +http://www.bing.com/bingbot.htm)"
217.227.73.124 - - [01/Jun/2020:14:02:52 +0000] "HEAD /blog HTTP/1.1" 301 0 "-" "jetmon/1.0 (Jetpack Site Uptime Monitor by WordPress.com)"
217.227.73.124 - - [01/Jun/2020:14:02:52 +0000] "HEAD /blog HTTP/1.1" 301 0 "-" "jetmon/1.0 (Jetpack Site Uptime Monitor by WordPress.com)"
217.227.73.124 - - [01/Jun/2020:14:02:52 +0000] "HEAD /blog/ HTTP/1.1" 301 0 "-" "jetmon/1.0 (Jetpack Site Uptime Monitor by WordPress.com)"
217.227.73.124 - - [01/Jun/2020:14:10:28 +0000] "HEAD /blog HTTP/1.1" 301 0 "-" "jetmon/1.0 (Jetpack Site Uptime Monitor by WordPress.com)"
217.227.73.124 - - [01/Jun/2020:14:10:28 +0000] "HEAD /blog HTTP/1.1" 301 0 "-" "jetmon/1.0 (Jetpack Site Uptime Monitor by WordPress.com)"
217.227.73.124 - - [01/Jun/2020:14:10:28 +0000] "HEAD /blog/ HTTP/1.1" 301 0 "-" "jetmon/1.0 (Jetpack Site Uptime Monitor by WordPress.com)"
217.227.73.124 - - [01/Jun/2020:14:18:20 +0000] "HEAD /blog HTTP/1.1" 301 0 "-" "jetmon/1.0 (Jetpack Site Uptime Monitor by WordPress.com)"
217.227.73.124 - - [01/Jun/2020:14:18:20 +0000] "HEAD /blog HTTP/1.1" 301 0 "-" "jetmon/1.0 (Jetpack Site Uptime Monitor by WordPress.com)"
217.227.73.124 - - [01/Jun/2020:14:18:20 +0000] "HEAD /blog/ HTTP/1.1" 301 0 "-" "jetmon/1.0 (Jetpack Site Uptime Monitor by WordPress.com)"
41.27.243.218 - - [01/Jun/2020:14:23:36 +0000] "POST /blog/wp-cron.php?doing_wp_cron=1591021416.3148679733276367187500 HTTP/1.1" 200 0 "https://www.techstuds.com/blog/wp-cron.php?doing_wp_cron=1591021416.3148679733276367187500" "WordPress/5.2.6; https://www.techstuds.com/blog"
66.249.72.30 - - [01/Jun/2020:14:23:36 +0000] "GET /blog/introduction-of-geo-queries-in-mongodb/amp/ HTTP/1.1" 200 16514 "-" "Mozilla/5.0 (Linux; Android 6.0.1; Nexus 5X Build/MMB29P) AppleWebKit/537.36 (KHTML, like Gecko) Chrome/80.0.3987.92 Mobile Safari/537.36 (compatible; Googlebot/2.1; +http://www.google.com/bot.html)"
41.27.243.218 - - [01/Jun/2020:14:23:50 +0000] "POST /blog/wp-cron.php?doing_wp_cron=1591021430.5378139019012451171875 HTTP/1.1" 200 0 "https://www.techstuds.com/blog/wp-cron.php?doing_wp_cron=1591021430.5378139019012451171875" "WordPress/5.2.6; https://www.techstuds.com/blog"
136.57.182.66 - - [01/Jun/2020:14:23:50 +0000] "GET /blog/logstash-in-production/ HTTP/1.1" 200 11936 "https://www.bing.com/" "Mozilla/5.0 (Windows NT 10.0; Win64; x64) AppleWebKit/537.36 (KHTML, like Gecko) Chrome/83.0.4103.61 Safari/537.36 Edg/83.0.478.37"
136.57.182.66 - - [01/Jun/2020:14:23:51 +0000] "GET /blog/wp-content/themes/ct-corporate?ver=5.2.6 HTTP/1.1" 301 366 "https://www.techstuds.com/blog/logstash-in-production/" "Mozilla/5.0 (Windows NT 10.0; Win64; x64) AppleWebKit/537.36 (KHTML, like Gecko) Chrome/83.0.4103.61 Safari/537.36 Edg/83.0.478.37"
136.57.182.66 - - [01/Jun/2020:14:23:51 +0000] "GET /blog/wp-content/themes/ct-corporate/js/vendor.js?ver=5.2.6 HTTP/1.1" 200 20599 "https://www.techstuds.com/blog/logstash-in-production/" "Mozilla/5.0 (Windows NT 10.0; Win64; x64) AppleWebKit/537.36 (KHTML, like Gecko) Chrome/83.0.4103.61 Safari/537.36 Edg/83.0.478.37"
136.57.182.66 - - [01/Jun/2020:14:23:51 +0000] "GET /blog/wp-content/themes/ct-corporate/css/ct-corporate.css?ver=5.2.6 HTTP/1.1" 200 51663 "https://www.techstuds.com/blog/logstash-in-production/" "Mozilla/5.0 (Windows NT 10.0; Win64; x64) AppleWebKit/537.36 (KHTML, like Gecko) Chrome/83.0.4103.61 Safari/537.36 Edg/83.0.478.37"
136.57.182.66 - - [01/Jun/2020:14:23:51 +0000] "GET /blog/?custom-css=5f0c92a636 HTTP/1.1" 200 2107 "https://www.techstuds.com/blog/logstash-in-production/" "Mozilla/5.0 (Windows NT 10.0; Win64; x64) AppleWebKit/537.36 (KHTML, like Gecko) Chrome/83.0.4103.61 Safari/537.36 Edg/83.0.478.37"
136.57.182.66 - - [01/Jun/2020:14:23:51 +0000] "GET /blog/wp-content/themes/ct-corporate/js/functions.js?ver=v3.3.2 HTTP/1.1" 200 1994 "https://www.techstuds.com/blog/logstash-in-production/" "Mozilla/5.0 (Windows NT 10.0; Win64; x64) AppleWebKit/537.36 (KHTML, like Gecko) Chrome/83.0.4103.61 Safari/537.36 Edg/83.0.478.37"
136.57.182.66 - - [01/Jun/2020:14:23:51 +0000] "GET /blog/wp-content/themes/ct-corporate/js/vendor/mmenu.min.js?ver=v5.4.0 HTTP/1.1" 200 9982 "https://www.techstuds.com/blog/logstash-in-production/" "Mozilla/5.0 (Windows NT 10.0; Win64; x64) AppleWebKit/537.36 (KHTML, like Gecko) Chrome/83.0.4103.61 Safari/537.36 Edg/83.0.478.37"
136.57.182.66 - - [01/Jun/2020:14:23:51 +0000] "GET /blog/wp-content/themes/ct-corporate/js/slick.js?ver=v3.3.2 HTTP/1.1" 200 15121 "https://www.techstuds.com/blog/logstash-in-production/" "Mozilla/5.0 (Windows NT 10.0; Win64; x64) AppleWebKit/537.36 (KHTML, like Gecko) Chrome/83.0.4103.61 Safari/537.36 Edg/83.0.478.37"
136.57.182.66 - - [01/Jun/2020:14:23:51 +0000] "GET /blog/wp-content/plugins/akismet/_inc/form.js?ver=4.1.1 HTTP/1.1" 200 318 "https://www.techstuds.com/blog/logstash-in-production/" "Mozilla/5.0 (Windows NT 10.0; Win64; x64) AppleWebKit/537.36 (KHTML, like Gecko) Chrome/83.0.4103.61 Safari/537.36 Edg/83.0.478.37"
136.57.182.66 - - [01/Jun/2020:14:23:51 +0000] "GET /blog/wp-includes/js/wp-emoji-release.min.js?ver=5.2.6 HTTP/1.1" 200 4622 "https://www.techstuds.com/blog/logstash-in-production/" "Mozilla/5.0 (Windows NT 10.0; Win64; x64) AppleWebKit/537.36 (KHTML, like Gecko) Chrome/83.0.4103.61 Safari/537.36 Edg/83.0.478.37"
136.57.182.66 - - [01/Jun/2020:14:23:51 +0000] "GET /blog/wp-content/uploads/2018/05/Geo-operations-in-mongodb.jpg HTTP/1.1" 200 168355 "https://www.techstuds.com/blog/logstash-in-production/" "Mozilla/5.0 (Windows NT 10.0; Win64; x64) AppleWebKit/537.36 (KHTML, like Gecko) Chrome/83.0.4103.61 Safari/537.36 Edg/83.0.478.37"
136.57.182.66 - - [01/Jun/2020:14:23:51 +0000] "GET /blog/wp-content/themes/ct-corporate/img/cp-top-arrow.png HTTP/1.1" 200 249 "https://www.techstuds.com/blog/wp-content/themes/ct-corporate/css/ct-corporate.css?ver=5.2.6" "Mozilla/5.0 (Windows NT 10.0; Win64; x64) AppleWebKit/537.36 (KHTML, like Gecko) Chrome/83.0.4103.61 Safari/537.36 Edg/83.0.478.37"
136.57.182.66 - - [01/Jun/2020:14:23:51 +0000] "GET /blog/logstash-in-production/ HTTP/1.1" 200 11935 "https://www.techstuds.com/blog/logstash-in-production/" "Mozilla/5.0 (Windows NT 10.0; Win64; x64) AppleWebKit/537.36 (KHTML, like Gecko) Chrome/83.0.4103.61 Safari/537.36 Edg/83.0.478.37"
136.57.182.66 - - [01/Jun/2020:14:23:51 +0000] "GET /blog/wp-content/themes/ct-corporate/fonts/fontawesome-webfont.woff2?v=4.3.0 HTTP/1.1" 200 56780 "https://www.techstuds.com/blog/wp-content/themes/ct-corporate/css/ct-corporate.css?ver=5.2.6" "Mozilla/5.0 (Windows NT 10.0; Win64; x64) AppleWebKit/537.36 (KHTML, like Gecko) Chrome/83.0.4103.61 Safari/537.36 Edg/83.0.478.37"
136.57.182.66 - - [01/Jun/2020:14:23:52 +0000] "GET /blog/logstash-in-production/?relatedposts=1 HTTP/1.1" 200 131 "https://www.techstuds.com/blog/logstash-in-production/" "Mozilla/5.0 (Windows NT 10.0; Win64; x64) AppleWebKit/537.36 (KHTML, like Gecko) Chrome/83.0.4103.61 Safari/537.36 Edg/83.0.478.37"
212.92.107.65 - - [01/Jun/2020:14:24:05 +0000] "GET /mybackup/ HTTP/1.1" 301 194 "-" "Mozilla/5.0 (Windows NT 6.3; Win64; x64; rv:63.0) Gecko/20100101 Firefox/63.0"
212.92.107.65 - - [01/Jun/2020:14:24:06 +0000] "GET /mybackup/ HTTP/1.1" 200 1544 "-" "Mozilla/5.0 (Windows NT 6.3; Win64; x64; rv:63.0) Gecko/20100101 Firefox/63.0"
212.92.107.65 - - [01/Jun/2020:14:24:06 +0000] "GET /blog2/ HTTP/1.1" 301 194 "-" "Mozilla/5.0 (Windows NT 6.3; Win64; x64; rv:63.0) Gecko/20100101 Firefox/63.0"
212.92.107.65 - - [01/Jun/2020:14:24:07 +0000] "GET /blog2/ HTTP/1.1" 404 246 "-" "Mozilla/5.0 (Windows NT 6.3; Win64; x64; rv:63.0) Gecko/20100101 Firefox/63.0"
212.92.107.65 - - [01/Jun/2020:14:24:07 +0000] "GET /_old/ HTTP/1.1" 301 194 "-" "Mozilla/5.0 (Windows NT 6.3; Win64; x64; rv:63.0) Gecko/20100101 Firefox/63.0"
212.92.107.65 - - [01/Jun/2020:14:24:07 +0000] "GET /_old/ HTTP/1.1" 200 1544 "-" "Mozilla/5.0 (Windows NT 6.3; Win64; x64; rv:63.0) Gecko/20100101 Firefox/63.0"
212.92.107.65 - - [01/Jun/2020:14:24:08 +0000] "GET /website/ HTTP/1.1" 301 194 "-" "Mozilla/5.0 (Windows NT 6.3; Win64; x64; rv:63.0) Gecko/20100101 Firefox/63.0"
212.92.107.65 - - [01/Jun/2020:14:24:08 +0000] "GET /website/ HTTP/1.1" 200 1544 "-" "Mozilla/5.0 (Windows NT 6.3; Win64; x64; rv:63.0) Gecko/20100101 Firefox/63.0"
212.92.107.65 - - [01/Jun/2020:14:24:08 +0000] "GET /blogbackup/ HTTP/1.1" 301 194 "-" "Mozilla/5.0 (Windows NT 6.3; Win64; x64; rv:63.0) Gecko/20100101 Firefox/63.0"
212.92.107.65 - - [01/Jun/2020:14:24:09 +0000] "GET /blogbackup/ HTTP/1.1" 404 246 "-" "Mozilla/5.0 (Windows NT 6.3; Win64; x64; rv:63.0) Gecko/20100101 Firefox/63.0"
212.92.107.65 - - [01/Jun/2020:14:24:09 +0000] "GET /old_site/ HTTP/1.1" 301 194 "-" "Mozilla/5.0 (Windows NT 6.3; Win64; x64; rv:63.0) Gecko/20100101 Firefox/63.0"
212.92.107.65 - - [01/Jun/2020:14:24:10 +0000] "GET /old_site/ HTTP/1.1" 200 1544 "-" "Mozilla/5.0 (Windows NT 6.3; Win64; x64; rv:63.0) Gecko/20100101 Firefox/63.0"
212.92.107.65 - - [01/Jun/2020:14:24:10 +0000] "GET /wordpress2/ HTTP/1.1" 301 194 "-" "Mozilla/5.0 (Windows NT 6.3; Win64; x64; rv:63.0) Gecko/20100101 Firefox/63.0"
212.92.107.65 - - [01/Jun/2020:14:24:10 +0000] "GET /wordpress2/ HTTP/1.1" 200 1544 "-" "Mozilla/5.0 (Windows NT 6.3; Win64; x64; rv:63.0) Gecko/20100101 Firefox/63.0"
212.92.107.65 - - [01/Jun/2020:14:24:10 +0000] "GET /wptest/ HTTP/1.1" 301 194 "-" "Mozilla/5.0 (Windows NT 6.3; Win64; x64; rv:63.0) Gecko/20100101 Firefox/63.0"
212.92.107.65 - - [01/Jun/2020:14:24:11 +0000] "GET /wptest/ HTTP/1.1" 200 1544 "-" "Mozilla/5.0 (Windows NT 6.3; Win64; x64; rv:63.0) Gecko/20100101 Firefox/63.0"
212.92.107.65 - - [01/Jun/2020:14:24:11 +0000] "GET /_cms/ HTTP/1.1" 301 194 "-" "Mozilla/5.0 (Windows NT 6.3; Win64; x64; rv:63.0) Gecko/20100101 Firefox/63.0"
212.92.107.65 - - [01/Jun/2020:14:24:12 +0000] "GET /_cms/ HTTP/1.1" 200 1544 "-" "Mozilla/5.0 (Windows NT 6.3; Win64; x64; rv:63.0) Gecko/20100101 Firefox/63.0"
212.92.107.65 - - [01/Jun/2020:14:24:13 +0000] "GET /blogg/ HTTP/1.1" 301 194 "-" "Mozilla/5.0 (Windows NT 6.3; Win64; x64; rv:63.0) Gecko/20100101 Firefox/63.0"
212.92.107.65 - - [01/Jun/2020:14:24:13 +0000] "GET /blogg/ HTTP/1.1" 404 246 "-" "Mozilla/5.0 (Windows NT 6.3; Win64; x64; rv:63.0) Gecko/20100101 Firefox/63.0"
212.92.107.65 - - [01/Jun/2020:14:24:14 +0000] "GET /old_wp/ HTTP/1.1" 301 194 "-" "Mozilla/5.0 (Windows NT 6.3; Win64; x64; rv:63.0) Gecko/20100101 Firefox/63.0"
212.92.107.65 - - [01/Jun/2020:14:24:14 +0000] "GET /old_wp/ HTTP/1.1" 200 1544 "-" "Mozilla/5.0 (Windows NT 6.3; Win64; x64; rv:63.0) Gecko/20100101 Firefox/63.0"
212.92.107.65 - - [01/Jun/2020:14:24:14 +0000] "GET /web2/ HTTP/1.1" 301 194 "-" "Mozilla/5.0 (Windows NT 6.3; Win64; x64; rv:63.0) Gecko/20100101 Firefox/63.0"
212.92.107.65 - - [01/Jun/2020:14:24:15 +0000] "GET /web2/ HTTP/1.1" 200 1544 "-" "Mozilla/5.0 (Windows NT 6.3; Win64; x64; rv:63.0) Gecko/20100101 Firefox/63.0"
212.92.107.65 - - [01/Jun/2020:14:24:15 +0000] "GET /wp-test/ HTTP/1.1" 301 194 "-" "Mozilla/5.0 (Windows NT 6.3; Win64; x64; rv:63.0) Gecko/20100101 Firefox/63.0"
212.92.107.65 - - [01/Jun/2020:14:24:16 +0000] "GET /wp-test/ HTTP/1.1" 200 1544 "-" "Mozilla/5.0 (Windows NT 6.3; Win64; x64; rv:63.0) Gecko/20100101 Firefox/63.0"
212.92.107.65 - - [01/Jun/2020:14:24:16 +0000] "GET /demos/ HTTP/1.1" 301 194 "-" "Mozilla/5.0 (Windows NT 6.3; Win64; x64; rv:63.0) Gecko/20100101 Firefox/63.0"
212.92.107.65 - - [01/Jun/2020:14:24:16 +0000] "GET /demos/ HTTP/1.1" 200 1544 "-" "Mozilla/5.0 (Windows NT 6.3; Win64; x64; rv:63.0) Gecko/20100101 Firefox/63.0"
212.92.107.65 - - [01/Jun/2020:14:24:17 +0000] "GET /develop/ HTTP/1.1" 301 194 "-" "Mozilla/5.0 (Windows NT 6.3; Win64; x64; rv:63.0) Gecko/20100101 Firefox/63.0"
212.92.107.65 - - [01/Jun/2020:14:24:17 +0000] "GET /develop/ HTTP/1.1" 200 1544 "-" "Mozilla/5.0 (Windows NT 6.3; Win64; x64; rv:63.0) Gecko/20100101 Firefox/63.0"
212.92.107.65 - - [01/Jun/2020:14:24:17 +0000] "GET /mysqlbackupro/ HTTP/1.1" 301 194 "-" "Mozilla/5.0 (Windows NT 6.3; Win64; x64; rv:63.0) Gecko/20100101 Firefox/63.0"
212.92.107.65 - - [01/Jun/2020:14:24:18 +0000] "GET /mysqlbackupro/ HTTP/1.1" 200 1544 "-" "Mozilla/5.0 (Windows NT 6.3; Win64; x64; rv:63.0) Gecko/20100101 Firefox/63.0"
212.92.107.65 - - [01/Jun/2020:14:24:18 +0000] "GET /oldsite/ HTTP/1.1" 301 194 "-" "Mozilla/5.0 (Windows NT 6.3; Win64; x64; rv:63.0) Gecko/20100101 Firefox/63.0"
212.92.107.65 - - [01/Jun/2020:14:24:19 +0000] "GET /oldsite/ HTTP/1.1" 200 1544 "-" "Mozilla/5.0 (Windows NT 6.3; Win64; x64; rv:63.0) Gecko/20100101 Firefox/63.0"
212.92.107.65 - - [01/Jun/2020:14:24:19 +0000] "GET /wp-backup/ HTTP/1.1" 301 194 "-" "Mozilla/5.0 (Windows NT 6.3; Win64; x64; rv:63.0) Gecko/20100101 Firefox/63.0"
212.92.107.65 - - [01/Jun/2020:14:24:19 +0000] "GET /wp-backup/ HTTP/1.1" 200 1544 "-" "Mozilla/5.0 (Windows NT 6.3; Win64; x64; rv:63.0) Gecko/20100101 Firefox/63.0"
217.227.73.124 - - [01/Jun/2020:14:25:51 +0000] "HEAD /blog HTTP/1.1" 301 0 "-" "jetmon/1.0 (Jetpack Site Uptime Monitor by WordPress.com)"
217.227.73.124 - - [01/Jun/2020:14:25:51 +0000] "HEAD /blog HTTP/1.1" 301 0 "-" "jetmon/1.0 (Jetpack Site Uptime Monitor by WordPress.com)"
217.227.73.124 - - [01/Jun/2020:14:25:51 +0000] "HEAD /blog/ HTTP/1.1" 301 0 "-" "jetmon/1.0 (Jetpack Site Uptime Monitor by WordPress.com)"
157.55.39.80 - - [01/Jun/2020:14:27:06 +0000] "GET /blog/category/storage/ HTTP/1.1" 301 194 "-" "Mozilla/5.0 (compatible; bingbot/2.0; +http://www.bing.com/bingbot.htm)"
41.27.243.218 - - [01/Jun/2020:14:28:43 +0000] "POST /blog/wp-cron.php?doing_wp_cron=1591021723.3705749511718750000000 HTTP/1.1" 200 0 "https://www.techstuds.com/blog/wp-cron.php?doing_wp_cron=1591021723.3705749511718750000000" "WordPress/5.2.6; https://www.techstuds.com/blog"
46.229.168.130 - - [01/Jun/2020:14:28:43 +0000] "GET /blog/tag/migration/ HTTP/1.1" 200 6058 "-" "Mozilla/5.0 (compatible; SemrushBot/6~bl; +http://www.semrush.com/bot.html)"
217.227.73.124 - - [01/Jun/2020:14:34:11 +0000] "HEAD /blog HTTP/1.1" 301 0 "-" "jetmon/1.0 (Jetpack Site Uptime Monitor by WordPress.com)"
217.227.73.124 - - [01/Jun/2020:14:34:11 +0000] "HEAD /blog HTTP/1.1" 301 0 "-" "jetmon/1.0 (Jetpack Site Uptime Monitor by WordPress.com)"
217.227.73.124 - - [01/Jun/2020:14:34:11 +0000] "HEAD /blog/ HTTP/1.1" 301 0 "-" "jetmon/1.0 (Jetpack Site Uptime Monitor by WordPress.com)"
41.27.243.218 - - [01/Jun/2020:14:37:20 +0000] "POST /blog/wp-cron.php?doing_wp_cron=1591022240.2356278896331787109375 HTTP/1.1" 200 0 "https://www.techstuds.com/blog/wp-cron.php?doing_wp_cron=1591022240.2356278896331787109375" "WordPress/5.2.6; https://www.techstuds.com/blog"
205.215.11.5 - - [01/Jun/2020:14:37:20 +0000] "GET /blog/join-in-mongodb/ HTTP/1.1" 200 12310 "https://www.bing.com/" "Mozilla/5.0 (Macintosh; Intel Mac OS X 10_15_4) AppleWebKit/537.36 (KHTML, like Gecko) Chrome/83.0.4103.61 Safari/537.36"
205.215.11.5 - - [01/Jun/2020:14:37:21 +0000] "GET /blog/wp-content/themes/ct-corporate?ver=5.2.6 HTTP/1.1" 301 366 "https://www.techstuds.com/blog/join-in-mongodb/" "Mozilla/5.0 (Macintosh; Intel Mac OS X 10_15_4) AppleWebKit/537.36 (KHTML, like Gecko) Chrome/83.0.4103.61 Safari/537.36"
205.215.11.5 - - [01/Jun/2020:14:37:21 +0000] "GET /blog/wp-content/themes/ct-corporate/css/ct-corporate.css?ver=5.2.6 HTTP/1.1" 200 51663 "https://www.techstuds.com/blog/join-in-mongodb/" "Mozilla/5.0 (Macintosh; Intel Mac OS X 10_15_4) AppleWebKit/537.36 (KHTML, like Gecko) Chrome/83.0.4103.61 Safari/537.36"
205.215.11.5 - - [01/Jun/2020:14:37:21 +0000] "GET /blog/?custom-css=5f0c92a636 HTTP/1.1" 200 2107 "https://www.techstuds.com/blog/join-in-mongodb/" "Mozilla/5.0 (Macintosh; Intel Mac OS X 10_15_4) AppleWebKit/537.36 (KHTML, like Gecko) Chrome/83.0.4103.61 Safari/537.36"
205.215.11.5 - - [01/Jun/2020:14:37:22 +0000] "GET /blog/wp-content/themes/ct-corporate/js/vendor.js?ver=5.2.6 HTTP/1.1" 200 20599 "https://www.techstuds.com/blog/join-in-mongodb/" "Mozilla/5.0 (Macintosh; Intel Mac OS X 10_15_4) AppleWebKit/537.36 (KHTML, like Gecko) Chrome/83.0.4103.61 Safari/537.36"
205.215.11.5 - - [01/Jun/2020:14:37:22 +0000] "GET /blog/wp-content/themes/ct-corporate/js/vendor/mmenu.min.js?ver=v5.4.0 HTTP/1.1" 200 9982 "https://www.techstuds.com/blog/join-in-mongodb/" "Mozilla/5.0 (Macintosh; Intel Mac OS X 10_15_4) AppleWebKit/537.36 (KHTML, like Gecko) Chrome/83.0.4103.61 Safari/537.36"
205.215.11.5 - - [01/Jun/2020:14:37:22 +0000] "GET /blog/wp-content/themes/ct-corporate/js/functions.js?ver=v3.3.2 HTTP/1.1" 200 1994 "https://www.techstuds.com/blog/join-in-mongodb/" "Mozilla/5.0 (Macintosh; Intel Mac OS X 10_15_4) AppleWebKit/537.36 (KHTML, like Gecko) Chrome/83.0.4103.61 Safari/537.36"
205.215.11.5 - - [01/Jun/2020:14:37:22 +0000] "GET /blog/wp-content/themes/ct-corporate/js/slick.js?ver=v3.3.2 HTTP/1.1" 200 15121 "https://www.techstuds.com/blog/join-in-mongodb/" "Mozilla/5.0 (Macintosh; Intel Mac OS X 10_15_4) AppleWebKit/537.36 (KHTML, like Gecko) Chrome/83.0.4103.61 Safari/537.36"
205.215.11.5 - - [01/Jun/2020:14:37:23 +0000] "GET /blog/join-in-mongodb/?relatedposts=1 HTTP/1.1" 200 131 "https://www.techstuds.com/blog/join-in-mongodb/" "Mozilla/5.0 (Macintosh; Intel Mac OS X 10_15_4) AppleWebKit/537.36 (KHTML, like Gecko) Chrome/83.0.4103.61 Safari/537.36"
205.215.11.5 - - [01/Jun/2020:14:37:23 +0000] "GET /blog/wp-content/uploads/2018/05/mongodb-1.jpg HTTP/1.1" 200 126820 "https://www.techstuds.com/blog/join-in-mongodb/" "Mozilla/5.0 (Macintosh; Intel Mac OS X 10_15_4) AppleWebKit/537.36 (KHTML, like Gecko) Chrome/83.0.4103.61 Safari/537.36"
205.215.11.5 - - [01/Jun/2020:14:37:24 +0000] "GET /blog/wp-content/themes/ct-corporate/img/cp-top-arrow.png HTTP/1.1" 200 249 "https://www.techstuds.com/blog/wp-content/themes/ct-corporate/css/ct-corporate.css?ver=5.2.6" "Mozilla/5.0 (Macintosh; Intel Mac OS X 10_15_4) AppleWebKit/537.36 (KHTML, like Gecko) Chrome/83.0.4103.61 Safari/537.36"
205.215.11.5 - - [01/Jun/2020:14:37:24 +0000] "GET /blog/wp-content/plugins/akismet/_inc/form.js?ver=4.1.1 HTTP/1.1" 200 318 "https://www.techstuds.com/blog/join-in-mongodb/" "Mozilla/5.0 (Macintosh; Intel Mac OS X 10_15_4) AppleWebKit/537.36 (KHTML, like Gecko) Chrome/83.0.4103.61 Safari/537.36"
205.215.11.5 - - [01/Jun/2020:14:37:24 +0000] "GET /blog/wp-content/themes/ct-corporate/fonts/fontawesome-webfont.woff2?v=4.3.0 HTTP/1.1" 200 56780 "https://www.techstuds.com/blog/wp-content/themes/ct-corporate/css/ct-corporate.css?ver=5.2.6" "Mozilla/5.0 (Macintosh; Intel Mac OS X 10_15_4) AppleWebKit/537.36 (KHTML, like Gecko) Chrome/83.0.4103.61 Safari/537.36"
205.215.11.5 - - [01/Jun/2020:14:37:24 +0000] "GET /blog/join-in-mongodb/ HTTP/1.1" 200 12309 "https://www.techstuds.com/blog/join-in-mongodb/" "Mozilla/5.0 (Macintosh; Intel Mac OS X 10_15_4) AppleWebKit/537.36 (KHTML, like Gecko) Chrome/83.0.4103.61 Safari/537.36"
205.215.11.5 - - [01/Jun/2020:14:38:22 +0000] "GET /blog/ HTTP/1.1" 200 10245 "https://www.techstuds.com/blog/join-in-mongodb/" "Mozilla/5.0 (Macintosh; Intel Mac OS X 10_15_4) AppleWebKit/537.36 (KHTML, like Gecko) Chrome/83.0.4103.61 Safari/537.36"
205.215.11.5 - - [01/Jun/2020:14:38:22 +0000] "GET /blog/wp-content/uploads/2018/10/aws_autoscaling_update.png HTTP/1.1" 200 31759 "https://www.techstuds.com/blog/" "Mozilla/5.0 (Macintosh; Intel Mac OS X 10_15_4) AppleWebKit/537.36 (KHTML, like Gecko) Chrome/83.0.4103.61 Safari/537.36"
205.215.11.5 - - [01/Jun/2020:14:38:22 +0000] "GET /blog/wp-content/uploads/2018/10/1_ubdzj9K3MrbMb0Ep0UV3IA.png HTTP/1.1" 200 39110 "https://www.techstuds.com/blog/" "Mozilla/5.0 (Macintosh; Intel Mac OS X 10_15_4) AppleWebKit/537.36 (KHTML, like Gecko) Chrome/83.0.4103.61 Safari/537.36"
205.215.11.5 - - [01/Jun/2020:14:38:22 +0000] "GET /blog/wp-content/uploads/2019/02/mongodb-new.jpg HTTP/1.1" 200 134367 "https://www.techstuds.com/blog/" "Mozilla/5.0 (Macintosh; Intel Mac OS X 10_15_4) AppleWebKit/537.36 (KHTML, like Gecko) Chrome/83.0.4103.61 Safari/537.36"
205.215.11.5 - - [01/Jun/2020:14:38:23 +0000] "GET /blog/wp-content/uploads/2018/05/microservic.jpg HTTP/1.1" 200 118921 "https://www.techstuds.com/blog/" "Mozilla/5.0 (Macintosh; Intel Mac OS X 10_15_4) AppleWebKit/537.36 (KHTML, like Gecko) Chrome/83.0.4103.61 Safari/537.36"
205.215.11.5 - - [01/Jun/2020:14:38:23 +0000] "GET /blog/wp-content/uploads/2018/05/gdpr-1.jpg HTTP/1.1" 200 39869 "https://www.techstuds.com/blog/" "Mozilla/5.0 (Macintosh; Intel Mac OS X 10_15_4) AppleWebKit/537.36 (KHTML, like Gecko) Chrome/83.0.4103.61 Safari/537.36"
205.215.11.5 - - [01/Jun/2020:14:38:24 +0000] "GET /blog/wp-content/uploads/2018/05/Amazon.jpg HTTP/1.1" 200 111209 "https://www.techstuds.com/blog/" "Mozilla/5.0 (Macintosh; Intel Mac OS X 10_15_4) AppleWebKit/537.36 (KHTML, like Gecko) Chrome/83.0.4103.61 Safari/537.36"
205.215.11.5 - - [01/Jun/2020:14:38:24 +0000] "GET /blog/wp-content/uploads/2018/05/reactjs-1.jpg HTTP/1.1" 200 139363 "https://www.techstuds.com/blog/" "Mozilla/5.0 (Macintosh; Intel Mac OS X 10_15_4) AppleWebKit/537.36 (KHTML, like Gecko) Chrome/83.0.4103.61 Safari/537.36"
205.215.11.5 - - [01/Jun/2020:14:38:24 +0000] "GET /blog/wp-content/uploads/2018/05/Geo-operations-in-mongodb.jpg HTTP/1.1" 200 168355 "https://www.techstuds.com/blog/" "Mozilla/5.0 (Macintosh; Intel Mac OS X 10_15_4) AppleWebKit/537.36 (KHTML, like Gecko) Chrome/83.0.4103.61 Safari/537.36"
217.227.73.124 - - [01/Jun/2020:14:41:36 +0000] "HEAD /blog HTTP/1.1" 301 0 "-" "jetmon/1.0 (Jetpack Site Uptime Monitor by WordPress.com)"
217.227.73.124 - - [01/Jun/2020:14:41:36 +0000] "HEAD /blog HTTP/1.1" 301 0 "-" "jetmon/1.0 (Jetpack Site Uptime Monitor by WordPress.com)"
217.227.73.124 - - [01/Jun/2020:14:41:36 +0000] "HEAD /blog/ HTTP/1.1" 301 0 "-" "jetmon/1.0 (Jetpack Site Uptime Monitor by WordPress.com)"
41.27.243.218 - - [01/Jun/2020:14:47:58 +0000] "POST /blog/wp-cron.php?doing_wp_cron=1591022878.7409210205078125000000 HTTP/1.1" 200 0 "https://www.techstuds.com/blog/wp-cron.php?doing_wp_cron=1591022878.7409210205078125000000" "WordPress/5.2.6; https://www.techstuds.com/blog"
188.66.213.123 - - [01/Jun/2020:14:47:59 +0000] "GET /blog/why-use-docker/ HTTP/1.1" 200 52823 "-" "FreeWebMonitoring SiteChecker/0.2 (+https://www.freewebmonitoring.com/bot.html)"
161.35.130.112 - - [01/Jun/2020:14:49:10 +0000] "GET / HTTP/1.0" 301 194 "-" "Mozilla/5.0 (compatible; NetcraftSurveyAgent/1.0; +info@netcraft.com)"
161.35.130.112 - - [01/Jun/2020:14:49:13 +0000] "GET / HTTP/1.0" 200 3809 "-" "Mozilla/5.0 (compatible; NetcraftSurveyAgent/1.0; +info@netcraft.com)"
41.27.243.218 - - [01/Jun/2020:14:50:28 +0000] "POST /blog/wp-cron.php?doing_wp_cron=1591023028.2644820213317871093750 HTTP/1.1" 200 0 "https://www.techstuds.com/blog/wp-cron.php?doing_wp_cron=1591023028.2644820213317871093750" "WordPress/5.2.6; https://www.techstuds.com/blog"
187.232.225.93 - - [01/Jun/2020:14:50:28 +0000] "GET /blog/advanced-geo-operations-in-mongodb/amp/ HTTP/1.1" 200 16482 "https://www.google.com/" "Mozilla/5.0 (Linux; Android 9; PAR-LX9) AppleWebKit/537.36 (KHTML, like Gecko) Chrome/74.0.3729.136 Mobile Safari/537.36"
187.232.225.93 - - [01/Jun/2020:14:50:29 +0000] "GET /blog/wp-content/plugins/accelerated-mobile-pages/templates/design-manager/swift/fonts/icomoon.ttf HTTP/1.1" 200 119252 "https://www.techstuds.com/blog/advanced-geo-operations-in-mongodb/amp/" "Mozilla/5.0 (Linux; Android 9; PAR-LX9) AppleWebKit/537.36 (KHTML, like Gecko) Chrome/74.0.3729.136 Mobile Safari/537.36"
187.232.225.93 - - [01/Jun/2020:14:50:29 +0000] "GET /blog/wp-content/plugins/accelerated-mobile-pages/templates/design-manager/swift/fonts/Poppins-Regular.ttf HTTP/1.1" 200 145312 "https://www.techstuds.com/blog/advanced-geo-operations-in-mongodb/amp/" "Mozilla/5.0 (Linux; Android 9; PAR-LX9) AppleWebKit/537.36 (KHTML, like Gecko) Chrome/74.0.3729.136 Mobile Safari/537.36"
187.232.225.93 - - [01/Jun/2020:14:50:30 +0000] "GET /blog/wp-content/plugins/accelerated-mobile-pages/templates/design-manager/swift/fonts/Poppins-Medium.ttf HTTP/1.1" 200 143516 "https://www.techstuds.com/blog/advanced-geo-operations-in-mongodb/amp/" "Mozilla/5.0 (Linux; Android 9; PAR-LX9) AppleWebKit/537.36 (KHTML, like Gecko) Chrome/74.0.3729.136 Mobile Safari/537.36"
187.232.225.93 - - [01/Jun/2020:14:50:30 +0000] "GET /blog/wp-content/plugins/accelerated-mobile-pages/templates/design-manager/swift/fonts/Poppins-SemiBold.ttf HTTP/1.1" 200 142148 "https://www.techstuds.com/blog/advanced-geo-operations-in-mongodb/amp/" "Mozilla/5.0 (Linux; Android 9; PAR-LX9) AppleWebKit/537.36 (KHTML, like Gecko) Chrome/74.0.3729.136 Mobile Safari/537.36"
187.232.225.93 - - [01/Jun/2020:14:50:30 +0000] "GET /blog/wp-content/plugins/accelerated-mobile-pages/templates/design-manager/swift/fonts/Poppins-Bold.ttf HTTP/1.1" 200 141260 "https://www.techstuds.com/blog/advanced-geo-operations-in-mongodb/amp/" "Mozilla/5.0 (Linux; Android 9; PAR-LX9) AppleWebKit/537.36 (KHTML, like Gecko) Chrome/74.0.3729.136 Mobile Safari/537.36"
187.232.225.93 - - [01/Jun/2020:14:50:30 +0000] "GET /blog/wp-content/uploads/2018/01/logo.png HTTP/1.1" 200 8628 "https://www.techstuds.com/blog/advanced-geo-operations-in-mongodb/amp/" "Mozilla/5.0 (Linux; Android 9; PAR-LX9) AppleWebKit/537.36 (KHTML, like Gecko) Chrome/74.0.3729.136 Mobile Safari/537.36"
217.227.73.124 - - [01/Jun/2020:14:50:33 +0000] "HEAD /blog HTTP/1.1" 301 0 "-" "jetmon/1.0 (Jetpack Site Uptime Monitor by WordPress.com)"
217.227.73.124 - - [01/Jun/2020:14:50:33 +0000] "HEAD /blog HTTP/1.1" 301 0 "-" "jetmon/1.0 (Jetpack Site Uptime Monitor by WordPress.com)"
217.227.73.124 - - [01/Jun/2020:14:50:33 +0000] "HEAD /blog/ HTTP/1.1" 301 0 "-" "jetmon/1.0 (Jetpack Site Uptime Monitor by WordPress.com)"
41.27.243.218 - - [01/Jun/2020:14:53:52 +0000] "POST /blog/wp-cron.php?doing_wp_cron=1591023232.5904750823974609375000 HTTP/1.1" 200 0 "https://www.techstuds.com/blog/wp-cron.php?doing_wp_cron=1591023232.5904750823974609375000" "WordPress/5.2.6; https://www.techstuds.com/blog"
185.212.128.6 - - [01/Jun/2020:14:53:53 +0000] "POST /blog/xmlrpc.php HTTP/1.1" 200 247 "https://www.techstuds.com/blog/xmlrpc.php" "Mozilla/4.0 (compatible; MSIE 6.0; Windows NT 5.1; SV1)"
217.227.73.124 - - [01/Jun/2020:14:57:09 +0000] "HEAD /blog HTTP/1.1" 301 0 "-" "jetmon/1.0 (Jetpack Site Uptime Monitor by WordPress.com)"
217.227.73.124 - - [01/Jun/2020:14:57:09 +0000] "HEAD /blog HTTP/1.1" 301 0 "-" "jetmon/1.0 (Jetpack Site Uptime Monitor by WordPress.com)"
217.227.73.124 - - [01/Jun/2020:14:57:09 +0000] "HEAD /blog/ HTTP/1.1" 301 0 "-" "jetmon/1.0 (Jetpack Site Uptime Monitor by WordPress.com)"
217.227.73.124 - - [01/Jun/2020:15:05:27 +0000] "HEAD /blog HTTP/1.1" 301 0 "-" "jetmon/1.0 (Jetpack Site Uptime Monitor by WordPress.com)"
217.227.73.124 - - [01/Jun/2020:15:05:27 +0000] "HEAD /blog HTTP/1.1" 301 0 "-" "jetmon/1.0 (Jetpack Site Uptime Monitor by WordPress.com)"
217.227.73.124 - - [01/Jun/2020:15:05:27 +0000] "HEAD /blog/ HTTP/1.1" 301 0 "-" "jetmon/1.0 (Jetpack Site Uptime Monitor by WordPress.com)"
41.27.243.218 - - [01/Jun/2020:15:12:34 +0000] "POST /blog/wp-cron.php?doing_wp_cron=1591024354.5063939094543457031250 HTTP/1.1" 200 0 "https://www.techstuds.com/blog/wp-cron.php?doing_wp_cron=1591024354.5063939094543457031250" "WordPress/5.2.6; https://www.techstuds.com/blog"
157.55.39.80 - - [01/Jun/2020:15:12:34 +0000] "GET /blog/category/elk/logstash/ HTTP/1.1" 200 6514 "-" "Mozilla/5.0 (compatible; bingbot/2.0; +http://www.bing.com/bingbot.htm)"
217.227.73.124 - - [01/Jun/2020:15:13:39 +0000] "HEAD /blog HTTP/1.1" 301 0 "-" "jetmon/1.0 (Jetpack Site Uptime Monitor by WordPress.com)"
217.227.73.124 - - [01/Jun/2020:15:13:39 +0000] "HEAD /blog HTTP/1.1" 301 0 "-" "jetmon/1.0 (Jetpack Site Uptime Monitor by WordPress.com)"
217.227.73.124 - - [01/Jun/2020:15:13:39 +0000] "HEAD /blog/ HTTP/1.1" 301 0 "-" "jetmon/1.0 (Jetpack Site Uptime Monitor by WordPress.com)"
46.229.168.140 - - [01/Jun/2020:15:17:57 +0000] "GET /robots.txt HTTP/1.1" 200 131 "-" "Mozilla/5.0 (compatible; SemrushBot/6~bl; +http://www.semrush.com/bot.html)"
41.27.243.218 - - [01/Jun/2020:15:17:58 +0000] "POST /blog/wp-cron.php?doing_wp_cron=1591024678.4289660453796386718750 HTTP/1.1" 200 0 "https://www.techstuds.com/blog/wp-cron.php?doing_wp_cron=1591024678.4289660453796386718750" "WordPress/5.2.6; https://www.techstuds.com/blog"
46.229.168.143 - - [01/Jun/2020:15:17:58 +0000] "GET /blog/tag/virtualisation/ HTTP/1.1" 200 6141 "-" "Mozilla/5.0 (compatible; SemrushBot/6~bl; +http://www.semrush.com/bot.html)"
41.27.243.218 - - [01/Jun/2020:15:20:18 +0000] "POST /blog/wp-cron.php?doing_wp_cron=1591024818.7818660736083984375000 HTTP/1.1" 200 0 "https://www.techstuds.com/blog/wp-cron.php?doing_wp_cron=1591024818.7818660736083984375000" "WordPress/5.2.6; https://www.techstuds.com/blog"
157.55.39.144 - - [01/Jun/2020:15:20:19 +0000] "GET /blog/reactjs-5/ HTTP/1.1" 200 13102 "-" "Mozilla/5.0 (compatible; bingbot/2.0; +http://www.bing.com/bingbot.htm)"
157.55.39.217 - - [01/Jun/2020:15:21:33 +0000] "GET /blog/scaling-on-aws/amp/ HTTP/1.1" 200 16833 "-" "Mozilla/5.0 (compatible; bingbot/2.0; +http://www.bing.com/bingbot.htm)"
217.227.73.124 - - [01/Jun/2020:15:21:53 +0000] "HEAD /blog HTTP/1.1" 301 0 "-" "jetmon/1.0 (Jetpack Site Uptime Monitor by WordPress.com)"
217.227.73.124 - - [01/Jun/2020:15:21:53 +0000] "HEAD /blog HTTP/1.1" 301 0 "-" "jetmon/1.0 (Jetpack Site Uptime Monitor by WordPress.com)"
217.227.73.124 - - [01/Jun/2020:15:21:54 +0000] "HEAD /blog/ HTTP/1.1" 301 0 "-" "jetmon/1.0 (Jetpack Site Uptime Monitor by WordPress.com)"
195.234.109.20 - - [01/Jun/2020:15:22:59 +0000] "GET /blog/wp-content/uploads/2018/09/table-item-attribute.jpg HTTP/1.1" 301 194 "-" "Photon/1.0"
195.234.109.20 - - [01/Jun/2020:15:22:59 +0000] "GET /blog/wp-content/uploads/2018/09/table-item-attribute.jpg HTTP/1.1" 200 29426 "-" "Photon/1.0"
217.227.73.124 - - [01/Jun/2020:15:28:36 +0000] "HEAD /blog HTTP/1.1" 301 0 "-" "jetmon/1.0 (Jetpack Site Uptime Monitor by WordPress.com)"
217.227.73.124 - - [01/Jun/2020:15:28:36 +0000] "HEAD /blog HTTP/1.1" 301 0 "-" "jetmon/1.0 (Jetpack Site Uptime Monitor by WordPress.com)"
217.227.73.124 - - [01/Jun/2020:15:28:36 +0000] "HEAD /blog/ HTTP/1.1" 301 0 "-" "jetmon/1.0 (Jetpack Site Uptime Monitor by WordPress.com)"
157.55.39.144 - - [01/Jun/2020:15:32:06 +0000] "GET /approach HTTP/1.1" 200 1544 "-" "Mozilla/5.0 (compatible; bingbot/2.0; +http://www.bing.com/bingbot.htm)"
217.227.73.124 - - [01/Jun/2020:15:36:48 +0000] "HEAD /blog HTTP/1.1" 301 0 "-" "jetmon/1.0 (Jetpack Site Uptime Monitor by WordPress.com)"
217.227.73.124 - - [01/Jun/2020:15:36:48 +0000] "HEAD /blog HTTP/1.1" 301 0 "-" "jetmon/1.0 (Jetpack Site Uptime Monitor by WordPress.com)"
217.227.73.124 - - [01/Jun/2020:15:36:48 +0000] "HEAD /blog/ HTTP/1.1" 301 0 "-" "jetmon/1.0 (Jetpack Site Uptime Monitor by WordPress.com)"
217.227.73.124 - - [01/Jun/2020:15:44:23 +0000] "HEAD /blog HTTP/1.1" 301 0 "-" "jetmon/1.0 (Jetpack Site Uptime Monitor by WordPress.com)"
217.227.73.124 - - [01/Jun/2020:15:44:23 +0000] "HEAD /blog HTTP/1.1" 301 0 "-" "jetmon/1.0 (Jetpack Site Uptime Monitor by WordPress.com)"
217.227.73.124 - - [01/Jun/2020:15:44:23 +0000] "HEAD /blog/ HTTP/1.1" 301 0 "-" "jetmon/1.0 (Jetpack Site Uptime Monitor by WordPress.com)"
41.27.243.218 - - [01/Jun/2020:15:46:39 +0000] "POST /blog/wp-cron.php?doing_wp_cron=1591026398.8476049900054931640625 HTTP/1.1" 200 0 "https://www.techstuds.com/blog/wp-cron.php?doing_wp_cron=1591026398.8476049900054931640625" "WordPress/5.2.6; https://www.techstuds.com/blog"
5.188.84.3 - - [01/Jun/2020:15:46:39 +0000] "GET /blog/what-is-gdpr-and-what-is-its-impact/ HTTP/1.1" 200 13686 "https://www.techstuds.com/" "Mozilla/5.0 (Windows NT 6.1; WOW64; rv:56.0) Gecko/20100101 Firefox/56.0,gzip(gfe)"
5.188.84.3 - - [01/Jun/2020:15:46:39 +0000] "GET /wp-login.php?action=register HTTP/1.1" 200 1544 "https://www.techstuds.com/" "Mozilla/5.0 (Windows NT 6.1; WOW64; rv:56.0) Gecko/20100101 Firefox/56.0,gzip(gfe)"
5.188.84.3 - - [01/Jun/2020:15:46:40 +0000] "GET /wp-login.php?action=register HTTP/1.1" 200 1544 "https://www.techstuds.com/wp-login.php?action=register" "Mozilla/5.0 (Windows NT 6.1; WOW64; rv:56.0) Gecko/20100101 Firefox/56.0,gzip(gfe)"
5.188.84.3 - - [01/Jun/2020:15:46:40 +0000] "GET /blog/what-is-gdpr-and-what-is-its-impact/ HTTP/1.1" 200 13686 "https://www.techstuds.com/" "Mozilla/5.0 (Windows NT 6.1; WOW64; rv:56.0) Gecko/20100101 Firefox/56.0,gzip(gfe)"
5.188.84.3 - - [01/Jun/2020:15:46:43 +0000] "POST /blog/wp-comments-post.php HTTP/1.1" 302 0 "https://www.techstuds.com/blog/what-is-gdpr-and-what-is-its-impact/" "Mozilla/5.0 (Windows NT 6.1; WOW64; rv:56.0) Gecko/20100101 Firefox/56.0,gzip(gfe)"
5.188.84.3 - - [01/Jun/2020:15:46:44 +0000] "GET /blog/what-is-gdpr-and-what-is-its-impact/?unapproved=10194&moderation-hash=3df0ca3fd0cdd5638399bd8e895cde93 HTTP/1.1" 200 14383 "https://www.techstuds.com/blog/wp-comments-post.php" "Mozilla/5.0 (Windows NT 6.1; WOW64; rv:56.0) Gecko/20100101 Firefox/56.0,gzip(gfe)"
5.188.84.3 - - [01/Jun/2020:15:46:45 +0000] "GET /blog/what-is-gdpr-and-what-is-its-impact/ HTTP/1.1" 200 13685 "-" "Mozilla/5.0 (Windows NT 6.1; WOW64; rv:56.0) Gecko/20100101 Firefox/56.0,gzip(gfe)"
41.27.243.218 - - [01/Jun/2020:15:49:09 +0000] "POST /blog/wp-cron.php?doing_wp_cron=1591026549.1443939208984375000000 HTTP/1.1" 200 0 "https://www.techstuds.com/blog/wp-cron.php?doing_wp_cron=1591026549.1443939208984375000000" "WordPress/5.2.6; https://www.techstuds.com/blog"
73.44.199.53 - - [01/Jun/2020:15:49:09 +0000] "GET /blog/join-in-mongodb/ HTTP/1.1" 200 12310 "https://www.google.com/" "Mozilla/5.0 (Windows NT 10.0; Win64; x64) AppleWebKit/537.36 (KHTML, like Gecko) Chrome/83.0.4103.61 Safari/537.36"
73.44.199.53 - - [01/Jun/2020:15:49:09 +0000] "GET /blog/wp-content/themes/ct-corporate?ver=5.2.6 HTTP/1.1" 301 366 "https://www.techstuds.com/blog/join-in-mongodb/" "Mozilla/5.0 (Windows NT 10.0; Win64; x64) AppleWebKit/537.36 (KHTML, like Gecko) Chrome/83.0.4103.61 Safari/537.36"
73.44.199.53 - - [01/Jun/2020:15:49:09 +0000] "GET /blog/wp-content/themes/ct-corporate/css/ct-corporate.css?ver=5.2.6 HTTP/1.1" 200 51663 "https://www.techstuds.com/blog/join-in-mongodb/" "Mozilla/5.0 (Windows NT 10.0; Win64; x64) AppleWebKit/537.36 (KHTML, like Gecko) Chrome/83.0.4103.61 Safari/537.36"
73.44.199.53 - - [01/Jun/2020:15:49:09 +0000] "GET /blog/wp-content/themes/ct-corporate/js/vendor.js?ver=5.2.6 HTTP/1.1" 200 20599 "https://www.techstuds.com/blog/join-in-mongodb/" "Mozilla/5.0 (Windows NT 10.0; Win64; x64) AppleWebKit/537.36 (KHTML, like Gecko) Chrome/83.0.4103.61 Safari/537.36"
73.44.199.53 - - [01/Jun/2020:15:49:09 +0000] "GET /blog/?custom-css=5f0c92a636 HTTP/1.1" 200 2107 "https://www.techstuds.com/blog/join-in-mongodb/" "Mozilla/5.0 (Windows NT 10.0; Win64; x64) AppleWebKit/537.36 (KHTML, like Gecko) Chrome/83.0.4103.61 Safari/537.36"
73.44.199.53 - - [01/Jun/2020:15:49:09 +0000] "GET /blog/wp-content/uploads/2018/05/mongodb-1.jpg HTTP/1.1" 200 126820 "https://www.techstuds.com/blog/join-in-mongodb/" "Mozilla/5.0 (Windows NT 10.0; Win64; x64) AppleWebKit/537.36 (KHTML, like Gecko) Chrome/83.0.4103.61 Safari/537.36"
73.44.199.53 - - [01/Jun/2020:15:49:09 +0000] "GET /blog/wp-content/themes/ct-corporate/js/vendor/mmenu.min.js?ver=v5.4.0 HTTP/1.1" 200 9982 "https://www.techstuds.com/blog/join-in-mongodb/" "Mozilla/5.0 (Windows NT 10.0; Win64; x64) AppleWebKit/537.36 (KHTML, like Gecko) Chrome/83.0.4103.61 Safari/537.36"
73.44.199.53 - - [01/Jun/2020:15:49:09 +0000] "GET /blog/wp-content/themes/ct-corporate/js/functions.js?ver=v3.3.2 HTTP/1.1" 200 1994 "https://www.techstuds.com/blog/join-in-mongodb/" "Mozilla/5.0 (Windows NT 10.0; Win64; x64) AppleWebKit/537.36 (KHTML, like Gecko) Chrome/83.0.4103.61 Safari/537.36"
73.44.199.53 - - [01/Jun/2020:15:49:09 +0000] "GET /blog/wp-content/themes/ct-corporate/js/slick.js?ver=v3.3.2 HTTP/1.1" 200 15121 "https://www.techstuds.com/blog/join-in-mongodb/" "Mozilla/5.0 (Windows NT 10.0; Win64; x64) AppleWebKit/537.36 (KHTML, like Gecko) Chrome/83.0.4103.61 Safari/537.36"
73.44.199.53 - - [01/Jun/2020:15:49:09 +0000] "GET /blog/wp-content/plugins/akismet/_inc/form.js?ver=4.1.1 HTTP/1.1" 200 318 "https://www.techstuds.com/blog/join-in-mongodb/" "Mozilla/5.0 (Windows NT 10.0; Win64; x64) AppleWebKit/537.36 (KHTML, like Gecko) Chrome/83.0.4103.61 Safari/537.36"
73.44.199.53 - - [01/Jun/2020:15:49:09 +0000] "GET /blog/wp-includes/js/wp-emoji-release.min.js?ver=5.2.6 HTTP/1.1" 200 4622 "https://www.techstuds.com/blog/join-in-mongodb/" "Mozilla/5.0 (Windows NT 10.0; Win64; x64) AppleWebKit/537.36 (KHTML, like Gecko) Chrome/83.0.4103.61 Safari/537.36"
73.44.199.53 - - [01/Jun/2020:15:49:09 +0000] "GET /blog/wp-content/themes/ct-corporate/img/cp-top-arrow.png HTTP/1.1" 200 249 "https://www.techstuds.com/blog/wp-content/themes/ct-corporate/css/ct-corporate.css?ver=5.2.6" "Mozilla/5.0 (Windows NT 10.0; Win64; x64) AppleWebKit/537.36 (KHTML, like Gecko) Chrome/83.0.4103.61 Safari/537.36"
